data/retail_demand_data.csv
date,sku_id,category,price,promotion,holiday,demand
2025-02-28,SKU_2,Electronics,90.85,0,0,85
2025-03-01,SKU_2,Electronics,39.41,0,0,104
2025-03-02,SKU_2,Electronics,51.76,0,0,101
2025-03-03,SKU_2,Electronics,98.25,0,0,84
2025-03-04,SKU_2,Electronics,69.28,0,0,88
2025-03-05,SKU_2,Electronics,19.29,0,0,102
2025-03-06,SKU_2,Electronics,94.45,0,0,72
2025-03-07,SKU_2,Electronics,98.52,0,0,67
2025-03-08,SKU_2,Electronics,14.75,0,0,108
2025-03-09,SKU_2,Electronics,51.21,0,0,104
2025-03-10,SKU_2,Electronics,61.99,0,0,81
2025-03-11,SKU_2,Electronics,84.12,0,0,81
2025-03-12,SKU_2,Electronics,42.63,0,0,100
2025-03-13,SKU_2,Electronics,39.54,0,0,87
2025-03-14,SKU_2,Electronics,29.91,0,0,83
2025-03-15,SKU_2,Electronics,82.76,0,0,90
2025-03-16,SKU_2,Electronics,37.3,0,0,111
2025-03-17,SKU_2,Electronics,20.68,1,0,126
2025-03-18,SKU_2,Electronics,12.94,0,0,105
2025-03-19,SKU_2,Electronics,46.7,0,0,95
2025-03-20,SKU_2,Electronics,60.6,1,0,108
2025-03-21,SKU_2,Electronics,16.16,0,0,97
2025-03-22,SKU_2,Electronics,94.46,0,0,87
2025-03-23,SKU_2,Electronics,16.91,0,0,115
2025-03-24,SKU_2,Electronics,85.03,0,0,71
2025-03-25,SKU_2,Electronics,65.06,0,0,80
2025-03-26,SKU_2,Electronics,41.94,0,0,91
2025-03-27,SKU_2,Electronics,70.82,0,0,83
2025-03-28,SKU_2,Electronics,26.36,0,0,100
2025-03-29,SKU_2,Electronics,84.46,0,0,91
2025-03-30,SKU_2,Electronics,89.14,0,0,87
2025-03-31,SKU_2,Electronics,30.82,0,0,106
2025-04-01,SKU_2,Electronics,29.84,1,0,123
2025-04-02,SKU_2,Electronics,94.09,0,0,80
2025-04-03,SKU_2,Electronics,46.29,0,0,96
2025-04-04,SKU_2,Electronics,57.82,0,0,86
2025-04-05,SKU_2,Electronics,84.2,0,0,101
2025-04-06,SKU_2,Electronics,84.96,0,0,98
2025-04-07,SKU_2,Electronics,44.11,0,0,94
2025-04-08,SKU_2,Electronics,32.61,1,0,122
2025-04-09,SKU_2,Electronics,37.76,0,0,102
2025-04-10,SKU_2,Electronics,39.27,0,0,95
2025-04-11,SKU_2,Electronics,41.12,0,0,97
2025-04-12,SKU_2,Electronics,82.49,0,0,92
2025-04-13,SKU_2,Electronics,33.93,0,0,110
2025-04-14,SKU_2,Electronics,12.32,1,0,137
2025-04-15,SKU_2,Electronics,20.83,0,0,106
2025-04-16,SKU_2,Electronics,26.31,1,0,118
2025-04-17,SKU_2,Electronics,59.18,0,0,92
2025-04-18,SKU_2,Electronics,24.42,0,0,98
2025-04-19,SKU_2,Electronics,90.82,0,0,84
2025-04-20,SKU_2,Electronics,45.38,0,0,109
2025-04-21,SKU_2,Electronics,31.04,0,0,106
2025-04-22,SKU_2,Electronics,85.15,0,0,84
2025-04-23,SKU_2,Electronics,47.77,1,0,116
2025-04-24,SKU_2,Electronics,13.55,0,0,94
2025-04-25,SKU_2,Electronics,62.49,0,0,95
2025-04-26,SKU_2,Electronics,80.86,0,0,93
2025-04-27,SKU_2,Electronics,45.79,0,0,104
2025-04-28,SKU_2,Electronics,58.98,1,0,120
2025-04-29,SKU_2,Electronics,91.38,0,0,75
2025-04-30,SKU_2,Electronics,59.49,0,0,89
2025-05-01,SKU_2,Electronics,82.51,0,0,80
2025-05-02,SKU_2,Electronics,30.35,0,0,98
2025-05-03,SKU_2,Electronics,88.36,0,0,87
2025-05-04,SKU_2,Electronics,29.0,0,0,94
2025-05-05,SKU_2,Electronics,45.51,0,0,92
2025-05-06,SKU_2,Electronics,24.52,0,0,107
2025-05-07,SKU_2,Electronics,23.85,0,0,102
2025-05-08,SKU_2,Electronics,34.14,0,0,92
2025-05-09,SKU_2,Electronics,15.1,0,0,95
2025-05-10,SKU_2,Electronics,45.27,0,0,100
2025-05-11,SKU_2,Electronics,33.38,0,0,111
2025-05-12,SKU_2,Electronics,90.61,0,0,76
2025-05-13,SKU_2,Electronics,31.65,0,0,95
2025-05-14,SKU_2,Electronics,84.35,0,0,88
2025-05-15,SKU_2,Electronics,24.07,0,0,103
2025-05-16,SKU_2,Electronics,42.44,0,0,89
2025-05-17,SKU_2,Electronics,99.33,0,0,93
2025-05-18,SKU_2,Electronics,98.96,0,0,93
2025-05-19,SKU_2,Electronics,36.05,0,0,106
2025-05-20,SKU_2,Electronics,65.75,0,0,81
2025-05-21,SKU_2,Electronics,60.78,0,0,81
2025-05-22,SKU_2,Electronics,28.14,0,0,101
2025-05-23,SKU_2,Electronics,60.06,0,0,92
2025-05-24,SKU_2,Electronics,11.46,0,0,110
2025-05-25,SKU_2,Electronics,32.77,0,0,105
2025-05-26,SKU_2,Electronics,19.26,0,0,107
2025-05-27,SKU_2,Electronics,70.88,0,0,89
2025-05-28,SKU_2,Electronics,64.28,0,0,93
2025-05-29,SKU_2,Electronics,34.83,0,0,107
2025-05-30,SKU_2,Electronics,30.36,0,0,94
2025-05-31,SKU_2,Electronics,77.24,0,0,99
2025-06-01,SKU_2,Electronics,15.39,0,0,115
2025-06-02,SKU_2,Electronics,14.05,0,0,99
2025-06-03,SKU_2,Electronics,40.72,0,0,100
2025-06-04,SKU_2,Electronics,51.88,0,0,93
2025-06-05,SKU_2,Electronics,17.34,0,0,98
2025-06-06,SKU_2,Electronics,25.72,0,0,110
2025-06-07,SKU_2,Electronics,69.74,0,0,99
2025-06-08,SKU_2,Electronics,55.03,0,0,107
2025-06-09,SKU_2,Electronics,18.09,0,0,95
2025-06-10,SKU_2,Electronics,46.59,1,0,125
2025-06-11,SKU_2,Electronics,74.32,0,0,88
2025-06-12,SKU_2,Electronics,91.02,0,0,72
2025-06-13,SKU_2,Electronics,70.87,0,0,89
2025-06-14,SKU_2,Electronics,10.1,0,0,117
2025-06-15,SKU_2,Electronics,29.61,0,0,116
2025-06-16,SKU_2,Electronics,11.46,0,0,113
2025-06-17,SKU_2,Electronics,39.12,0,0,100
2025-06-18,SKU_2,Electronics,22.11,0,0,112
2025-06-19,SKU_2,Electronics,84.84,0,0,85
2025-06-20,SKU_2,Electronics,46.18,0,0,98
2025-06-21,SKU_2,Electronics,80.18,0,0,90
2025-06-22,SKU_2,Electronics,11.16,0,0,122
2025-06-23,SKU_2,Electronics,86.6,0,0,83
2025-06-24,SKU_2,Electronics,17.66,0,0,107
2025-06-25,SKU_2,Electronics,44.2,0,0,88
2025-06-26,SKU_2,Electronics,18.55,0,0,111
2025-06-27,SKU_2,Electronics,18.7,0,0,111
2025-06-28,SKU_2,Electronics,99.6,0,0,77
2025-06-29,SKU_2,Electronics,83.12,0,0,88
2025-06-30,SKU_2,Electronics,70.53,0,0,83
2025-07-01,SKU_2,Electronics,38.37,0,0,99
2025-07-02,SKU_2,Electronics,62.06,0,0,86
2025-07-03,SKU_2,Electronics,73.06,0,0,90
2025-07-04,SKU_2,Electronics,75.72,0,0,88
2025-07-05,SKU_2,Electronics,26.8,0,0,122
2025-07-06,SKU_2,Electronics,27.66,0,0,106
2025-07-07,SKU_2,Electronics,96.71,0,0,80
2025-07-08,SKU_2,Electronics,58.72,0,0,87
2025-07-09,SKU_2,Electronics,15.13,0,0,106
2025-07-10,SKU_2,Electronics,31.04,0,0,96
2025-07-11,SKU_2,Electronics,83.81,0,0,84
2025-07-12,SKU_2,Electronics,32.71,0,0,107
2025-07-13,SKU_2,Electronics,65.23,0,0,108
2025-07-14,SKU_2,Electronics,67.69,0,0,92
2025-07-15,SKU_2,Electronics,27.09,0,0,104
2025-07-16,SKU_2,Electronics,92.02,0,0,91
2025-07-17,SKU_2,Electronics,38.42,0,0,93
2025-07-18,SKU_2,Electronics,45.63,0,0,102
2025-07-19,SKU_2,Electronics,50.88,0,0,108
2025-07-20,SKU_2,Electronics,20.84,0,0,113
2025-07-21,SKU_2,Electronics,97.24,0,0,78
2025-07-22,SKU_2,Electronics,55.53,0,0,92
2025-07-23,SKU_2,Electronics,69.23,0,0,83
2025-07-24,SKU_2,Electronics,89.49,0,0,75
2025-07-25,SKU_2,Electronics,44.85,0,0,93
2025-07-26,SKU_2,Electronics,15.53,0,0,125
2025-07-27,SKU_2,Electronics,94.65,0,0,94
2025-07-28,SKU_2,Electronics,52.97,0,0,95
2025-07-29,SKU_2,Electronics,62.36,0,0,83
2025-07-30,SKU_2,Electronics,45.26,0,0,91
2025-07-31,SKU_2,Electronics,76.09,0,0,98
2025-08-01,SKU_2,Electronics,61.93,0,0,97
2025-08-02,SKU_2,Electronics,82.27,0,0,91
2025-08-03,SKU_2,Electronics,91.72,0,0,93
2025-08-04,SKU_2,Electronics,36.67,0,0,99
2025-08-05,SKU_2,Electronics,63.61,0,0,91
2025-08-06,SKU_2,Electronics,94.56,0,0,84
2025-08-07,SKU_2,Electronics,17.22,0,0,112
2025-08-08,SKU_2,Electronics,66.71,0,0,93
2025-08-09,SKU_2,Electronics,94.68,0,0,95
2025-08-10,SKU_2,Electronics,88.76,0,0,96
2025-08-11,SKU_2,Electronics,94.23,0,0,69
2025-08-12,SKU_2,Electronics,53.32,0,0,91
2025-08-13,SKU_2,Electronics,67.96,0,0,88
2025-08-14,SKU_2,Electronics,14.91,0,0,110
2025-08-15,SKU_2,Electronics,29.47,0,0,103
2025-08-16,SKU_2,Electronics,14.35,0,0,118
2025-08-17,SKU_2,Electronics,41.78,0,0,110
2025-08-18,SKU_2,Electronics,59.92,0,0,95
2025-08-19,SKU_2,Electronics,63.87,0,0,97
2025-08-20,SKU_2,Electronics,96.22,0,0,93
2025-08-21,SKU_2,Electronics,66.31,0,0,95
2025-08-22,SKU_2,Electronics,26.64,0,0,103
2025-08-23,SKU_2,Electronics,57.11,0,0,100
2025-08-24,SKU_2,Electronics,69.99,0,0,99
2025-08-25,SKU_2,Electronics,26.6,0,0,99
2025-08-26,SKU_2,Electronics,44.8,0,0,97
2025-08-27,SKU_2,Electronics,53.5,0,0,92
2025-08-28,SKU_2,Electronics,85.52,0,0,85
2025-08-29,SKU_2,Electronics,16.4,0,0,100
2025-08-30,SKU_2,Electronics,60.94,0,0,103
2025-08-31,SKU_2,Electronics,14.38,1,0,147
2025-09-01,SKU_2,Electronics,13.97,0,0,108
2025-09-02,SKU_2,Electronics,14.1,0,0,100
2025-09-03,SKU_2,Electronics,85.79,1,0,108
2025-09-04,SKU_2,Electronics,21.42,0,0,103
2025-09-05,SKU_2,Electronics,56.67,0,0,90
2025-09-06,SKU_2,Electronics,71.59,1,0,118
2025-09-07,SKU_2,Electronics,22.83,1,0,144
2025-09-08,SKU_2,Electronics,10.38,0,0,97
2025-09-09,SKU_2,Electronics,67.76,0,0,89
2025-09-10,SKU_2,Electronics,12.16,0,0,94
2025-09-11,SKU_2,Electronics,25.94,0,0,111
2025-09-12,SKU_2,Electronics,45.38,0,0,101
2025-09-13,SKU_2,Electronics,18.73,0,0,118
2025-09-14,SKU_2,Electronics,59.22,0,0,101
2025-09-15,SKU_2,Electronics,93.02,0,0,82
2025-09-16,SKU_2,Electronics,80.42,0,0,85
2025-09-17,SKU_2,Electronics,31.66,1,0,127
2025-09-18,SKU_2,Electronics,45.94,0,0,98
2025-09-19,SKU_2,Electronics,98.04,0,0,84
2025-09-20,SKU_2,Electronics,75.78,0,0,96
2025-09-21,SKU_2,Electronics,62.05,0,0,105
2025-09-22,SKU_2,Electronics,15.37,0,0,109
2025-09-23,SKU_2,Electronics,22.6,0,0,111
2025-09-24,SKU_2,Electronics,56.77,0,0,83
2025-09-25,SKU_2,Electronics,22.17,1,0,125
2025-09-26,SKU_2,Electronics,24.29,0,0,112
2025-09-27,SKU_2,Electronics,89.16,1,0,117
2025-09-28,SKU_2,Electronics,53.54,0,0,100
2025-09-29,SKU_2,Electronics,42.2,0,0,106
2025-09-30,SKU_2,Electronics,52.46,0,0,105
2025-10-01,SKU_2,Electronics,61.33,0,0,97
2025-10-02,SKU_2,Electronics,41.93,0,0,95
2025-10-03,SKU_2,Electronics,60.75,0,0,98
2025-10-04,SKU_2,Electronics,81.66,0,0,92
2025-10-05,SKU_2,Electronics,64.91,0,0,97
2025-10-06,SKU_2,Electronics,47.72,0,0,97
2025-10-07,SKU_2,Electronics,56.23,0,0,86
2025-10-08,SKU_2,Electronics,12.16,0,0,108
2025-10-09,SKU_2,Electronics,94.73,0,0,83
2025-10-10,SKU_2,Electronics,66.31,0,0,85
2025-10-11,SKU_2,Electronics,46.66,0,0,113
2025-10-12,SKU_2,Electronics,12.03,0,0,119
2025-10-13,SKU_2,Electronics,61.94,0,0,94
2025-10-14,SKU_2,Electronics,48.67,0,0,102
2025-10-15,SKU_2,Electronics,92.17,0,0,78
2025-10-16,SKU_2,Electronics,27.88,0,0,105
2025-10-17,SKU_2,Electronics,37.58,0,0,111
2025-10-18,SKU_2,Electronics,65.39,0,0,109
2025-10-19,SKU_2,Electronics,17.9,0,0,117
2025-10-20,SKU_2,Electronics,35.5,0,0,95
2025-10-21,SKU_2,Electronics,83.07,0,0,93
2025-10-22,SKU_2,Electronics,11.81,1,0,137
2025-10-23,SKU_2,Electronics,89.76,0,0,97
2025-10-24,SKU_2,Electronics,71.12,0,0,83
2025-10-25,SKU_2,Electronics,99.73,1,0,112
2025-10-26,SKU_2,Electronics,14.43,0,0,123
2025-10-27,SKU_2,Electronics,90.76,0,0,81
2025-10-28,SKU_2,Electronics,87.32,0,0,83
2025-10-29,SKU_2,Electronics,70.74,0,0,95
2025-10-30,SKU_2,Electronics,38.13,0,0,97
2025-10-31,SKU_2,Electronics,28.87,0,0,104
2025-11-01,SKU_2,Electronics,37.3,1,0,157
2025-11-02,SKU_2,Electronics,78.93,0,0,114
2025-11-03,SKU_2,Electronics,75.64,0,0,108
2025-11-04,SKU_2,Electronics,28.61,0,0,114
2025-11-05,SKU_2,Electronics,68.07,0,0,112
2025-11-06,SKU_2,Electronics,30.9,0,0,116
2025-11-07,SKU_2,Electronics,80.5,0,0,105
2025-11-08,SKU_2,Electronics,43.32,1,0,157
2025-11-09,SKU_2,Electronics,26.45,0,0,136
2025-11-10,SKU_2,Electronics,43.9,1,0,142
2025-11-11,SKU_2,Electronics,19.81,0,0,126
2025-11-12,SKU_2,Electronics,38.52,0,0,122
2025-11-13,SKU_2,Electronics,87.28,0,0,108
2025-11-14,SKU_2,Electronics,78.82,0,0,111
2025-11-15,SKU_2,Electronics,71.43,1,0,142
2025-11-16,SKU_2,Electronics,55.05,0,0,127
2025-11-17,SKU_2,Electronics,38.09,0,0,132
2025-11-18,SKU_2,Electronics,87.53,0,0,113
2025-11-19,SKU_2,Electronics,83.08,0,0,102
2025-11-20,SKU_2,Electronics,38.16,1,0,152
2025-11-21,SKU_2,Electronics,32.71,0,0,128
2025-11-22,SKU_2,Electronics,25.2,0,0,136
2025-11-23,SKU_2,Electronics,86.42,0,0,116
2025-11-24,SKU_2,Electronics,25.15,0,0,126
2025-11-25,SKU_2,Electronics,74.83,0,0,117
2025-11-26,SKU_2,Electronics,64.39,0,0,120
2025-11-27,SKU_2,Electronics,73.84,0,0,110
2025-11-28,SKU_2,Electronics,85.5,0,0,114
2025-11-29,SKU_2,Electronics,89.14,0,0,122
2025-11-30,SKU_2,Electronics,20.13,0,0,142
2025-12-01,SKU_2,Electronics,96.53,0,0,103
2025-12-02,SKU_2,Electronics,66.82,0,0,109
2025-12-03,SKU_2,Electronics,36.84,1,0,143
2025-12-04,SKU_2,Electronics,45.38,0,0,122
2025-12-05,SKU_2,Electronics,42.15,0,0,121
2025-12-06,SKU_2,Electronics,56.85,0,0,131
2025-12-07,SKU_2,Electronics,55.7,0,0,126
2025-12-08,SKU_2,Electronics,98.45,0,0,103
2025-12-09,SKU_2,Electronics,63.58,0,0,114
2025-12-10,SKU_2,Electronics,48.0,0,0,116
2025-12-11,SKU_2,Electronics,68.39,0,0,116
2025-12-12,SKU_2,Electronics,51.22,0,0,122
2025-12-13,SKU_2,Electronics,38.88,0,0,128
2025-12-14,SKU_2,Electronics,99.62,0,0,118
2025-12-15,SKU_2,Electronics,14.93,0,0,128
2025-12-16,SKU_2,Electronics,47.68,0,0,116
2025-12-17,SKU_2,Electronics,16.08,0,0,131
2025-12-18,SKU_2,Electronics,93.59,0,0,101
2025-12-19,SKU_2,Electronics,41.39,0,0,120
2025-12-20,SKU_2,Electronics,65.92,0,0,121
2025-12-21,SKU_2,Electronics,99.49,0,0,116
2025-12-22,SKU_2,Electronics,14.84,0,0,136
2025-12-23,SKU_2,Electronics,49.98,0,0,117
2025-12-24,SKU_2,Electronics,55.8,0,0,118
2025-12-25,SKU_2,Electronics,98.82,0,1,144
2025-12-26,SKU_2,Electronics,32.37,0,0,125
2025-12-27,SKU_2,Electronics,18.76,0,0,138
2025-12-28,SKU_2,Electronics,41.1,0,0,135
2025-12-29,SKU_2,Electronics,84.48,0,0,106
2025-12-30,SKU_2,Electronics,37.7,0,0,119
2025-12-31,SKU_2,Electronics,26.84,0,0,122
2024-01-01,SKU_3,Electronics,42.69,0,1,111
2024-01-02,SKU_3,Electronics,76.37,0,0,59
2024-01-03,SKU_3,Electronics,85.6,0,0,63
2024-01-04,SKU_3,Electronics,38.32,1,0,91
2024-01-05,SKU_3,Electronics,85.99,0,0,57
2024-01-06,SKU_3,Electronics,39.37,0,0,82
2024-01-07,SKU_3,Electronics,78.48,0,0,77
2024-01-08,SKU_3,Electronics,49.61,0,0,66
2024-01-09,SKU_3,Electronics,29.11,0,0,72
2024-01-10,SKU_3,Electronics,98.27,0,0,53
2024-01-11,SKU_3,Electronics,55.33,0,0,64
2024-01-12,SKU_3,Electronics,73.08,0,0,68
2024-01-13,SKU_3,Electronics,50.25,0,0,79
2024-01-14,SKU_3,Electronics,69.7,0,0,76
2024-01-15,SKU_3,Electronics,46.13,0,0,65
2024-01-16,SKU_3,Electronics,95.57,0,0,57
2024-01-17,SKU_3,Electronics,33.48,0,0,76
2024-01-18,SKU_3,Electronics,73.54,0,0,62
2024-01-19,SKU_3,Electronics,84.62,0,0,69
2024-01-20,SKU_3,Electronics,53.03,0,0,77
2024-01-21,SKU_3,Electronics,66.57,0,0,68
2024-01-22,SKU_3,Electronics,77.11,0,0,70
2024-01-23,SKU_3,Electronics,72.69,0,0,70
2024-01-24,SKU_3,Electronics,65.73,1,0,91
2024-01-25,SKU_3,Electronics,71.99,0,0,53
2024-01-26,SKU_3,Electronics,97.1,0,0,55
2024-01-27,SKU_3,Electronics,60.8,0,0,75
2024-01-28,SKU_3,Electronics,78.34,0,0,72
2024-01-29,SKU_3,Electronics,27.38,0,0,63
2024-01-30,SKU_3,Electronics,56.56,0,0,54
2024-01-31,SKU_3,Electronics,27.94,0,0,70
2024-02-01,SKU_3,Electronics,86.83,0,0,56
2024-02-02,SKU_3,Electronics,42.44,0,0,63
2024-02-03,SKU_3,Electronics,30.84,0,0,84
2024-02-04,SKU_3,Electronics,45.75,0,0,82
2024-02-05,SKU_3,Electronics,20.03,0,0,74
2024-02-06,SKU_3,Electronics,62.34,0,0,59
2024-02-07,SKU_3,Electronics,35.41,0,0,76
2024-02-08,SKU_3,Electronics,88.9,0,0,51
2024-02-09,SKU_3,Electronics,28.11,0,0,79
2024-02-10,SKU_3,Electronics,20.34,0,0,87
2024-02-11,SKU_3,Electronics,62.11,0,0,73
2024-02-12,SKU_3,Electronics,38.26,0,0,64
2024-02-13,SKU_3,Electronics,17.84,0,0,77
2024-02-14,SKU_3,Electronics,72.23,0,0,65
2024-02-15,SKU_3,Electronics,27.13,0,0,68
2024-02-16,SKU_3,Electronics,59.82,1,0,87
2024-02-17,SKU_3,Electronics,75.26,0,0,61
2024-02-18,SKU_3,Electronics,84.96,0,0,59
2024-02-19,SKU_3,Electronics,13.7,0,0,84
2024-02-20,SKU_3,Electronics,50.14,0,0,74
2024-02-21,SKU_3,Electronics,65.73,0,0,54
2024-02-22,SKU_3,Electronics,69.55,0,0,60
2024-02-23,SKU_3,Electronics,53.62,0,0,65
2024-02-24,SKU_3,Electronics,44.24,0,0,80
2024-02-25,SKU_3,Electronics,65.18,0,0,68
2024-02-26,SKU_3,Electronics,36.97,0,0,72
2024-02-27,SKU_3,Electronics,71.26,0,0,64
2024-02-28,SKU_3,Electronics,55.99,0,0,63
2024-02-29,SKU_3,Electronics,42.22,0,0,70
2024-03-01,SKU_3,Electronics,44.89,0,0,72
2024-03-02,SKU_3,Electronics,94.48,0,0,61
2024-03-03,SKU_3,Electronics,73.08,0,0,70
2024-03-04,SKU_3,Electronics,94.31,0,0,60
2024-03-05,SKU_3,Electronics,54.75,0,0,68
2024-03-06,SKU_3,Electronics,27.26,0,0,80
2024-03-07,SKU_3,Electronics,62.55,0,0,67
2024-03-08,SKU_3,Electronics,42.05,0,0,68
2024-03-09,SKU_3,Electronics,34.67,0,0,85
2024-03-10,SKU_3,Electronics,20.72,0,0,91
2024-03-11,SKU_3,Electronics,35.78,0,0,81
2024-03-12,SKU_3,Electronics,73.39,0,0,62
2024-03-13,SKU_3,Electronics,76.49,1,0,80
2024-03-14,SKU_3,Electronics,27.36,0,0,70
2024-03-15,SKU_3,Electronics,57.9,0,0,69
2024-03-16,SKU_3,Electronics,15.16,0,0,91
2024-03-17,SKU_3,Electronics,73.67,0,0,74
2024-03-18,SKU_3,Electronics,21.17,0,0,78
2024-03-19,SKU_3,Electronics,74.9,0,0,58
2024-03-20,SKU_3,Electronics,12.23,0,0,74
2024-03-21,SKU_3,Electronics,46.71,0,0,66
2024-03-22,SKU_3,Electronics,83.18,0,0,56
2024-03-23,SKU_3,Electronics,79.7,0,0,70
2024-03-24,SKU_3,Electronics,77.5,0,0,58
2024-03-25,SKU_3,Electronics,22.32,0,0,69
2024-03-26,SKU_3,Electronics,85.28,0,0,54
2024-03-27,SKU_3,Electronics,38.44,0,0,72
2024-03-28,SKU_3,Electronics,39.21,0,0,69
2024-03-29,SKU_3,Electronics,40.35,0,0,68
2024-03-30,SKU_3,Electronics,52.78,0,0,73
2024-03-31,SKU_3,Electronics,77.51,0,0,76
2024-04-01,SKU_3,Electronics,32.98,0,0,73
2024-04-02,SKU_3,Electronics,44.02,0,0,70
2024-04-03,SKU_3,Electronics,46.21,0,0,71
2024-04-04,SKU_3,Electronics,44.46,0,0,72
2024-04-05,SKU_3,Electronics,32.58,1,0,107
2024-04-06,SKU_3,Electronics,45.39,0,0,85
2024-04-07,SKU_3,Electronics,68.84,0,0,74
2024-04-08,SKU_3,Electronics,65.55,0,0,62
2024-04-09,SKU_3,Electronics,99.39,0,0,56
2024-04-10,SKU_3,Electronics,60.82,0,0,56
2024-04-11,SKU_3,Electronics,86.34,0,0,58
2024-04-12,SKU_3,Electronics,36.1,0,0,69
2024-04-13,SKU_3,Electronics,18.61,0,0,84
2024-04-14,SKU_3,Electronics,20.2,0,0,88
2024-04-15,SKU_3,Electronics,15.75,0,0,73
2024-04-16,SKU_3,Electronics,29.83,0,0,70
2024-04-17,SKU_3,Electronics,91.56,0,0,56
2024-04-18,SKU_3,Electronics,57.95,0,0,68
2024-04-19,SKU_3,Electronics,45.47,0,0,74
2024-04-20,SKU_3,Electronics,41.13,0,0,79
2024-04-21,SKU_3,Electronics,27.28,0,0,88
2024-04-22,SKU_3,Electronics,34.44,0,0,78
2024-04-23,SKU_3,Electronics,70.28,0,0,60
2024-04-24,SKU_3,Electronics,36.82,0,0,67
2024-04-25,SKU_3,Electronics,28.81,0,0,77
