data/retail_demand_data.csv
date,sku_id,category,price,promotion,holiday,demand
2024-04-26,SKU_3,Electronics,94.98,0,0,55
2024-04-27,SKU_3,Electronics,49.85,0,0,79
2024-04-28,SKU_3,Electronics,28.54,0,0,85
2024-04-29,SKU_3,Electronics,85.47,1,0,85
2024-04-30,SKU_3,Electronics,38.61,0,0,59
2024-05-01,SKU_3,Electronics,65.91,0,0,65
2024-05-02,SKU_3,Electronics,97.93,0,0,53
2024-05-03,SKU_3,Electronics,83.18,0,0,52
2024-05-04,SKU_3,Electronics,48.58,0,0,73
2024-05-05,SKU_3,Electronics,93.13,0,0,69
2024-05-06,SKU_3,Electronics,12.92,1,0,101
2024-05-07,SKU_3,Electronics,31.8,0,0,69
2024-05-08,SKU_3,Electronics,95.91,0,0,50
2024-05-09,SKU_3,Electronics,66.6,0,0,55
2024-05-10,SKU_3,Electronics,86.55,0,0,59
2024-05-11,SKU_3,Electronics,34.66,0,0,92
2024-05-12,SKU_3,Electronics,54.03,0,0,76
2024-05-13,SKU_3,Electronics,93.19,0,0,53
2024-05-14,SKU_3,Electronics,36.03,0,0,81
2024-05-15,SKU_3,Electronics,95.86,0,0,49
2024-05-16,SKU_3,Electronics,61.95,0,0,71
2024-05-17,SKU_3,Electronics,35.41,0,0,70
2024-05-18,SKU_3,Electronics,33.08,0,0,84
2024-05-19,SKU_3,Electronics,37.96,0,0,90
2024-05-20,SKU_3,Electronics,87.12,0,0,47
2024-05-21,SKU_3,Electronics,74.56,0,0,59
2024-05-22,SKU_3,Electronics,94.5,0,0,55
2024-05-23,SKU_3,Electronics,72.02,0,0,53
2024-05-24,SKU_3,Electronics,99.71,0,0,50
2024-05-25,SKU_3,Electronics,75.42,0,0,71
2024-05-26,SKU_3,Electronics,29.86,0,0,83
2024-05-27,SKU_3,Electronics,55.25,0,0,72
2024-05-28,SKU_3,Electronics,68.57,0,0,58
2024-05-29,SKU_3,Electronics,74.38,0,0,64
2024-05-30,SKU_3,Electronics,28.13,1,0,107
2024-05-31,SKU_3,Electronics,51.11,0,0,67
2024-06-01,SKU_3,Electronics,14.72,0,0,82
2024-06-02,SKU_3,Electronics,73.51,0,0,71
2024-06-03,SKU_3,Electronics,21.22,0,0,79
2024-06-04,SKU_3,Electronics,17.13,0,0,81
2024-06-05,SKU_3,Electronics,11.75,0,0,79
2024-06-06,SKU_3,Electronics,51.14,1,0,88
2024-06-07,SKU_3,Electronics,60.57,0,0,67
2024-06-08,SKU_3,Electronics,81.28,0,0,66
2024-06-09,SKU_3,Electronics,32.58,1,0,114
2024-06-10,SKU_3,Electronics,53.87,0,0,68
2024-06-11,SKU_3,Electronics,15.15,1,0,110
2024-06-12,SKU_3,Electronics,52.5,0,0,69
2024-06-13,SKU_3,Electronics,95.69,0,0,59
2024-06-14,SKU_3,Electronics,83.85,0,0,64
2024-06-15,SKU_3,Electronics,50.28,0,0,75
2024-06-16,SKU_3,Electronics,16.69,0,0,96
2024-06-17,SKU_3,Electronics,88.27,0,0,67
2024-06-18,SKU_3,Electronics,33.28,0,0,73
2024-06-19,SKU_3,Electronics,81.48,0,0,63
2024-06-20,SKU_3,Electronics,61.32,0,0,67
2024-06-21,SKU_3,Electronics,94.81,0,0,66
2024-06-22,SKU_3,Electronics,29.18,0,0,88
2024-06-23,SKU_3,Electronics,96.03,0,0,68
2024-06-24,SKU_3,Electronics,15.01,0,0,79
2024-06-25,SKU_3,Electronics,15.2,0,0,78
2024-06-26,SKU_3,Electronics,18.15,0,0,78
2024-06-27,SKU_3,Electronics,22.0,0,0,80
2024-06-28,SKU_3,Electronics,90.62,0,0,59
2024-06-29,SKU_3,Electronics,31.57,0,0,85
2024-06-30,SKU_3,Electronics,81.7,0,0,69
2024-07-01,SKU_3,Electronics,73.49,0,0,66
2024-07-02,SKU_3,Electronics,22.92,0,0,74
2024-07-03,SKU_3,Electronics,26.39,0,0,83
2024-07-04,SKU_3,Electronics,73.63,0,0,63
2024-07-05,SKU_3,Electronics,88.53,0,0,57
2024-07-06,SKU_3,Electronics,69.4,1,0,91
2024-07-07,SKU_3,Electronics,21.83,0,0,91
2024-07-08,SKU_3,Electronics,21.2,0,0,71
2024-07-09,SKU_3,Electronics,59.53,0,0,77
2024-07-10,SKU_3,Electronics,39.07,0,0,74
2024-07-11,SKU_3,Electronics,24.46,0,0,75
2024-07-12,SKU_3,Electronics,30.73,0,0,72
2024-07-13,SKU_3,Electronics,83.96,0,0,72
2024-07-14,SKU_3,Electronics,95.37,0,0,63
2024-07-15,SKU_3,Electronics,10.61,0,0,82
2024-07-16,SKU_3,Electronics,57.02,0,0,76
2024-07-17,SKU_3,Electronics,80.77,0,0,59
2024-07-18,SKU_3,Electronics,10.7,0,0,87
2024-07-19,SKU_3,Electronics,98.78,0,0,52
2024-07-20,SKU_3,Electronics,83.33,0,0,62
2024-07-21,SKU_3,Electronics,37.87,0,0,85
2024-07-22,SKU_3,Electronics,16.2,0,0,82
2024-07-23,SKU_3,Electronics,29.81,0,0,79
2024-07-24,SKU_3,Electronics,74.38,0,0,61
2024-07-25,SKU_3,Electronics,78.43,0,0,56
2024-07-26,SKU_3,Electronics,88.44,0,0,59
2024-07-27,SKU_3,Electronics,50.0,0,0,86
2024-07-28,SKU_3,Electronics,34.1,0,0,80
2024-07-29,SKU_3,Electronics,18.23,0,0,74
2024-07-30,SKU_3,Electronics,67.21,0,0,68
2024-07-31,SKU_3,Electronics,79.99,1,0,83
2024-08-01,SKU_3,Electronics,49.98,0,0,68
2024-08-02,SKU_3,Electronics,87.6,0,0,65
2024-08-03,SKU_3,Electronics,45.71,0,0,94
2024-08-04,SKU_3,Electronics,61.24,0,0,86
2024-08-05,SKU_3,Electronics,59.22,0,0,68
2024-08-06,SKU_3,Electronics,50.02,0,0,70
2024-08-07,SKU_3,Electronics,93.67,0,0,55
2024-08-08,SKU_3,Electronics,68.72,0,0,64
2024-08-09,SKU_3,Electronics,36.82,0,0,71
2024-08-10,SKU_3,Electronics,24.72,0,0,93
2024-08-11,SKU_3,Electronics,90.98,0,0,61
2024-08-12,SKU_3,Electronics,49.48,0,0,71
2024-08-13,SKU_3,Electronics,33.9,0,0,72
2024-08-14,SKU_3,Electronics,32.66,0,0,76
2024-08-15,SKU_3,Electronics,33.86,0,0,81
2024-08-16,SKU_3,Electronics,99.91,0,0,54
2024-08-17,SKU_3,Electronics,53.97,0,0,78
2024-08-18,SKU_3,Electronics,70.02,0,0,77
2024-08-19,SKU_3,Electronics,21.62,0,0,78
2024-08-20,SKU_3,Electronics,67.88,0,0,70
2024-08-21,SKU_3,Electronics,50.04,0,0,63
2024-08-22,SKU_3,Electronics,22.02,0,0,85
2024-08-23,SKU_3,Electronics,50.85,1,0,93
2024-08-24,SKU_3,Electronics,61.5,0,0,76
2024-08-25,SKU_3,Electronics,81.02,0,0,65
2024-08-26,SKU_3,Electronics,68.88,0,0,63
2024-08-27,SKU_3,Electronics,11.95,0,0,75
2024-08-28,SKU_3,Electronics,71.29,0,0,64
2024-08-29,SKU_3,Electronics,32.96,0,0,81
2024-08-30,SKU_3,Electronics,77.66,0,0,56
2024-08-31,SKU_3,Electronics,15.78,0,0,93
2024-09-01,SKU_3,Electronics,84.25,0,0,70
2024-09-02,SKU_3,Electronics,95.22,0,0,63
2024-09-03,SKU_3,Electronics,45.82,0,0,71
2024-09-04,SKU_3,Electronics,98.29,1,0,84
2024-09-05,SKU_3,Electronics,83.52,0,0,65
2024-09-06,SKU_3,Electronics,15.14,0,0,86
2024-09-07,SKU_3,Electronics,70.02,0,0,77
2024-09-08,SKU_3,Electronics,98.48,1,0,88
2024-09-09,SKU_3,Electronics,88.24,0,0,59
2024-09-10,SKU_3,Electronics,22.35,0,0,88
2024-09-11,SKU_3,Electronics,41.67,1,0,108
2024-09-12,SKU_3,Electronics,32.88,0,0,73
2024-09-13,SKU_3,Electronics,12.25,0,0,83
2024-09-14,SKU_3,Electronics,66.87,0,0,85
2024-09-15,SKU_3,Electronics,62.43,0,0,83
2024-09-16,SKU_3,Electronics,88.27,0,0,63
2024-09-17,SKU_3,Electronics,46.1,0,0,71
2024-09-18,SKU_3,Electronics,57.29,0,0,72
2024-09-19,SKU_3,Electronics,28.26,0,0,77
2024-09-20,SKU_3,Electronics,85.46,0,0,63
2024-09-21,SKU_3,Electronics,71.82,0,0,76
2024-09-22,SKU_3,Electronics,72.45,0,0,78
2024-09-23,SKU_3,Electronics,78.33,0,0,59
2024-09-24,SKU_3,Electronics,40.9,0,0,75
2024-09-25,SKU_3,Electronics,64.2,0,0,72
2024-09-26,SKU_3,Electronics,69.43,0,0,62
2024-09-27,SKU_3,Electronics,70.55,0,0,68
2024-09-28,SKU_3,Electronics,11.73,0,0,93
2024-09-29,SKU_3,Electronics,12.97,0,0,95
2024-09-30,SKU_3,Electronics,65.91,0,0,70
2024-10-01,SKU_3,Electronics,53.52,0,0,73
2024-10-02,SKU_3,Electronics,90.56,0,0,55
2024-10-03,SKU_3,Electronics,41.57,0,0,74
2024-10-04,SKU_3,Electronics,93.52,1,0,89
2024-10-05,SKU_3,Electronics,10.21,0,0,85
2024-10-06,SKU_3,Electronics,27.7,0,0,86
2024-10-07,SKU_3,Electronics,28.51,1,0,96
2024-10-08,SKU_3,Electronics,71.56,0,0,67
2024-10-09,SKU_3,Electronics,56.88,0,0,65
2024-10-10,SKU_3,Electronics,40.21,0,0,74
2024-10-11,SKU_3,Electronics,56.33,0,0,64
2024-10-12,SKU_3,Electronics,50.71,0,0,81
2024-10-13,SKU_3,Electronics,85.6,0,0,66
2024-10-14,SKU_3,Electronics,24.84,0,0,79
2024-10-15,SKU_3,Electronics,42.93,0,0,70
2024-10-16,SKU_3,Electronics,11.59,0,0,79
2024-10-17,SKU_3,Electronics,25.5,0,0,81
2024-10-18,SKU_3,Electronics,48.23,0,0,58
2024-10-19,SKU_3,Electronics,26.51,0,0,88
2024-10-20,SKU_3,Electronics,30.36,0,0,86
2024-10-21,SKU_3,Electronics,89.83,0,0,55
2024-10-22,SKU_3,Electronics,83.54,0,0,58
2024-10-23,SKU_3,Electronics,54.03,0,0,66
2024-10-24,SKU_3,Electronics,94.64,0,0,59
2024-10-25,SKU_3,Electronics,31.54,1,0,100
2024-10-26,SKU_3,Electronics,34.43,0,0,98
2024-10-27,SKU_3,Electronics,24.63,0,0,82
2024-10-28,SKU_3,Electronics,71.25,0,0,60
2024-10-29,SKU_3,Electronics,51.2,0,0,70
2024-10-30,SKU_3,Electronics,62.16,0,0,69
2024-10-31,SKU_3,Electronics,25.96,1,0,103
2024-11-01,SKU_3,Electronics,31.31,0,0,93
2024-11-02,SKU_3,Electronics,79.3,0,0,90
2024-11-03,SKU_3,Electronics,56.96,0,0,99
2024-11-04,SKU_3,Electronics,80.36,0,0,79
2024-11-05,SKU_3,Electronics,45.95,0,0,89
2024-11-06,SKU_3,Electronics,56.31,0,0,92
2024-11-07,SKU_3,Electronics,14.89,0,0,104
2024-11-08,SKU_3,Electronics,22.93,0,0,106
2024-11-09,SKU_3,Electronics,31.93,0,0,112
2024-11-10,SKU_3,Electronics,53.48,0,0,101
2024-11-11,SKU_3,Electronics,42.47,1,0,116
2024-11-12,SKU_3,Electronics,55.0,0,0,91
2024-11-13,SKU_3,Electronics,13.1,0,0,98
2024-11-14,SKU_3,Electronics,87.3,0,0,75
2024-11-15,SKU_3,Electronics,83.22,0,0,74
2024-11-16,SKU_3,Electronics,32.39,0,0,106
2024-11-17,SKU_3,Electronics,34.94,0,0,107
2024-11-18,SKU_3,Electronics,41.07,0,0,97
2024-11-19,SKU_3,Electronics,96.32,0,0,72
2024-11-20,SKU_3,Electronics,74.56,0,0,78
2024-11-21,SKU_3,Electronics,72.08,0,0,92
2024-11-22,SKU_3,Electronics,66.89,1,0,117
2024-11-23,SKU_3,Electronics,77.55,0,0,81
2024-11-24,SKU_3,Electronics,23.1,0,0,108
2024-11-25,SKU_3,Electronics,44.46,1,0,122
2024-11-26,SKU_3,Electronics,41.65,0,0,91
2024-11-27,SKU_3,Electronics,63.79,0,0,87
2024-11-28,SKU_3,Electronics,12.63,0,0,100
2024-11-29,SKU_3,Electronics,15.02,0,0,103
2024-11-30,SKU_3,Electronics,73.19,1,0,106
2024-12-01,SKU_3,Electronics,36.19,0,0,108
2024-12-02,SKU_3,Electronics,91.4,0,0,84
2024-12-03,SKU_3,Electronics,29.6,0,0,106
2024-12-04,SKU_3,Electronics,84.86,0,0,76
2024-12-05,SKU_3,Electronics,67.34,1,0,97
2024-12-06,SKU_3,Electronics,51.09,0,0,85
2024-12-07,SKU_3,Electronics,14.57,0,0,112
2024-12-08,SKU_3,Electronics,86.78,0,0,90
2024-12-09,SKU_3,Electronics,86.96,0,0,76
2024-12-10,SKU_3,Electronics,66.8,0,0,84
2024-12-11,SKU_3,Electronics,96.6,0,0,87
2024-12-12,SKU_3,Electronics,36.05,1,0,124
2024-12-13,SKU_3,Electronics,47.14,0,0,93
2024-12-14,SKU_3,Electronics,55.82,0,0,100
2024-12-15,SKU_3,Electronics,58.0,0,0,98
2024-12-16,SKU_3,Electronics,82.05,1,0,110
2024-12-17,SKU_3,Electronics,28.61,0,0,104
2024-12-18,SKU_3,Electronics,42.95,1,0,121
2024-12-19,SKU_3,Electronics,34.2,0,0,94
2024-12-20,SKU_3,Electronics,87.23,1,0,108
2024-12-21,SKU_3,Electronics,76.78,0,0,94
2024-12-22,SKU_3,Electronics,20.94,0,0,115
2024-12-23,SKU_3,Electronics,22.06,0,0,102
2024-12-24,SKU_3,Electronics,85.98,0,0,82
2024-12-25,SKU_3,Electronics,17.26,0,1,137
2024-12-26,SKU_3,Electronics,72.03,0,0,80
2024-12-27,SKU_3,Electronics,29.54,0,0,95
2024-12-28,SKU_3,Electronics,97.14,0,0,90
2024-12-29,SKU_3,Electronics,96.84,0,0,82
2024-12-30,SKU_3,Electronics,45.97,0,0,94
2024-12-31,SKU_3,Electronics,33.2,0,0,99
2025-01-01,SKU_3,Electronics,11.29,0,1,125
2025-01-02,SKU_3,Electronics,95.8,0,0,56
2025-01-03,SKU_3,Electronics,74.23,1,0,93
2025-01-04,SKU_3,Electronics,78.9,0,0,79
2025-01-05,SKU_3,Electronics,39.11,0,0,87
2025-01-06,SKU_3,Electronics,29.17,0,0,85
2025-01-07,SKU_3,Electronics,17.54,0,0,89
2025-01-08,SKU_3,Electronics,33.96,0,0,81
2025-01-09,SKU_3,Electronics,20.75,0,0,84
2025-01-10,SKU_3,Electronics,76.15,0,0,66
2025-01-11,SKU_3,Electronics,56.88,0,0,86
2025-01-12,SKU_3,Electronics,36.72,0,0,89
2025-01-13,SKU_3,Electronics,96.68,0,0,59
2025-01-14,SKU_3,Electronics,50.28,0,0,74
2025-01-15,SKU_3,Electronics,11.43,0,0,86
2025-01-16,SKU_3,Electronics,72.71,1,0,91
2025-01-17,SKU_3,Electronics,34.67,0,0,83
2025-01-18,SKU_3,Electronics,44.66,0,0,81
2025-01-19,SKU_3,Electronics,14.01,0,0,92
2025-01-20,SKU_3,Electronics,50.79,0,0,64
2025-01-21,SKU_3,Electronics,62.32,0,0,58
2025-01-22,SKU_3,Electronics,57.63,0,0,69
2025-01-23,SKU_3,Electronics,81.72,0,0,69
2025-01-24,SKU_3,Electronics,14.99,0,0,81
2025-01-25,SKU_3,Electronics,62.91,0,0,80
2025-01-26,SKU_3,Electronics,91.75,1,0,97
2025-01-27,SKU_3,Electronics,57.5,0,0,73
2025-01-28,SKU_3,Electronics,19.56,0,0,82
2025-01-29,SKU_3,Electronics,25.35,0,0,73
2025-01-30,SKU_3,Electronics,88.96,0,0,60
2025-01-31,SKU_3,Electronics,17.38,0,0,88
2025-02-01,SKU_3,Electronics,35.03,0,0,81
2025-02-02,SKU_3,Electronics,54.78,0,0,86
2025-02-03,SKU_3,Electronics,69.76,0,0,62
2025-02-04,SKU_3,Electronics,54.04,0,0,77
2025-02-05,SKU_3,Electronics,92.54,1,0,80
2025-02-06,SKU_3,Electronics,51.63,0,0,75
2025-02-07,SKU_3,Electronics,83.88,0,0,68
2025-02-08,SKU_3,Electronics,27.01,0,0,85
2025-02-09,SKU_3,Electronics,31.09,0,0,84
2025-02-10,SKU_3,Electronics,21.13,0,0,90
2025-02-11,SKU_3,Electronics,13.12,0,0,87
2025-02-12,SKU_3,Electronics,92.32,0,0,45
2025-02-13,SKU_3,Electronics,75.58,0,0,63
2025-02-14,SKU_3,Electronics,28.19,0,0,78
2025-02-15,SKU_3,Electronics,87.88,0,0,67
2025-02-16,SKU_3,Electronics,75.48,0,0,77
2025-02-17,SKU_3,Electronics,28.06,0,0,75
2025-02-18,SKU_3,Electronics,27.55,0,0,85
2025-02-19,SKU_3,Electronics,72.94,0,0,59
2025-02-20,SKU_3,Electronics,86.45,0,0,52
2025-02-21,SKU_3,Electronics,76.63,1,0,102
2025-02-22,SKU_3,Electronics,78.09,0,0,77
2025-02-23,SKU_3,Electronics,75.23,0,0,71
2025-02-24,SKU_3,Electronics,71.2,0,0,70
2025-02-25,SKU_3,Electronics,69.91,1,0,88
2025-02-26,SKU_3,Electronics,93.09,0,0,53
2025-02-27,SKU_3,Electronics,68.46,0,0,67
2025-02-28,SKU_3,Electronics,51.4,0,0,69
2025-03-01,SKU_3,Electronics,89.7,0,0,64
2025-03-02,SKU_3,Electronics,89.42,0,0,62
2025-03-03,SKU_3,Electronics,55.7,0,0,76
2025-03-04,SKU_3,Electronics,19.91,0,0,76
2025-03-05,SKU_3,Electronics,42.41,0,0,73
2025-03-06,SKU_3,Electronics,33.11,0,0,79
2025-03-07,SKU_3,Electronics,79.06,0,0,70
2025-03-08,SKU_3,Electronics,53.53,1,0,113
2025-03-09,SKU_3,Electronics,89.99,0,0,68
2025-03-10,SKU_3,Electronics,31.92,0,0,80
2025-03-11,SKU_3,Electronics,11.38,0,0,76
2025-03-12,SKU_3,Electronics,42.54,0,0,82
2025-03-13,SKU_3,Electronics,14.25,0,0,82
2025-03-14,SKU_3,Electronics,96.03,0,0,59
2025-03-15,SKU_3,Electronics,54.4,0,0,79
2025-03-16,SKU_3,Electronics,55.1,0,0,84
2025-03-17,SKU_3,Electronics,41.87,0,0,76
2025-03-18,SKU_3,Electronics,45.16,0,0,70
2025-03-19,SKU_3,Electronics,75.63,0,0,69
2025-03-20,SKU_3,Electronics,47.36,0,0,72
2025-03-21,SKU_3,Electronics,18.23,0,0,81
2025-03-22,SKU_3,Electronics,90.27,0,0,67
2025-03-23,SKU_3,Electronics,44.98,0,0,79
2025-03-24,SKU_3,Electronics,92.58,0,0,61
2025-03-25,SKU_3,Electronics,27.15,0,0,86
2025-03-26,SKU_3,Electronics,91.27,0,0,65
2025-03-27,SKU_3,Electronics,70.38,1,0,91
2025-03-28,SKU_3,Electronics,50.75,0,0,76
2025-03-29,SKU_3,Electronics,86.45,0,0,79
2025-03-30,SKU_3,Electronics,82.35,0,0,70
2025-03-31,SKU_3,Electronics,50.0,0,0,74
2025-04-01,SKU_3,Electronics,19.22,0,0,79
2025-04-02,SKU_3,Electronics,77.01,0,0,66
2025-04-03,SKU_3,Electronics,74.61,1,0,97
2025-04-04,SKU_3,Electronics,43.46,0,0,70
2025-04-05,SKU_3,Electronics,73.29,0,0,77
2025-04-06,SKU_3,Electronics,60.9,0,0,80
2025-04-07,SKU_3,Electronics,11.22,0,0,92
2025-04-08,SKU_3,Electronics,89.98,0,0,54
2025-04-09,SKU_3,Electronics,75.56,0,0,61
2025-04-10,SKU_3,Electronics,60.58,0,0,64
2025-04-11,SKU_3,Electronics,17.59,0,0,89
2025-04-12,SKU_3,Electronics,16.91,0,0,99
2025-04-13,SKU_3,Electronics,49.81,0,0,78
2025-04-14,SKU_3,Electronics,88.43,0,0,68
2025-04-15,SKU_3,Electronics,98.1,0,0,52
2025-04-16,SKU_3,Electronics,18.5,0,0,80
2025-04-17,SKU_3,Electronics,47.3,0,0,77
2025-04-18,SKU_3,Electronics,19.47,0,0,84
2025-04-19,SKU_3,Electronics,67.19,0,0,81
2025-04-20,SKU_3,Electronics,47.27,0,0,87
2025-04-21,SKU_3,Electronics,34.14,0,0,77
2025-04-22,SKU_3,Electronics,95.95,0,0,68
2025-04-23,SKU_3,Electronics,38.01,1,0,105
2025-04-24,SKU_3,Electronics,58.74,1,0,95
2025-04-25,SKU_3,Electronics,33.12,0,0,82
2025-04-26,SKU_3,Electronics,15.41,0,0,101
2025-04-27,SKU_3,Electronics,65.39,1,0,107
2025-04-28,SKU_3,Electronics,57.32,0,0,66
2025-04-29,SKU_3,Electronics,62.33,0,0,76
2025-04-30,SKU_3,Electronics,75.96,0,0,73
2025-05-01,SKU_3,Electronics,99.26,0,0,63
2025-05-02,SKU_3,Electronics,68.39,0,0,66
2025-05-03,SKU_3,Electronics,67.04,0,0,78
2025-05-04,SKU_3,Electronics,86.41,0,0,68
2025-05-05,SKU_3,Electronics,92.69,0,0,70
2025-05-06,SKU_3,Electronics,62.48,0,0,60
2025-05-07,SKU_3,Electronics,69.43,1,0,91
2025-05-08,SKU_3,Electronics,36.93,0,0,78
2025-05-09,SKU_3,Electronics,28.74,0,0,78
2025-05-10,SKU_3,Electronics,37.99,0,0,85
2025-05-11,SKU_3,Electronics,79.74,0,0,80
2025-05-12,SKU_3,Electronics,89.87,0,0,66
2025-05-13,SKU_3,Electronics,40.27,0,0,73
2025-05-14,SKU_3,Electronics,44.85,0,0,77
2025-05-15,SKU_3,Electronics,54.36,0,0,76
2025-05-16,SKU_3,Electronics,54.17,0,0,69
2025-05-17,SKU_3,Electronics,65.61,0,0,74
2025-05-18,SKU_3,Electronics,88.68,1,0,106
2025-05-19,SKU_3,Electronics,74.23,0,0,71
2025-05-20,SKU_3,Electronics,22.96,0,0,77
2025-05-21,SKU_3,Electronics,66.01,1,0,86
2025-05-22,SKU_3,Electronics,14.46,0,0,83
2025-05-23,SKU_3,Electronics,12.96,0,0,98
2025-05-24,SKU_3,Electronics,74.91,0,0,77
2025-05-25,SKU_3,Electronics,71.67,0,0,88
2025-05-26,SKU_3,Electronics,42.09,0,0,76
2025-05-27,SKU_3,Electronics,95.19,0,0,57
2025-05-28,SKU_3,Electronics,81.68,0,0,69
2025-05-29,SKU_3,Electronics,68.5,0,0,72
2025-05-30,SKU_3,Electronics,77.47,0,0,73
2025-05-31,SKU_3,Electronics,66.69,0,0,74
2025-06-01,SKU_3,Electronics,20.11,1,0,110
2025-06-02,SKU_3,Electronics,54.32,0,0,72
2025-06-03,SKU_3,Electronics,15.92,0,0,87
2025-06-04,SKU_3,Electronics,31.44,0,0,75
2025-06-05,SKU_3,Electronics,47.02,0,0,65
2025-06-06,SKU_3,Electronics,57.19,0,0,73
2025-06-07,SKU_3,Electronics,85.7,1,0,101
2025-06-08,SKU_3,Electronics,69.26,0,0,82
2025-06-09,SKU_3,Electronics,41.4,0,0,69
2025-06-10,SKU_3,Electronics,28.6,1,0,113
2025-06-11,SKU_3,Electronics,58.34,0,0,76
2025-06-12,SKU_3,Electronics,66.46,0,0,73
2025-06-13,SKU_3,Electronics,91.7,0,0,62
2025-06-14,SKU_3,Electronics,76.19,0,0,76
2025-06-15,SKU_3,Electronics,30.93,0,0,87
2025-06-16,SKU_3,Electronics,39.35,0,0,78
2025-06-17,SKU_3,Electronics,74.31,0,0,73
2025-06-18,SKU_3,Electronics,97.35,0,0,51
2025-06-19,SKU_3,Electronics,98.13,0,0,64
2025-06-20,SKU_3,Electronics,70.48,0,0,73
2025-06-21,SKU_3,Electronics,38.56,0,0,84
2025-06-22,SKU_3,Electronics,36.51,0,0,91
2025-06-23,SKU_3,Electronics,35.49,0,0,71
2025-06-24,SKU_3,Electronics,63.43,0,0,64
2025-06-25,SKU_3,Electronics,27.09,0,0,90
