data/retail_demand_data.csv
date,sku_id,category,price,promotion,holiday,demand
2025-06-26,SKU_3,Electronics,20.5,0,0,78
2025-06-27,SKU_3,Electronics,59.48,0,0,79
2025-06-28,SKU_3,Electronics,25.25,0,0,94
2025-06-29,SKU_3,Electronics,15.4,0,0,96
2025-06-30,SKU_3,Electronics,93.3,0,0,73
2025-07-01,SKU_3,Electronics,88.64,1,0,89
2025-07-02,SKU_3,Electronics,49.39,0,0,82
2025-07-03,SKU_3,Electronics,32.49,0,0,76
2025-07-04,SKU_3,Electronics,25.95,0,0,87
2025-07-05,SKU_3,Electronics,45.13,0,0,94
2025-07-06,SKU_3,Electronics,12.62,1,0,123
2025-07-07,SKU_3,Electronics,59.56,0,0,73
2025-07-08,SKU_3,Electronics,29.1,1,0,94
2025-07-09,SKU_3,Electronics,83.67,0,0,76
2025-07-10,SKU_3,Electronics,80.37,0,0,63
2025-07-11,SKU_3,Electronics,57.74,0,0,74
2025-07-12,SKU_3,Electronics,63.12,0,0,75
2025-07-13,SKU_3,Electronics,57.21,0,0,82
2025-07-14,SKU_3,Electronics,80.15,0,0,65
2025-07-15,SKU_3,Electronics,76.9,0,0,66
2025-07-16,SKU_3,Electronics,83.6,0,0,69
2025-07-17,SKU_3,Electronics,16.24,1,0,111
2025-07-18,SKU_3,Electronics,64.87,0,0,68
2025-07-19,SKU_3,Electronics,30.41,0,0,84
2025-07-20,SKU_3,Electronics,72.77,0,0,79
2025-07-21,SKU_3,Electronics,75.19,0,0,64
2025-07-22,SKU_3,Electronics,90.3,0,0,57
2025-07-23,SKU_3,Electronics,46.79,0,0,75
2025-07-24,SKU_3,Electronics,62.7,0,0,66
2025-07-25,SKU_3,Electronics,75.65,0,0,68
2025-07-26,SKU_3,Electronics,42.31,0,0,86
2025-07-27,SKU_3,Electronics,37.52,0,0,95
2025-07-28,SKU_3,Electronics,93.94,0,0,69
2025-07-29,SKU_3,Electronics,68.17,0,0,68
2025-07-30,SKU_3,Electronics,13.75,0,0,88
2025-07-31,SKU_3,Electronics,57.08,0,0,80
2025-08-01,SKU_3,Electronics,13.91,0,0,89
2025-08-02,SKU_3,Electronics,11.59,0,0,95
2025-08-03,SKU_3,Electronics,57.66,0,0,75
2025-08-04,SKU_3,Electronics,28.7,0,0,78
2025-08-05,SKU_3,Electronics,82.27,0,0,58
2025-08-06,SKU_3,Electronics,53.41,0,0,72
2025-08-07,SKU_3,Electronics,42.3,0,0,70
2025-08-08,SKU_3,Electronics,12.24,0,0,94
2025-08-09,SKU_3,Electronics,30.45,0,0,97
2025-08-10,SKU_3,Electronics,34.04,0,0,89
2025-08-11,SKU_3,Electronics,30.46,0,0,82
2025-08-12,SKU_3,Electronics,29.64,0,0,71
2025-08-13,SKU_3,Electronics,11.13,0,0,90
2025-08-14,SKU_3,Electronics,52.17,0,0,71
2025-08-15,SKU_3,Electronics,89.82,0,0,66
2025-08-16,SKU_3,Electronics,61.76,0,0,85
2025-08-17,SKU_3,Electronics,11.56,0,0,103
2025-08-18,SKU_3,Electronics,10.37,0,0,89
2025-08-19,SKU_3,Electronics,47.5,0,0,79
2025-08-20,SKU_3,Electronics,26.01,0,0,79
2025-08-21,SKU_3,Electronics,49.77,0,0,78
2025-08-22,SKU_3,Electronics,67.54,0,0,68
2025-08-23,SKU_3,Electronics,76.36,0,0,77
2025-08-24,SKU_3,Electronics,99.98,0,0,76
2025-08-25,SKU_3,Electronics,20.28,0,0,98
2025-08-26,SKU_3,Electronics,96.66,0,0,65
2025-08-27,SKU_3,Electronics,25.98,0,0,83
2025-08-28,SKU_3,Electronics,63.84,0,0,76
2025-08-29,SKU_3,Electronics,15.81,0,0,87
2025-08-30,SKU_3,Electronics,56.81,0,0,86
2025-08-31,SKU_3,Electronics,33.79,0,0,92
2025-09-01,SKU_3,Electronics,14.49,0,0,78
2025-09-02,SKU_3,Electronics,82.61,0,0,70
2025-09-03,SKU_3,Electronics,48.35,0,0,68
2025-09-04,SKU_3,Electronics,63.9,0,0,69
2025-09-05,SKU_3,Electronics,94.71,0,0,55
2025-09-06,SKU_3,Electronics,60.79,0,0,74
2025-09-07,SKU_3,Electronics,19.59,0,0,91
2025-09-08,SKU_3,Electronics,33.38,0,0,79
2025-09-09,SKU_3,Electronics,62.18,0,0,71
2025-09-10,SKU_3,Electronics,42.87,0,0,86
2025-09-11,SKU_3,Electronics,96.21,0,0,63
2025-09-12,SKU_3,Electronics,60.84,0,0,74
2025-09-13,SKU_3,Electronics,55.78,0,0,83
2025-09-14,SKU_3,Electronics,58.19,0,0,85
2025-09-15,SKU_3,Electronics,82.01,0,0,70
2025-09-16,SKU_3,Electronics,79.32,1,0,88
2025-09-17,SKU_3,Electronics,56.58,0,0,78
2025-09-18,SKU_3,Electronics,96.6,0,0,66
2025-09-19,SKU_3,Electronics,39.09,0,0,77
2025-09-20,SKU_3,Electronics,42.7,1,0,109
2025-09-21,SKU_3,Electronics,36.0,0,0,89
2025-09-22,SKU_3,Electronics,63.22,0,0,77
2025-09-23,SKU_3,Electronics,39.79,0,0,84
2025-09-24,SKU_3,Electronics,37.89,0,0,67
2025-09-25,SKU_3,Electronics,48.87,0,0,78
2025-09-26,SKU_3,Electronics,72.08,0,0,66
2025-09-27,SKU_3,Electronics,76.19,0,0,80
2025-09-28,SKU_3,Electronics,66.62,1,0,100
2025-09-29,SKU_3,Electronics,83.31,0,0,64
2025-09-30,SKU_3,Electronics,28.06,0,0,78
2025-10-01,SKU_3,Electronics,23.71,0,0,90
2025-10-02,SKU_3,Electronics,48.48,0,0,73
2025-10-03,SKU_3,Electronics,35.64,0,0,87
2025-10-04,SKU_3,Electronics,26.26,0,0,103
2025-10-05,SKU_3,Electronics,10.88,0,0,98
2025-10-06,SKU_3,Electronics,58.21,0,0,74
2025-10-07,SKU_3,Electronics,55.96,0,0,81
2025-10-08,SKU_3,Electronics,85.14,0,0,66
2025-10-09,SKU_3,Electronics,20.39,0,0,94
2025-10-10,SKU_3,Electronics,57.65,0,0,84
2025-10-11,SKU_3,Electronics,66.6,0,0,81
2025-10-12,SKU_3,Electronics,78.87,0,0,71
2025-10-13,SKU_3,Electronics,43.95,0,0,74
2025-10-14,SKU_3,Electronics,16.27,1,0,106
2025-10-15,SKU_3,Electronics,70.51,0,0,78
2025-10-16,SKU_3,Electronics,18.9,0,0,88
2025-10-17,SKU_3,Electronics,86.55,0,0,67
2025-10-18,SKU_3,Electronics,59.45,0,0,78
2025-10-19,SKU_3,Electronics,74.98,0,0,87
2025-10-20,SKU_3,Electronics,68.87,0,0,65
2025-10-21,SKU_3,Electronics,50.11,0,0,77
2025-10-22,SKU_3,Electronics,61.24,0,0,80
2025-10-23,SKU_3,Electronics,63.37,0,0,70
2025-10-24,SKU_3,Electronics,10.42,0,0,88
2025-10-25,SKU_3,Electronics,23.23,0,0,93
2025-10-26,SKU_3,Electronics,97.6,0,0,69
2025-10-27,SKU_3,Electronics,18.38,1,0,115
2025-10-28,SKU_3,Electronics,89.88,0,0,60
2025-10-29,SKU_3,Electronics,43.76,0,0,88
2025-10-30,SKU_3,Electronics,38.71,0,0,79
2025-10-31,SKU_3,Electronics,91.25,0,0,70
2025-11-01,SKU_3,Electronics,47.29,0,0,117
2025-11-02,SKU_3,Electronics,36.33,0,0,116
2025-11-03,SKU_3,Electronics,44.11,0,0,94
2025-11-04,SKU_3,Electronics,55.78,0,0,94
2025-11-05,SKU_3,Electronics,41.74,0,0,98
2025-11-06,SKU_3,Electronics,13.63,0,0,98
2025-11-07,SKU_3,Electronics,43.21,0,0,101
2025-11-08,SKU_3,Electronics,72.45,0,0,102
2025-11-09,SKU_3,Electronics,90.67,0,0,90
2025-11-10,SKU_3,Electronics,83.88,0,0,76
2025-11-11,SKU_3,Electronics,69.52,0,0,83
2025-11-12,SKU_3,Electronics,44.85,0,0,92
2025-11-13,SKU_3,Electronics,85.23,0,0,88
2025-11-14,SKU_3,Electronics,11.39,0,0,105
2025-11-15,SKU_3,Electronics,64.6,0,0,107
2025-11-16,SKU_3,Electronics,87.29,0,0,92
2025-11-17,SKU_3,Electronics,46.16,0,0,99
2025-11-18,SKU_3,Electronics,10.26,0,0,108
2025-11-19,SKU_3,Electronics,82.79,0,0,91
2025-11-20,SKU_3,Electronics,87.71,0,0,79
2025-11-21,SKU_3,Electronics,99.71,1,0,110
2025-11-22,SKU_3,Electronics,11.62,0,0,111
2025-11-23,SKU_3,Electronics,17.05,1,0,147
2025-11-24,SKU_3,Electronics,22.19,0,0,109
2025-11-25,SKU_3,Electronics,84.65,0,0,86
2025-11-26,SKU_3,Electronics,51.72,0,0,88
2025-11-27,SKU_3,Electronics,50.96,0,0,87
2025-11-28,SKU_3,Electronics,11.37,0,0,115
2025-11-29,SKU_3,Electronics,49.29,0,0,104
2025-11-30,SKU_3,Electronics,44.93,0,0,120
2025-12-01,SKU_3,Electronics,93.2,0,0,83
2025-12-02,SKU_3,Electronics,97.57,0,0,83
2025-12-03,SKU_3,Electronics,82.5,0,0,89
2025-12-04,SKU_3,Electronics,33.2,0,0,108
2025-12-05,SKU_3,Electronics,51.41,0,0,101
2025-12-06,SKU_3,Electronics,13.42,0,0,131
2025-12-07,SKU_3,Electronics,53.38,1,0,130
2025-12-08,SKU_3,Electronics,37.86,0,0,109
2025-12-09,SKU_3,Electronics,85.45,0,0,81
2025-12-10,SKU_3,Electronics,38.94,1,0,130
2025-12-11,SKU_3,Electronics,99.65,1,0,105
2025-12-12,SKU_3,Electronics,69.77,0,0,87
2025-12-13,SKU_3,Electronics,97.25,0,0,89
2025-12-14,SKU_3,Electronics,71.96,0,0,105
2025-12-15,SKU_3,Electronics,80.89,0,0,83
2025-12-16,SKU_3,Electronics,73.09,0,0,85
2025-12-17,SKU_3,Electronics,79.56,0,0,96
2025-12-18,SKU_3,Electronics,17.42,0,0,107
2025-12-19,SKU_3,Electronics,16.28,0,0,101
2025-12-20,SKU_3,Electronics,92.04,0,0,95
2025-12-21,SKU_3,Electronics,57.44,0,0,109
2025-12-22,SKU_3,Electronics,61.45,0,0,100
2025-12-23,SKU_3,Electronics,66.16,0,0,97
2025-12-24,SKU_3,Electronics,16.94,0,0,109
2025-12-25,SKU_3,Electronics,69.01,0,1,128
2025-12-26,SKU_3,Electronics,62.59,0,0,89
2025-12-27,SKU_3,Electronics,38.66,0,0,107
2025-12-28,SKU_3,Electronics,16.31,0,0,123
2025-12-29,SKU_3,Electronics,54.96,0,0,107
2025-12-30,SKU_3,Electronics,21.88,0,0,101
2025-12-31,SKU_3,Electronics,34.83,0,0,108
2024-01-01,SKU_4,Fashion,79.34,1,1,81
2024-01-02,SKU_4,Fashion,55.13,0,0,24
2024-01-03,SKU_4,Fashion,79.41,0,0,12
2024-01-04,SKU_4,Fashion,93.0,0,0,7
2024-01-05,SKU_4,Fashion,64.46,0,0,30
2024-01-06,SKU_4,Fashion,53.78,0,0,30
2024-01-07,SKU_4,Fashion,58.76,0,0,36
2024-01-08,SKU_4,Fashion,78.95,0,0,15
2024-01-09,SKU_4,Fashion,20.13,0,0,35
2024-01-10,SKU_4,Fashion,26.52,1,0,57
2024-01-11,SKU_4,Fashion,81.52,0,0,11
2024-01-12,SKU_4,Fashion,25.37,0,0,36
2024-01-13,SKU_4,Fashion,65.05,0,0,25
2024-01-14,SKU_4,Fashion,74.32,0,0,29
2024-01-15,SKU_4,Fashion,97.48,0,0,10
2024-01-16,SKU_4,Fashion,19.9,0,0,37
2024-01-17,SKU_4,Fashion,49.82,0,0,31
2024-01-18,SKU_4,Fashion,58.95,0,0,24
2024-01-19,SKU_4,Fashion,88.19,0,0,7
2024-01-20,SKU_4,Fashion,49.06,0,0,39
2024-01-21,SKU_4,Fashion,14.24,0,0,44
2024-01-22,SKU_4,Fashion,87.65,0,0,19
2024-01-23,SKU_4,Fashion,92.29,0,0,14
2024-01-24,SKU_4,Fashion,91.36,0,0,19
2024-01-25,SKU_4,Fashion,13.95,0,0,30
2024-01-26,SKU_4,Fashion,50.0,0,0,25
2024-01-27,SKU_4,Fashion,10.04,0,0,48
2024-01-28,SKU_4,Fashion,17.13,0,0,46
2024-01-29,SKU_4,Fashion,41.95,0,0,25
2024-01-30,SKU_4,Fashion,96.75,0,0,14
2024-01-31,SKU_4,Fashion,88.75,0,0,17
2024-02-01,SKU_4,Fashion,18.51,0,0,41
2024-02-02,SKU_4,Fashion,14.82,0,0,46
2024-02-03,SKU_4,Fashion,66.03,0,0,34
2024-02-04,SKU_4,Fashion,35.52,0,0,36
2024-02-05,SKU_4,Fashion,85.82,1,0,41
2024-02-06,SKU_4,Fashion,54.35,0,0,29
2024-02-07,SKU_4,Fashion,98.04,0,0,14
2024-02-08,SKU_4,Fashion,67.54,0,0,17
2024-02-09,SKU_4,Fashion,48.73,0,0,32
2024-02-10,SKU_4,Fashion,92.24,0,0,25
2024-02-11,SKU_4,Fashion,36.78,0,0,43
2024-02-12,SKU_4,Fashion,42.63,0,0,34
2024-02-13,SKU_4,Fashion,99.04,0,0,15
2024-02-14,SKU_4,Fashion,95.4,0,0,14
2024-02-15,SKU_4,Fashion,57.89,0,0,36
2024-02-16,SKU_4,Fashion,27.44,0,0,35
2024-02-17,SKU_4,Fashion,76.43,0,0,33
2024-02-18,SKU_4,Fashion,87.55,0,0,21
2024-02-19,SKU_4,Fashion,56.66,1,0,46
2024-02-20,SKU_4,Fashion,34.17,0,0,30
2024-02-21,SKU_4,Fashion,58.03,0,0,26
2024-02-22,SKU_4,Fashion,54.04,0,0,31
2024-02-23,SKU_4,Fashion,34.1,0,0,26
2024-02-24,SKU_4,Fashion,94.66,0,0,13
2024-02-25,SKU_4,Fashion,13.8,0,0,66
2024-02-26,SKU_4,Fashion,78.44,0,0,19
2024-02-27,SKU_4,Fashion,95.12,1,0,42
2024-02-28,SKU_4,Fashion,50.85,0,0,28
2024-02-29,SKU_4,Fashion,86.46,0,0,7
2024-03-01,SKU_4,Fashion,62.12,0,0,24
2024-03-02,SKU_4,Fashion,91.08,0,0,33
2024-03-03,SKU_4,Fashion,64.38,0,0,42
2024-03-04,SKU_4,Fashion,17.08,0,0,27
2024-03-05,SKU_4,Fashion,18.03,0,0,43
2024-03-06,SKU_4,Fashion,25.73,0,0,37
2024-03-07,SKU_4,Fashion,39.29,0,0,34
2024-03-08,SKU_4,Fashion,97.83,0,0,12
2024-03-09,SKU_4,Fashion,12.22,0,0,43
2024-03-10,SKU_4,Fashion,58.29,0,0,36
2024-03-11,SKU_4,Fashion,90.55,0,0,17
2024-03-12,SKU_4,Fashion,32.49,0,0,36
2024-03-13,SKU_4,Fashion,46.41,0,0,29
2024-03-14,SKU_4,Fashion,29.51,0,0,38
2024-03-15,SKU_4,Fashion,50.2,0,0,24
2024-03-16,SKU_4,Fashion,84.26,0,0,44
2024-03-17,SKU_4,Fashion,26.36,0,0,42
2024-03-18,SKU_4,Fashion,74.27,0,0,26
2024-03-19,SKU_4,Fashion,47.42,0,0,26
2024-03-20,SKU_4,Fashion,43.09,0,0,30
2024-03-21,SKU_4,Fashion,69.92,0,0,21
2024-03-22,SKU_4,Fashion,51.41,0,0,27
2024-03-23,SKU_4,Fashion,90.71,0,0,25
2024-03-24,SKU_4,Fashion,30.48,0,0,43
2024-03-25,SKU_4,Fashion,16.76,0,0,38
2024-03-26,SKU_4,Fashion,68.03,0,0,31
2024-03-27,SKU_4,Fashion,33.04,0,0,30
2024-03-28,SKU_4,Fashion,20.46,0,0,27
2024-03-29,SKU_4,Fashion,64.36,0,0,33
2024-03-30,SKU_4,Fashion,99.9,0,0,18
2024-03-31,SKU_4,Fashion,33.14,0,0,54
2024-04-01,SKU_4,Fashion,43.05,0,0,31
2024-04-02,SKU_4,Fashion,44.52,0,0,35
2024-04-03,SKU_4,Fashion,68.57,0,0,17
2024-04-04,SKU_4,Fashion,13.45,0,0,47
2024-04-05,SKU_4,Fashion,56.15,0,0,28
2024-04-06,SKU_4,Fashion,11.15,0,0,39
2024-04-07,SKU_4,Fashion,50.21,0,0,36
2024-04-08,SKU_4,Fashion,54.67,0,0,27
2024-04-09,SKU_4,Fashion,71.08,0,0,27
2024-04-10,SKU_4,Fashion,82.67,0,0,20
2024-04-11,SKU_4,Fashion,45.76,0,0,36
2024-04-12,SKU_4,Fashion,17.05,0,0,31
2024-04-13,SKU_4,Fashion,86.53,0,0,33
2024-04-14,SKU_4,Fashion,84.96,0,0,24
2024-04-15,SKU_4,Fashion,21.68,0,0,42
2024-04-16,SKU_4,Fashion,39.42,0,0,34
2024-04-17,SKU_4,Fashion,93.74,0,0,23
2024-04-18,SKU_4,Fashion,31.53,0,0,38
2024-04-19,SKU_4,Fashion,15.07,0,0,42
2024-04-20,SKU_4,Fashion,75.58,0,0,21
2024-04-21,SKU_4,Fashion,65.14,0,0,42
2024-04-22,SKU_4,Fashion,33.35,0,0,47
2024-04-23,SKU_4,Fashion,20.73,0,0,39
2024-04-24,SKU_4,Fashion,73.12,0,0,16
2024-04-25,SKU_4,Fashion,41.59,0,0,25
2024-04-26,SKU_4,Fashion,15.51,0,0,34
2024-04-27,SKU_4,Fashion,99.03,0,0,22
2024-04-28,SKU_4,Fashion,73.35,0,0,38
2024-04-29,SKU_4,Fashion,46.8,1,0,55
2024-04-30,SKU_4,Fashion,50.46,0,0,41
2024-05-01,SKU_4,Fashion,55.71,0,0,36
2024-05-02,SKU_4,Fashion,69.74,0,0,26
2024-05-03,SKU_4,Fashion,74.86,0,0,28
2024-05-04,SKU_4,Fashion,14.96,1,0,76
2024-05-05,SKU_4,Fashion,13.39,0,0,55
2024-05-06,SKU_4,Fashion,77.17,0,0,12
2024-05-07,SKU_4,Fashion,25.17,0,0,47
2024-05-08,SKU_4,Fashion,73.49,1,0,52
2024-05-09,SKU_4,Fashion,45.49,0,0,42
2024-05-10,SKU_4,Fashion,75.76,0,0,25
2024-05-11,SKU_4,Fashion,16.68,0,0,53
2024-05-12,SKU_4,Fashion,90.53,0,0,27
2024-05-13,SKU_4,Fashion,99.12,0,0,11
2024-05-14,SKU_4,Fashion,91.36,0,0,21
2024-05-15,SKU_4,Fashion,70.32,0,0,27
2024-05-16,SKU_4,Fashion,29.01,0,0,32
2024-05-17,SKU_4,Fashion,26.1,0,0,37
2024-05-18,SKU_4,Fashion,50.36,0,0,45
2024-05-19,SKU_4,Fashion,77.0,0,0,33
2024-05-20,SKU_4,Fashion,60.93,0,0,30
2024-05-21,SKU_4,Fashion,72.16,0,0,36
2024-05-22,SKU_4,Fashion,49.64,0,0,32
2024-05-23,SKU_4,Fashion,77.56,1,0,61
2024-05-24,SKU_4,Fashion,98.52,0,0,15
2024-05-25,SKU_4,Fashion,13.95,0,0,58
2024-05-26,SKU_4,Fashion,12.15,0,0,45
2024-05-27,SKU_4,Fashion,39.94,0,0,26
2024-05-28,SKU_4,Fashion,72.02,0,0,23
2024-05-29,SKU_4,Fashion,28.01,0,0,42
2024-05-30,SKU_4,Fashion,23.27,0,0,31
2024-05-31,SKU_4,Fashion,83.11,0,0,26
2024-06-01,SKU_4,Fashion,70.24,0,0,40
2024-06-02,SKU_4,Fashion,67.81,0,0,37
2024-06-03,SKU_4,Fashion,55.03,0,0,28
2024-06-04,SKU_4,Fashion,34.97,0,0,43
2024-06-05,SKU_4,Fashion,40.81,0,0,39
2024-06-06,SKU_4,Fashion,60.52,0,0,29
2024-06-07,SKU_4,Fashion,62.01,0,0,33
2024-06-08,SKU_4,Fashion,96.82,0,0,28
2024-06-09,SKU_4,Fashion,53.42,0,0,44
2024-06-10,SKU_4,Fashion,79.13,0,0,19
2024-06-11,SKU_4,Fashion,85.41,0,0,27
2024-06-12,SKU_4,Fashion,89.3,0,0,23
2024-06-13,SKU_4,Fashion,71.03,1,0,43
2024-06-14,SKU_4,Fashion,72.06,0,0,19
2024-06-15,SKU_4,Fashion,77.57,1,0,54
2024-06-16,SKU_4,Fashion,41.98,0,0,52
2024-06-17,SKU_4,Fashion,85.67,0,0,23
2024-06-18,SKU_4,Fashion,43.01,0,0,32
2024-06-19,SKU_4,Fashion,95.87,0,0,10
2024-06-20,SKU_4,Fashion,93.01,0,0,20
2024-06-21,SKU_4,Fashion,93.77,0,0,19
2024-06-22,SKU_4,Fashion,77.34,0,0,33
2024-06-23,SKU_4,Fashion,58.81,1,0,60
2024-06-24,SKU_4,Fashion,22.7,0,0,41
2024-06-25,SKU_4,Fashion,28.78,1,0,60
2024-06-26,SKU_4,Fashion,17.08,0,0,36
2024-06-27,SKU_4,Fashion,37.11,0,0,38
2024-06-28,SKU_4,Fashion,63.95,0,0,31
2024-06-29,SKU_4,Fashion,69.61,0,0,33
2024-06-30,SKU_4,Fashion,71.93,0,0,35
2024-07-01,SKU_4,Fashion,77.35,0,0,19
2024-07-02,SKU_4,Fashion,89.35,0,0,20
2024-07-03,SKU_4,Fashion,17.89,0,0,43
2024-07-04,SKU_4,Fashion,74.2,0,0,31
2024-07-05,SKU_4,Fashion,44.02,0,0,42
2024-07-06,SKU_4,Fashion,74.71,0,0,44
2024-07-07,SKU_4,Fashion,39.2,0,0,46
2024-07-08,SKU_4,Fashion,12.32,0,0,49
2024-07-09,SKU_4,Fashion,56.64,0,0,28
2024-07-10,SKU_4,Fashion,12.77,0,0,44
2024-07-11,SKU_4,Fashion,93.18,0,0,23
2024-07-12,SKU_4,Fashion,62.33,0,0,21
2024-07-13,SKU_4,Fashion,68.7,0,0,38
2024-07-14,SKU_4,Fashion,10.06,0,0,51
2024-07-15,SKU_4,Fashion,21.07,0,0,37
2024-07-16,SKU_4,Fashion,38.37,1,0,65
2024-07-17,SKU_4,Fashion,11.88,0,0,46
2024-07-18,SKU_4,Fashion,15.09,0,0,42
2024-07-19,SKU_4,Fashion,56.44,0,0,26
2024-07-20,SKU_4,Fashion,94.65,0,0,30
2024-07-21,SKU_4,Fashion,44.3,0,0,49
2024-07-22,SKU_4,Fashion,75.48,0,0,31
2024-07-23,SKU_4,Fashion,40.24,1,0,60
2024-07-24,SKU_4,Fashion,18.56,0,0,40
2024-07-25,SKU_4,Fashion,88.89,0,0,15
2024-07-26,SKU_4,Fashion,51.01,0,0,40
2024-07-27,SKU_4,Fashion,88.22,0,0,36
2024-07-28,SKU_4,Fashion,49.56,0,0,43
2024-07-29,SKU_4,Fashion,65.31,0,0,25
2024-07-30,SKU_4,Fashion,54.46,0,0,37
2024-07-31,SKU_4,Fashion,36.62,0,0,32
2024-08-01,SKU_4,Fashion,47.9,0,0,26
2024-08-02,SKU_4,Fashion,27.7,0,0,37
2024-08-03,SKU_4,Fashion,27.83,0,0,47
2024-08-04,SKU_4,Fashion,10.76,0,0,49
2024-08-05,SKU_4,Fashion,12.88,0,0,56
2024-08-06,SKU_4,Fashion,44.83,0,0,44
2024-08-07,SKU_4,Fashion,14.03,0,0,44
2024-08-08,SKU_4,Fashion,89.9,0,0,18
2024-08-09,SKU_4,Fashion,84.04,0,0,21
2024-08-10,SKU_4,Fashion,46.01,0,0,38
2024-08-11,SKU_4,Fashion,55.32,0,0,40
2024-08-12,SKU_4,Fashion,86.39,0,0,29
2024-08-13,SKU_4,Fashion,54.14,0,0,35
2024-08-14,SKU_4,Fashion,29.9,0,0,38
2024-08-15,SKU_4,Fashion,82.28,0,0,25
2024-08-16,SKU_4,Fashion,54.3,0,0,30
2024-08-17,SKU_4,Fashion,47.16,0,0,41
2024-08-18,SKU_4,Fashion,32.03,0,0,49
2024-08-19,SKU_4,Fashion,20.91,0,0,41
2024-08-20,SKU_4,Fashion,74.09,0,0,21
2024-08-21,SKU_4,Fashion,17.16,0,0,40
2024-08-22,SKU_4,Fashion,79.23,0,0,27
2024-08-23,SKU_4,Fashion,40.35,0,0,34
2024-08-24,SKU_4,Fashion,62.67,0,0,38
2024-08-25,SKU_4,Fashion,52.78,0,0,50
2024-08-26,SKU_4,Fashion,24.75,1,0,59
2024-08-27,SKU_4,Fashion,22.68,0,0,49
2024-08-28,SKU_4,Fashion,35.1,1,0,67
2024-08-29,SKU_4,Fashion,15.69,1,0,66
2024-08-30,SKU_4,Fashion,57.68,0,0,32
2024-08-31,SKU_4,Fashion,84.84,0,0,31
2024-09-01,SKU_4,Fashion,52.16,0,0,47
2024-09-02,SKU_4,Fashion,12.79,0,0,49
2024-09-03,SKU_4,Fashion,67.33,1,0,53
2024-09-04,SKU_4,Fashion,91.53,0,0,15
2024-09-05,SKU_4,Fashion,78.17,1,0,51
2024-09-06,SKU_4,Fashion,73.83,0,0,24
2024-09-07,SKU_4,Fashion,29.78,0,0,47
2024-09-08,SKU_4,Fashion,80.38,0,0,34
2024-09-09,SKU_4,Fashion,85.48,0,0,31
2024-09-10,SKU_4,Fashion,30.56,0,0,35
2024-09-11,SKU_4,Fashion,34.58,0,0,33
2024-09-12,SKU_4,Fashion,50.98,0,0,38
2024-09-13,SKU_4,Fashion,93.03,0,0,27
2024-09-14,SKU_4,Fashion,42.74,0,0,42
2024-09-15,SKU_4,Fashion,13.57,0,0,59
2024-09-16,SKU_4,Fashion,50.34,0,0,28
2024-09-17,SKU_4,Fashion,79.5,0,0,28
2024-09-18,SKU_4,Fashion,65.6,0,0,34
