data/retail_demand_data.csv
date,sku_id,category,price,promotion,holiday,demand
2024-09-19,SKU_4,Fashion,85.76,0,0,23
2024-09-20,SKU_4,Fashion,46.95,0,0,33
2024-09-21,SKU_4,Fashion,30.49,0,0,43
2024-09-22,SKU_4,Fashion,82.55,0,0,41
2024-09-23,SKU_4,Fashion,19.84,0,0,36
2024-09-24,SKU_4,Fashion,18.91,0,0,47
2024-09-25,SKU_4,Fashion,97.57,0,0,18
2024-09-26,SKU_4,Fashion,34.14,1,0,59
2024-09-27,SKU_4,Fashion,12.81,0,0,45
2024-09-28,SKU_4,Fashion,22.48,0,0,52
2024-09-29,SKU_4,Fashion,72.39,1,0,62
2024-09-30,SKU_4,Fashion,45.79,0,0,30
2024-10-01,SKU_4,Fashion,59.66,0,0,28
2024-10-02,SKU_4,Fashion,33.14,0,0,29
2024-10-03,SKU_4,Fashion,61.36,0,0,30
2024-10-04,SKU_4,Fashion,47.34,0,0,40
2024-10-05,SKU_4,Fashion,32.5,0,0,55
2024-10-06,SKU_4,Fashion,62.67,0,0,39
2024-10-07,SKU_4,Fashion,22.77,0,0,31
2024-10-08,SKU_4,Fashion,19.5,0,0,49
2024-10-09,SKU_4,Fashion,75.67,1,0,58
2024-10-10,SKU_4,Fashion,89.58,0,0,22
2024-10-11,SKU_4,Fashion,97.85,0,0,26
2024-10-12,SKU_4,Fashion,91.48,0,0,42
2024-10-13,SKU_4,Fashion,98.94,0,0,23
2024-10-14,SKU_4,Fashion,14.27,0,0,48
2024-10-15,SKU_4,Fashion,54.53,0,0,40
2024-10-16,SKU_4,Fashion,79.34,0,0,16
2024-10-17,SKU_4,Fashion,69.7,1,0,54
2024-10-18,SKU_4,Fashion,35.24,0,0,35
2024-10-19,SKU_4,Fashion,57.69,0,0,47
2024-10-20,SKU_4,Fashion,66.6,0,0,41
2024-10-21,SKU_4,Fashion,10.02,0,0,43
2024-10-22,SKU_4,Fashion,94.03,0,0,20
2024-10-23,SKU_4,Fashion,64.77,0,0,33
2024-10-24,SKU_4,Fashion,43.62,1,0,60
2024-10-25,SKU_4,Fashion,96.74,0,0,22
2024-10-26,SKU_4,Fashion,35.91,0,0,51
2024-10-27,SKU_4,Fashion,43.65,0,0,43
2024-10-28,SKU_4,Fashion,12.0,1,0,74
2024-10-29,SKU_4,Fashion,32.7,0,0,39
2024-10-30,SKU_4,Fashion,84.14,0,0,22
2024-10-31,SKU_4,Fashion,44.65,0,0,39
2024-11-01,SKU_4,Fashion,80.5,0,0,43
2024-11-02,SKU_4,Fashion,42.69,0,0,54
2024-11-03,SKU_4,Fashion,71.7,0,0,52
2024-11-04,SKU_4,Fashion,82.23,0,0,44
2024-11-05,SKU_4,Fashion,36.86,0,0,52
2024-11-06,SKU_4,Fashion,75.75,0,0,52
2024-11-07,SKU_4,Fashion,18.53,0,0,61
2024-11-08,SKU_4,Fashion,94.25,0,0,40
2024-11-09,SKU_4,Fashion,42.83,0,0,66
2024-11-10,SKU_4,Fashion,28.66,0,0,77
2024-11-11,SKU_4,Fashion,38.5,0,0,53
2024-11-12,SKU_4,Fashion,15.93,0,0,71
2024-11-13,SKU_4,Fashion,46.67,0,0,56
2024-11-14,SKU_4,Fashion,32.96,0,0,64
2024-11-15,SKU_4,Fashion,15.27,0,0,62
2024-11-16,SKU_4,Fashion,78.47,0,0,54
2024-11-17,SKU_4,Fashion,60.2,0,0,63
2024-11-18,SKU_4,Fashion,38.2,0,0,47
2024-11-19,SKU_4,Fashion,76.01,0,0,46
2024-11-20,SKU_4,Fashion,90.8,0,0,45
2024-11-21,SKU_4,Fashion,59.62,0,0,48
2024-11-22,SKU_4,Fashion,57.26,0,0,52
2024-11-23,SKU_4,Fashion,50.67,0,0,67
2024-11-24,SKU_4,Fashion,59.32,0,0,69
2024-11-25,SKU_4,Fashion,81.34,0,0,41
2024-11-26,SKU_4,Fashion,70.96,0,0,51
2024-11-27,SKU_4,Fashion,47.06,0,0,63
2024-11-28,SKU_4,Fashion,63.18,0,0,46
2024-11-29,SKU_4,Fashion,81.8,1,0,77
2024-11-30,SKU_4,Fashion,98.29,0,0,50
2024-12-01,SKU_4,Fashion,81.42,0,0,50
2024-12-02,SKU_4,Fashion,72.64,0,0,56
2024-12-03,SKU_4,Fashion,19.72,0,0,66
2024-12-04,SKU_4,Fashion,76.8,0,0,44
2024-12-05,SKU_4,Fashion,48.02,0,0,55
2024-12-06,SKU_4,Fashion,97.84,0,0,41
2024-12-07,SKU_4,Fashion,39.64,0,0,75
2024-12-08,SKU_4,Fashion,11.62,0,0,79
2024-12-09,SKU_4,Fashion,55.94,0,0,57
2024-12-10,SKU_4,Fashion,68.0,0,0,53
2024-12-11,SKU_4,Fashion,84.57,0,0,42
2024-12-12,SKU_4,Fashion,29.34,0,0,66
2024-12-13,SKU_4,Fashion,28.1,0,0,60
2024-12-14,SKU_4,Fashion,55.77,0,0,59
2024-12-15,SKU_4,Fashion,34.36,0,0,71
2024-12-16,SKU_4,Fashion,36.88,0,0,58
2024-12-17,SKU_4,Fashion,77.21,0,0,48
2024-12-18,SKU_4,Fashion,72.66,0,0,55
2024-12-19,SKU_4,Fashion,49.71,0,0,56
2024-12-20,SKU_4,Fashion,65.75,0,0,57
2024-12-21,SKU_4,Fashion,48.86,0,0,66
2024-12-22,SKU_4,Fashion,53.77,1,0,98
2024-12-23,SKU_4,Fashion,80.66,0,0,48
2024-12-24,SKU_4,Fashion,52.1,0,0,62
2024-12-25,SKU_4,Fashion,77.77,1,1,124
2024-12-26,SKU_4,Fashion,14.43,0,0,65
2024-12-27,SKU_4,Fashion,59.36,0,0,51
2024-12-28,SKU_4,Fashion,57.78,0,0,59
2024-12-29,SKU_4,Fashion,24.27,0,0,73
2024-12-30,SKU_4,Fashion,50.8,0,0,57
2024-12-31,SKU_4,Fashion,78.72,0,0,55
2025-01-01,SKU_4,Fashion,20.18,0,1,84
2025-01-02,SKU_4,Fashion,49.33,0,0,44
2025-01-03,SKU_4,Fashion,44.93,0,0,35
2025-01-04,SKU_4,Fashion,30.42,0,0,44
2025-01-05,SKU_4,Fashion,25.36,0,0,63
2025-01-06,SKU_4,Fashion,86.73,0,0,25
2025-01-07,SKU_4,Fashion,39.99,1,0,56
2025-01-08,SKU_4,Fashion,18.12,0,0,42
2025-01-09,SKU_4,Fashion,74.41,1,0,55
2025-01-10,SKU_4,Fashion,73.37,0,0,24
2025-01-11,SKU_4,Fashion,96.12,0,0,44
2025-01-12,SKU_4,Fashion,93.84,0,0,39
2025-01-13,SKU_4,Fashion,28.84,0,0,55
2025-01-14,SKU_4,Fashion,31.74,0,0,30
2025-01-15,SKU_4,Fashion,98.26,0,0,23
2025-01-16,SKU_4,Fashion,50.7,0,0,39
2025-01-17,SKU_4,Fashion,23.49,0,0,52
2025-01-18,SKU_4,Fashion,32.83,0,0,50
2025-01-19,SKU_4,Fashion,98.73,0,0,29
2025-01-20,SKU_4,Fashion,21.73,0,0,47
2025-01-21,SKU_4,Fashion,87.62,0,0,19
2025-01-22,SKU_4,Fashion,32.21,1,0,65
2025-01-23,SKU_4,Fashion,47.25,0,0,38
2025-01-24,SKU_4,Fashion,28.62,0,0,39
2025-01-25,SKU_4,Fashion,72.02,0,0,49
2025-01-26,SKU_4,Fashion,87.28,0,0,37
2025-01-27,SKU_4,Fashion,20.35,0,0,44
2025-01-28,SKU_4,Fashion,49.74,0,0,31
2025-01-29,SKU_4,Fashion,39.7,1,0,73
2025-01-30,SKU_4,Fashion,91.13,1,0,54
2025-01-31,SKU_4,Fashion,32.74,1,0,64
2025-02-01,SKU_4,Fashion,56.82,0,0,42
2025-02-02,SKU_4,Fashion,25.4,0,0,50
2025-02-03,SKU_4,Fashion,73.44,0,0,31
2025-02-04,SKU_4,Fashion,96.06,0,0,20
2025-02-05,SKU_4,Fashion,32.31,0,0,47
2025-02-06,SKU_4,Fashion,56.25,0,0,39
2025-02-07,SKU_4,Fashion,26.31,0,0,43
2025-02-08,SKU_4,Fashion,94.47,0,0,35
2025-02-09,SKU_4,Fashion,98.02,0,0,33
2025-02-10,SKU_4,Fashion,38.45,0,0,42
2025-02-11,SKU_4,Fashion,37.84,0,0,43
2025-02-12,SKU_4,Fashion,63.66,0,0,30
2025-02-13,SKU_4,Fashion,35.91,1,0,69
2025-02-14,SKU_4,Fashion,71.92,0,0,26
2025-02-15,SKU_4,Fashion,32.7,0,0,59
2025-02-16,SKU_4,Fashion,48.2,0,0,47
2025-02-17,SKU_4,Fashion,48.38,0,0,36
2025-02-18,SKU_4,Fashion,80.32,0,0,29
2025-02-19,SKU_4,Fashion,67.16,0,0,40
2025-02-20,SKU_4,Fashion,39.15,0,0,42
2025-02-21,SKU_4,Fashion,89.88,0,0,31
2025-02-22,SKU_4,Fashion,70.68,0,0,41
2025-02-23,SKU_4,Fashion,69.32,0,0,44
2025-02-24,SKU_4,Fashion,43.63,0,0,27
2025-02-25,SKU_4,Fashion,18.61,0,0,42
2025-02-26,SKU_4,Fashion,71.16,0,0,40
2025-02-27,SKU_4,Fashion,63.43,0,0,37
2025-02-28,SKU_4,Fashion,90.77,0,0,28
2025-03-01,SKU_4,Fashion,89.37,0,0,51
2025-03-02,SKU_4,Fashion,90.99,1,0,55
2025-03-03,SKU_4,Fashion,34.7,0,0,35
2025-03-04,SKU_4,Fashion,34.17,0,0,35
2025-03-05,SKU_4,Fashion,16.29,0,0,43
2025-03-06,SKU_4,Fashion,15.54,0,0,51
2025-03-07,SKU_4,Fashion,79.16,0,0,28
2025-03-08,SKU_4,Fashion,52.33,0,0,49
2025-03-09,SKU_4,Fashion,78.65,0,0,50
2025-03-10,SKU_4,Fashion,10.86,0,0,51
2025-03-11,SKU_4,Fashion,91.65,0,0,27
2025-03-12,SKU_4,Fashion,41.3,0,0,49
2025-03-13,SKU_4,Fashion,68.98,0,0,41
2025-03-14,SKU_4,Fashion,23.92,0,0,43
2025-03-15,SKU_4,Fashion,46.72,0,0,44
2025-03-16,SKU_4,Fashion,88.97,0,0,41
2025-03-17,SKU_4,Fashion,91.99,0,0,32
2025-03-18,SKU_4,Fashion,64.4,0,0,34
2025-03-19,SKU_4,Fashion,87.61,0,0,32
2025-03-20,SKU_4,Fashion,29.93,0,0,39
2025-03-21,SKU_4,Fashion,46.83,0,0,44
2025-03-22,SKU_4,Fashion,51.13,0,0,45
2025-03-23,SKU_4,Fashion,64.38,0,0,43
2025-03-24,SKU_4,Fashion,33.85,0,0,49
2025-03-25,SKU_4,Fashion,50.42,0,0,34
2025-03-26,SKU_4,Fashion,29.24,0,0,44
2025-03-27,SKU_4,Fashion,47.15,0,0,42
2025-03-28,SKU_4,Fashion,50.4,0,0,31
2025-03-29,SKU_4,Fashion,28.32,0,0,45
2025-03-30,SKU_4,Fashion,54.82,0,0,40
2025-03-31,SKU_4,Fashion,60.3,0,0,31
2025-04-01,SKU_4,Fashion,82.97,0,0,32
2025-04-02,SKU_4,Fashion,22.23,1,0,64
2025-04-03,SKU_4,Fashion,39.3,0,0,42
2025-04-04,SKU_4,Fashion,73.89,0,0,26
2025-04-05,SKU_4,Fashion,82.73,0,0,39
2025-04-06,SKU_4,Fashion,64.56,0,0,49
2025-04-07,SKU_4,Fashion,17.82,0,0,40
2025-04-08,SKU_4,Fashion,26.93,0,0,55
2025-04-09,SKU_4,Fashion,11.09,0,0,46
2025-04-10,SKU_4,Fashion,64.52,0,0,35
2025-04-11,SKU_4,Fashion,61.61,0,0,38
2025-04-12,SKU_4,Fashion,84.55,1,0,58
2025-04-13,SKU_4,Fashion,55.4,0,0,44
2025-04-14,SKU_4,Fashion,55.29,0,0,38
2025-04-15,SKU_4,Fashion,36.05,0,0,42
2025-04-16,SKU_4,Fashion,48.39,0,0,49
2025-04-17,SKU_4,Fashion,54.61,0,0,39
2025-04-18,SKU_4,Fashion,77.83,0,0,28
2025-04-19,SKU_4,Fashion,75.2,0,0,35
2025-04-20,SKU_4,Fashion,29.33,0,0,49
2025-04-21,SKU_4,Fashion,76.9,0,0,27
2025-04-22,SKU_4,Fashion,50.88,0,0,40
2025-04-23,SKU_4,Fashion,17.2,0,0,49
2025-04-24,SKU_4,Fashion,63.17,0,0,28
2025-04-25,SKU_4,Fashion,14.85,0,0,59
2025-04-26,SKU_4,Fashion,55.43,0,0,41
2025-04-27,SKU_4,Fashion,25.62,0,0,59
2025-04-28,SKU_4,Fashion,86.92,1,0,50
2025-04-29,SKU_4,Fashion,54.27,0,0,32
2025-04-30,SKU_4,Fashion,70.42,0,0,38
2025-05-01,SKU_4,Fashion,82.37,0,0,30
2025-05-02,SKU_4,Fashion,21.45,0,0,42
2025-05-03,SKU_4,Fashion,33.69,0,0,52
2025-05-04,SKU_4,Fashion,47.03,0,0,47
2025-05-05,SKU_4,Fashion,87.21,0,0,34
2025-05-06,SKU_4,Fashion,69.3,0,0,28
2025-05-07,SKU_4,Fashion,75.9,0,0,44
2025-05-08,SKU_4,Fashion,70.14,0,0,36
2025-05-09,SKU_4,Fashion,46.32,0,0,37
2025-05-10,SKU_4,Fashion,55.61,0,0,48
2025-05-11,SKU_4,Fashion,33.24,0,0,49
2025-05-12,SKU_4,Fashion,99.28,0,0,29
2025-05-13,SKU_4,Fashion,79.11,0,0,33
2025-05-14,SKU_4,Fashion,21.06,0,0,46
2025-05-15,SKU_4,Fashion,41.16,0,0,36
2025-05-16,SKU_4,Fashion,73.84,0,0,24
2025-05-17,SKU_4,Fashion,40.8,0,0,58
2025-05-18,SKU_4,Fashion,99.35,0,0,33
2025-05-19,SKU_4,Fashion,39.61,0,0,46
2025-05-20,SKU_4,Fashion,33.59,0,0,40
2025-05-21,SKU_4,Fashion,56.04,0,0,29
2025-05-22,SKU_4,Fashion,13.77,1,0,89
2025-05-23,SKU_4,Fashion,14.42,1,0,76
2025-05-24,SKU_4,Fashion,86.83,0,0,41
2025-05-25,SKU_4,Fashion,75.92,0,0,40
2025-05-26,SKU_4,Fashion,69.15,1,0,56
2025-05-27,SKU_4,Fashion,52.33,1,0,64
2025-05-28,SKU_4,Fashion,72.08,0,0,28
2025-05-29,SKU_4,Fashion,15.8,0,0,50
2025-05-30,SKU_4,Fashion,65.98,0,0,42
2025-05-31,SKU_4,Fashion,65.41,0,0,46
2025-06-01,SKU_4,Fashion,72.57,0,0,51
2025-06-02,SKU_4,Fashion,41.52,0,0,33
2025-06-03,SKU_4,Fashion,22.06,1,0,72
2025-06-04,SKU_4,Fashion,29.29,0,0,43
2025-06-05,SKU_4,Fashion,49.86,0,0,40
2025-06-06,SKU_4,Fashion,72.07,0,0,33
2025-06-07,SKU_4,Fashion,72.83,0,0,40
2025-06-08,SKU_4,Fashion,84.86,0,0,38
2025-06-09,SKU_4,Fashion,54.45,1,0,68
2025-06-10,SKU_4,Fashion,94.9,0,0,18
2025-06-11,SKU_4,Fashion,92.13,0,0,31
2025-06-12,SKU_4,Fashion,66.41,0,0,39
2025-06-13,SKU_4,Fashion,66.58,0,0,37
2025-06-14,SKU_4,Fashion,79.93,0,0,42
2025-06-15,SKU_4,Fashion,29.41,0,0,56
2025-06-16,SKU_4,Fashion,84.63,0,0,26
2025-06-17,SKU_4,Fashion,61.38,0,0,34
2025-06-18,SKU_4,Fashion,84.52,0,0,30
2025-06-19,SKU_4,Fashion,63.49,0,0,31
2025-06-20,SKU_4,Fashion,98.2,0,0,28
2025-06-21,SKU_4,Fashion,30.47,0,0,59
2025-06-22,SKU_4,Fashion,67.92,0,0,40
2025-06-23,SKU_4,Fashion,90.42,0,0,21
2025-06-24,SKU_4,Fashion,45.11,0,0,37
2025-06-25,SKU_4,Fashion,93.63,0,0,31
2025-06-26,SKU_4,Fashion,93.77,0,0,25
2025-06-27,SKU_4,Fashion,61.93,0,0,41
2025-06-28,SKU_4,Fashion,60.83,0,0,45
2025-06-29,SKU_4,Fashion,39.04,0,0,59
2025-06-30,SKU_4,Fashion,86.79,0,0,32
2025-07-01,SKU_4,Fashion,56.76,0,0,37
2025-07-02,SKU_4,Fashion,69.54,0,0,35
2025-07-03,SKU_4,Fashion,76.27,0,0,29
2025-07-04,SKU_4,Fashion,63.68,0,0,37
2025-07-05,SKU_4,Fashion,17.17,0,0,69
2025-07-06,SKU_4,Fashion,74.84,0,0,33
2025-07-07,SKU_4,Fashion,39.95,0,0,48
2025-07-08,SKU_4,Fashion,59.81,0,0,44
2025-07-09,SKU_4,Fashion,72.69,0,0,37
2025-07-10,SKU_4,Fashion,62.89,0,0,36
2025-07-11,SKU_4,Fashion,28.33,0,0,46
2025-07-12,SKU_4,Fashion,56.34,0,0,39
2025-07-13,SKU_4,Fashion,97.99,0,0,37
2025-07-14,SKU_4,Fashion,49.24,0,0,46
2025-07-15,SKU_4,Fashion,40.65,0,0,47
2025-07-16,SKU_4,Fashion,62.16,0,0,29
2025-07-17,SKU_4,Fashion,43.03,0,0,42
2025-07-18,SKU_4,Fashion,83.16,0,0,31
2025-07-19,SKU_4,Fashion,69.3,0,0,49
2025-07-20,SKU_4,Fashion,37.5,0,0,53
2025-07-21,SKU_4,Fashion,44.38,0,0,38
2025-07-22,SKU_4,Fashion,48.3,1,0,68
2025-07-23,SKU_4,Fashion,73.92,0,0,39
2025-07-24,SKU_4,Fashion,74.76,0,0,32
2025-07-25,SKU_4,Fashion,86.15,0,0,26
2025-07-26,SKU_4,Fashion,38.47,0,0,58
2025-07-27,SKU_4,Fashion,33.11,1,0,79
2025-07-28,SKU_4,Fashion,61.42,0,0,38
2025-07-29,SKU_4,Fashion,56.51,1,0,65
2025-07-30,SKU_4,Fashion,38.35,0,0,51
2025-07-31,SKU_4,Fashion,95.55,0,0,26
2025-08-01,SKU_4,Fashion,28.11,0,0,51
2025-08-02,SKU_4,Fashion,86.74,1,0,63
2025-08-03,SKU_4,Fashion,51.79,0,0,58
2025-08-04,SKU_4,Fashion,55.45,0,0,41
2025-08-05,SKU_4,Fashion,56.54,0,0,42
2025-08-06,SKU_4,Fashion,76.67,0,0,37
2025-08-07,SKU_4,Fashion,28.41,0,0,52
2025-08-08,SKU_4,Fashion,52.29,0,0,47
2025-08-09,SKU_4,Fashion,22.44,0,0,56
2025-08-10,SKU_4,Fashion,98.19,0,0,40
2025-08-11,SKU_4,Fashion,16.39,0,0,45
2025-08-12,SKU_4,Fashion,73.19,0,0,40
2025-08-13,SKU_4,Fashion,17.76,0,0,52
2025-08-14,SKU_4,Fashion,44.04,1,0,75
2025-08-15,SKU_4,Fashion,74.45,0,0,36
2025-08-16,SKU_4,Fashion,36.22,0,0,58
2025-08-17,SKU_4,Fashion,74.57,0,0,43
2025-08-18,SKU_4,Fashion,57.5,1,0,54
2025-08-19,SKU_4,Fashion,52.81,0,0,52
2025-08-20,SKU_4,Fashion,98.74,0,0,27
2025-08-21,SKU_4,Fashion,90.56,0,0,35
2025-08-22,SKU_4,Fashion,96.56,0,0,37
2025-08-23,SKU_4,Fashion,95.55,0,0,31
2025-08-24,SKU_4,Fashion,77.15,0,0,35
2025-08-25,SKU_4,Fashion,59.7,0,0,40
2025-08-26,SKU_4,Fashion,39.06,0,0,57
2025-08-27,SKU_4,Fashion,27.85,0,0,47
2025-08-28,SKU_4,Fashion,56.03,1,0,62
2025-08-29,SKU_4,Fashion,46.64,0,0,51
2025-08-30,SKU_4,Fashion,58.98,0,0,48
2025-08-31,SKU_4,Fashion,54.65,0,0,66
2025-09-01,SKU_4,Fashion,21.35,0,0,52
2025-09-02,SKU_4,Fashion,46.16,0,0,47
2025-09-03,SKU_4,Fashion,67.41,1,0,59
2025-09-04,SKU_4,Fashion,83.84,1,0,64
2025-09-05,SKU_4,Fashion,25.5,0,0,45
2025-09-06,SKU_4,Fashion,86.99,0,0,36
2025-09-07,SKU_4,Fashion,16.85,0,0,58
2025-09-08,SKU_4,Fashion,81.81,0,0,30
2025-09-09,SKU_4,Fashion,10.52,0,0,45
2025-09-10,SKU_4,Fashion,70.85,0,0,29
2025-09-11,SKU_4,Fashion,74.88,0,0,39
2025-09-12,SKU_4,Fashion,49.86,1,0,77
2025-09-13,SKU_4,Fashion,52.87,0,0,62
2025-09-14,SKU_4,Fashion,62.47,0,0,49
2025-09-15,SKU_4,Fashion,94.78,1,0,53
2025-09-16,SKU_4,Fashion,39.65,0,0,42
2025-09-17,SKU_4,Fashion,91.97,0,0,31
2025-09-18,SKU_4,Fashion,33.97,0,0,43
2025-09-19,SKU_4,Fashion,93.46,0,0,34
2025-09-20,SKU_4,Fashion,76.31,0,0,44
2025-09-21,SKU_4,Fashion,21.03,0,0,61
2025-09-22,SKU_4,Fashion,43.05,0,0,49
2025-09-23,SKU_4,Fashion,19.05,0,0,62
2025-09-24,SKU_4,Fashion,72.59,0,0,36
2025-09-25,SKU_4,Fashion,73.35,0,0,40
2025-09-26,SKU_4,Fashion,50.52,0,0,43
2025-09-27,SKU_4,Fashion,37.69,0,0,57
2025-09-28,SKU_4,Fashion,37.37,0,0,55
2025-09-29,SKU_4,Fashion,39.45,0,0,43
2025-09-30,SKU_4,Fashion,21.67,0,0,49
2025-10-01,SKU_4,Fashion,55.62,0,0,46
2025-10-02,SKU_4,Fashion,14.03,0,0,61
2025-10-03,SKU_4,Fashion,35.21,0,0,45
2025-10-04,SKU_4,Fashion,56.97,0,0,47
2025-10-05,SKU_4,Fashion,44.3,0,0,50
2025-10-06,SKU_4,Fashion,58.71,0,0,47
2025-10-07,SKU_4,Fashion,17.18,0,0,56
2025-10-08,SKU_4,Fashion,17.93,0,0,52
2025-10-09,SKU_4,Fashion,75.91,0,0,41
2025-10-10,SKU_4,Fashion,29.94,0,0,51
2025-10-11,SKU_4,Fashion,59.4,0,0,62
2025-10-12,SKU_4,Fashion,91.2,1,0,73
2025-10-13,SKU_4,Fashion,82.13,0,0,33
2025-10-14,SKU_4,Fashion,55.46,0,0,33
2025-10-15,SKU_4,Fashion,22.51,0,0,56
2025-10-16,SKU_4,Fashion,41.62,0,0,41
2025-10-17,SKU_4,Fashion,41.49,0,0,41
2025-10-18,SKU_4,Fashion,18.99,0,0,70
2025-10-19,SKU_4,Fashion,43.29,0,0,62
2025-10-20,SKU_4,Fashion,89.62,0,0,36
2025-10-21,SKU_4,Fashion,48.59,0,0,40
2025-10-22,SKU_4,Fashion,82.87,0,0,37
2025-10-23,SKU_4,Fashion,78.92,0,0,43
2025-10-24,SKU_4,Fashion,29.01,0,0,47
2025-10-25,SKU_4,Fashion,97.84,0,0,37
2025-10-26,SKU_4,Fashion,58.74,0,0,41
2025-10-27,SKU_4,Fashion,78.56,0,0,38
2025-10-28,SKU_4,Fashion,87.07,0,0,34
2025-10-29,SKU_4,Fashion,41.3,0,0,45
2025-10-30,SKU_4,Fashion,80.93,0,0,36
2025-10-31,SKU_4,Fashion,24.64,0,0,53
2025-11-01,SKU_4,Fashion,84.72,0,0,67
2025-11-02,SKU_4,Fashion,27.46,0,0,81
2025-11-03,SKU_4,Fashion,82.5,0,0,45
2025-11-04,SKU_4,Fashion,62.32,0,0,57
2025-11-05,SKU_4,Fashion,88.63,0,0,55
2025-11-06,SKU_4,Fashion,32.2,0,0,65
2025-11-07,SKU_4,Fashion,36.82,0,0,76
2025-11-08,SKU_4,Fashion,37.06,0,0,68
2025-11-09,SKU_4,Fashion,88.89,0,0,68
2025-11-10,SKU_4,Fashion,33.94,1,0,105
2025-11-11,SKU_4,Fashion,99.88,1,0,65
2025-11-12,SKU_4,Fashion,75.43,0,0,56
2025-11-13,SKU_4,Fashion,12.03,0,0,74
2025-11-14,SKU_4,Fashion,36.46,0,0,59
2025-11-15,SKU_4,Fashion,46.65,0,0,78
2025-11-16,SKU_4,Fashion,58.13,0,0,72
2025-11-17,SKU_4,Fashion,70.39,0,0,51
2025-11-18,SKU_4,Fashion,19.94,0,0,69
2025-11-19,SKU_4,Fashion,33.8,0,0,69
2025-11-20,SKU_4,Fashion,56.57,0,0,63
2025-11-21,SKU_4,Fashion,46.15,0,0,69
2025-11-22,SKU_4,Fashion,79.95,1,0,94
2025-11-23,SKU_4,Fashion,84.58,0,0,61
2025-11-24,SKU_4,Fashion,27.0,0,0,66
2025-11-25,SKU_4,Fashion,36.67,0,0,73
2025-11-26,SKU_4,Fashion,30.68,0,0,67
2025-11-27,SKU_4,Fashion,14.01,0,0,68
2025-11-28,SKU_4,Fashion,74.45,1,0,76
2025-11-29,SKU_4,Fashion,66.36,0,0,64
2025-11-30,SKU_4,Fashion,27.0,0,0,79
2025-12-01,SKU_4,Fashion,88.41,0,0,56
2025-12-02,SKU_4,Fashion,40.75,0,0,67
2025-12-03,SKU_4,Fashion,95.92,0,0,59
2025-12-04,SKU_4,Fashion,91.83,1,0,66
2025-12-05,SKU_4,Fashion,72.09,0,0,59
2025-12-06,SKU_4,Fashion,28.63,0,0,78
2025-12-07,SKU_4,Fashion,36.21,0,0,77
2025-12-08,SKU_4,Fashion,82.39,0,0,56
2025-12-09,SKU_4,Fashion,26.77,0,0,75
2025-12-10,SKU_4,Fashion,42.7,0,0,64
2025-12-11,SKU_4,Fashion,26.13,0,0,72
2025-12-12,SKU_4,Fashion,51.78,0,0,50
2025-12-13,SKU_4,Fashion,29.33,1,0,105
2025-12-14,SKU_4,Fashion,76.24,0,0,70
2025-12-15,SKU_4,Fashion,51.73,0,0,65
2025-12-16,SKU_4,Fashion,64.81,0,0,56
2025-12-17,SKU_4,Fashion,57.91,0,0,60
2025-12-18,SKU_4,Fashion,72.84,0,0,52
2025-12-19,SKU_4,Fashion,74.83,0,0,60
2025-12-20,SKU_4,Fashion,45.59,0,0,81
2025-12-21,SKU_4,Fashion,70.46,1,0,86
2025-12-22,SKU_4,Fashion,51.46,0,0,69
2025-12-23,SKU_4,Fashion,49.68,0,0,63
2025-12-24,SKU_4,Fashion,79.7,0,0,56
2025-12-25,SKU_4,Fashion,41.14,0,1,105
2025-12-26,SKU_4,Fashion,52.22,0,0,61
2025-12-27,SKU_4,Fashion,13.01,0,0,84
2025-12-28,SKU_4,Fashion,95.9,0,0,65
2025-12-29,SKU_4,Fashion,84.41,0,0,61
2025-12-30,SKU_4,Fashion,55.43,0,0,67
2025-12-31,SKU_4,Fashion,16.5,0,0,83
2024-01-01,SKU_5,Beauty,73.89,0,1,68
2024-01-02,SKU_5,Beauty,54.06,0,0,33
2024-01-03,SKU_5,Beauty,88.46,0,0,21
2024-01-04,SKU_5,Beauty,41.72,0,0,35
