data/retail_demand_data.csv
date,sku_id,category,price,promotion,holiday,demand
2024-01-05,SKU_5,Beauty,24.19,0,0,39
2024-01-06,SKU_5,Beauty,46.49,1,0,69
2024-01-07,SKU_5,Beauty,11.28,0,0,55
2024-01-08,SKU_5,Beauty,55.97,0,0,28
2024-01-09,SKU_5,Beauty,79.05,0,0,23
2024-01-10,SKU_5,Beauty,75.42,0,0,37
2024-01-11,SKU_5,Beauty,23.8,0,0,43
2024-01-12,SKU_5,Beauty,30.51,0,0,45
2024-01-13,SKU_5,Beauty,42.25,0,0,44
2024-01-14,SKU_5,Beauty,52.08,0,0,42
2024-01-15,SKU_5,Beauty,50.45,0,0,30
2024-01-16,SKU_5,Beauty,92.93,0,0,27
2024-01-17,SKU_5,Beauty,35.09,0,0,44
2024-01-18,SKU_5,Beauty,60.64,0,0,32
2024-01-19,SKU_5,Beauty,48.44,0,0,30
2024-01-20,SKU_5,Beauty,34.8,1,0,80
2024-01-21,SKU_5,Beauty,92.64,0,0,39
2024-01-22,SKU_5,Beauty,27.38,0,0,44
2024-01-23,SKU_5,Beauty,18.41,0,0,38
2024-01-24,SKU_5,Beauty,84.97,0,0,25
2024-01-25,SKU_5,Beauty,38.62,1,0,69
2024-01-26,SKU_5,Beauty,53.07,1,0,75
2024-01-27,SKU_5,Beauty,92.96,0,0,36
2024-01-28,SKU_5,Beauty,93.76,1,0,56
2024-01-29,SKU_5,Beauty,46.03,0,0,35
2024-01-30,SKU_5,Beauty,20.62,0,0,49
2024-01-31,SKU_5,Beauty,47.08,0,0,27
2024-02-01,SKU_5,Beauty,56.36,0,0,40
2024-02-02,SKU_5,Beauty,68.46,0,0,21
2024-02-03,SKU_5,Beauty,56.19,0,0,35
2024-02-04,SKU_5,Beauty,52.88,0,0,51
2024-02-05,SKU_5,Beauty,92.3,0,0,18
2024-02-06,SKU_5,Beauty,96.61,0,0,10
2024-02-07,SKU_5,Beauty,10.91,0,0,42
2024-02-08,SKU_5,Beauty,19.85,0,0,38
2024-02-09,SKU_5,Beauty,28.62,0,0,48
2024-02-10,SKU_5,Beauty,57.07,1,0,67
2024-02-11,SKU_5,Beauty,27.97,0,0,47
2024-02-12,SKU_5,Beauty,70.47,0,0,29
2024-02-13,SKU_5,Beauty,94.75,1,0,52
2024-02-14,SKU_5,Beauty,55.0,0,0,32
2024-02-15,SKU_5,Beauty,47.96,0,0,34
2024-02-16,SKU_5,Beauty,53.11,0,0,36
2024-02-17,SKU_5,Beauty,21.94,0,0,51
2024-02-18,SKU_5,Beauty,80.12,0,0,33
2024-02-19,SKU_5,Beauty,59.92,0,0,30
2024-02-20,SKU_5,Beauty,21.78,0,0,36
2024-02-21,SKU_5,Beauty,38.22,0,0,38
2024-02-22,SKU_5,Beauty,48.57,0,0,36
2024-02-23,SKU_5,Beauty,45.58,0,0,46
2024-02-24,SKU_5,Beauty,48.27,0,0,52
2024-02-25,SKU_5,Beauty,69.34,0,0,26
2024-02-26,SKU_5,Beauty,70.33,0,0,33
2024-02-27,SKU_5,Beauty,68.27,0,0,31
2024-02-28,SKU_5,Beauty,80.16,0,0,28
2024-02-29,SKU_5,Beauty,17.17,0,0,46
2024-03-01,SKU_5,Beauty,67.6,0,0,35
2024-03-02,SKU_5,Beauty,41.99,0,0,55
2024-03-03,SKU_5,Beauty,14.02,0,0,52
2024-03-04,SKU_5,Beauty,84.04,0,0,30
2024-03-05,SKU_5,Beauty,26.67,0,0,45
2024-03-06,SKU_5,Beauty,33.11,0,0,51
2024-03-07,SKU_5,Beauty,46.92,0,0,36
2024-03-08,SKU_5,Beauty,18.6,0,0,43
2024-03-09,SKU_5,Beauty,68.24,0,0,41
2024-03-10,SKU_5,Beauty,13.43,0,0,56
2024-03-11,SKU_5,Beauty,74.08,0,0,24
2024-03-12,SKU_5,Beauty,79.86,0,0,25
2024-03-13,SKU_5,Beauty,51.98,1,0,57
2024-03-14,SKU_5,Beauty,33.08,0,0,32
2024-03-15,SKU_5,Beauty,11.42,0,0,52
2024-03-16,SKU_5,Beauty,17.49,0,0,50
2024-03-17,SKU_5,Beauty,89.0,0,0,25
2024-03-18,SKU_5,Beauty,74.94,0,0,29
2024-03-19,SKU_5,Beauty,52.79,0,0,36
2024-03-20,SKU_5,Beauty,42.79,0,0,43
2024-03-21,SKU_5,Beauty,32.43,0,0,45
2024-03-22,SKU_5,Beauty,14.5,1,0,79
2024-03-23,SKU_5,Beauty,81.03,0,0,32
2024-03-24,SKU_5,Beauty,80.85,1,0,60
2024-03-25,SKU_5,Beauty,84.1,0,0,31
2024-03-26,SKU_5,Beauty,17.63,0,0,49
2024-03-27,SKU_5,Beauty,10.61,0,0,56
2024-03-28,SKU_5,Beauty,95.46,0,0,23
2024-03-29,SKU_5,Beauty,53.5,0,0,30
2024-03-30,SKU_5,Beauty,42.98,0,0,46
2024-03-31,SKU_5,Beauty,69.9,0,0,33
2024-04-01,SKU_5,Beauty,35.93,0,0,46
2024-04-02,SKU_5,Beauty,28.47,0,0,46
2024-04-03,SKU_5,Beauty,33.55,0,0,49
2024-04-04,SKU_5,Beauty,47.65,0,0,40
2024-04-05,SKU_5,Beauty,84.0,0,0,30
2024-04-06,SKU_5,Beauty,96.8,0,0,36
2024-04-07,SKU_5,Beauty,35.11,0,0,46
2024-04-08,SKU_5,Beauty,59.73,0,0,30
2024-04-09,SKU_5,Beauty,82.16,1,0,49
2024-04-10,SKU_5,Beauty,81.47,0,0,27
2024-04-11,SKU_5,Beauty,87.6,0,0,27
2024-04-12,SKU_5,Beauty,47.29,0,0,25
2024-04-13,SKU_5,Beauty,40.92,1,0,70
2024-04-14,SKU_5,Beauty,91.92,1,0,64
2024-04-15,SKU_5,Beauty,11.65,0,0,57
2024-04-16,SKU_5,Beauty,77.88,0,0,22
2024-04-17,SKU_5,Beauty,95.31,0,0,22
2024-04-18,SKU_5,Beauty,91.69,0,0,26
2024-04-19,SKU_5,Beauty,56.97,0,0,25
2024-04-20,SKU_5,Beauty,31.09,0,0,61
2024-04-21,SKU_5,Beauty,79.88,0,0,42
2024-04-22,SKU_5,Beauty,61.1,0,0,32
2024-04-23,SKU_5,Beauty,65.79,0,0,34
2024-04-24,SKU_5,Beauty,84.16,0,0,21
2024-04-25,SKU_5,Beauty,85.33,0,0,29
2024-04-26,SKU_5,Beauty,18.22,0,0,41
2024-04-27,SKU_5,Beauty,52.33,1,0,70
2024-04-28,SKU_5,Beauty,93.53,0,0,23
2024-04-29,SKU_5,Beauty,49.86,0,0,39
2024-04-30,SKU_5,Beauty,75.09,0,0,32
2024-05-01,SKU_5,Beauty,80.8,1,0,55
2024-05-02,SKU_5,Beauty,87.17,0,0,29
2024-05-03,SKU_5,Beauty,37.34,0,0,48
2024-05-04,SKU_5,Beauty,61.1,0,0,46
2024-05-05,SKU_5,Beauty,45.08,0,0,50
2024-05-06,SKU_5,Beauty,65.44,0,0,33
2024-05-07,SKU_5,Beauty,49.5,0,0,32
2024-05-08,SKU_5,Beauty,64.74,1,0,57
2024-05-09,SKU_5,Beauty,39.13,0,0,32
2024-05-10,SKU_5,Beauty,62.51,0,0,33
2024-05-11,SKU_5,Beauty,85.15,1,0,64
2024-05-12,SKU_5,Beauty,73.74,0,0,32
2024-05-13,SKU_5,Beauty,76.84,0,0,27
2024-05-14,SKU_5,Beauty,92.3,0,0,26
2024-05-15,SKU_5,Beauty,14.86,0,0,46
2024-05-16,SKU_5,Beauty,73.32,0,0,28
2024-05-17,SKU_5,Beauty,66.21,0,0,45
2024-05-18,SKU_5,Beauty,60.42,0,0,46
2024-05-19,SKU_5,Beauty,77.43,0,0,38
2024-05-20,SKU_5,Beauty,63.24,1,0,52
2024-05-21,SKU_5,Beauty,28.2,0,0,48
2024-05-22,SKU_5,Beauty,55.42,0,0,35
2024-05-23,SKU_5,Beauty,96.34,1,0,49
2024-05-24,SKU_5,Beauty,38.01,0,0,43
2024-05-25,SKU_5,Beauty,99.39,0,0,34
2024-05-26,SKU_5,Beauty,36.96,0,0,48
2024-05-27,SKU_5,Beauty,43.1,0,0,50
2024-05-28,SKU_5,Beauty,67.85,0,0,30
2024-05-29,SKU_5,Beauty,22.32,0,0,55
2024-05-30,SKU_5,Beauty,26.9,0,0,52
2024-05-31,SKU_5,Beauty,64.77,0,0,34
2024-06-01,SKU_5,Beauty,50.75,0,0,49
2024-06-02,SKU_5,Beauty,90.99,0,0,33
2024-06-03,SKU_5,Beauty,99.13,0,0,18
2024-06-04,SKU_5,Beauty,66.97,0,0,30
2024-06-05,SKU_5,Beauty,33.33,0,0,48
2024-06-06,SKU_5,Beauty,47.45,0,0,33
2024-06-07,SKU_5,Beauty,65.62,0,0,26
2024-06-08,SKU_5,Beauty,53.81,0,0,51
2024-06-09,SKU_5,Beauty,96.89,1,0,50
2024-06-10,SKU_5,Beauty,34.19,0,0,39
2024-06-11,SKU_5,Beauty,64.62,0,0,20
2024-06-12,SKU_5,Beauty,53.43,0,0,34
2024-06-13,SKU_5,Beauty,58.74,0,0,40
2024-06-14,SKU_5,Beauty,60.04,0,0,41
2024-06-15,SKU_5,Beauty,12.18,0,0,52
2024-06-16,SKU_5,Beauty,77.23,0,0,42
2024-06-17,SKU_5,Beauty,96.23,1,0,54
2024-06-18,SKU_5,Beauty,87.51,0,0,33
2024-06-19,SKU_5,Beauty,85.36,0,0,20
2024-06-20,SKU_5,Beauty,49.61,0,0,36
2024-06-21,SKU_5,Beauty,53.78,0,0,42
2024-06-22,SKU_5,Beauty,15.87,0,0,60
2024-06-23,SKU_5,Beauty,35.92,0,0,48
2024-06-24,SKU_5,Beauty,89.94,0,0,24
2024-06-25,SKU_5,Beauty,86.06,0,0,20
2024-06-26,SKU_5,Beauty,54.51,0,0,35
2024-06-27,SKU_5,Beauty,58.49,0,0,31
2024-06-28,SKU_5,Beauty,21.8,0,0,39
2024-06-29,SKU_5,Beauty,82.94,0,0,36
2024-06-30,SKU_5,Beauty,13.03,0,0,64
2024-07-01,SKU_5,Beauty,46.41,0,0,44
2024-07-02,SKU_5,Beauty,11.91,0,0,48
2024-07-03,SKU_5,Beauty,52.81,0,0,42
2024-07-04,SKU_5,Beauty,72.07,0,0,30
2024-07-05,SKU_5,Beauty,49.57,0,0,27
2024-07-06,SKU_5,Beauty,32.54,0,0,46
2024-07-07,SKU_5,Beauty,39.98,0,0,50
2024-07-08,SKU_5,Beauty,11.95,0,0,48
2024-07-09,SKU_5,Beauty,71.2,0,0,31
2024-07-10,SKU_5,Beauty,98.72,0,0,18
2024-07-11,SKU_5,Beauty,32.04,0,0,46
2024-07-12,SKU_5,Beauty,86.6,0,0,34
2024-07-13,SKU_5,Beauty,96.58,0,0,38
2024-07-14,SKU_5,Beauty,53.03,0,0,53
2024-07-15,SKU_5,Beauty,86.61,0,0,30
2024-07-16,SKU_5,Beauty,97.88,0,0,25
2024-07-17,SKU_5,Beauty,55.21,0,0,38
2024-07-18,SKU_5,Beauty,35.47,0,0,38
2024-07-19,SKU_5,Beauty,88.76,0,0,28
2024-07-20,SKU_5,Beauty,70.49,0,0,46
2024-07-21,SKU_5,Beauty,47.42,0,0,41
2024-07-22,SKU_5,Beauty,68.29,0,0,25
2024-07-23,SKU_5,Beauty,97.18,0,0,22
2024-07-24,SKU_5,Beauty,11.52,0,0,46
2024-07-25,SKU_5,Beauty,34.63,0,0,32
2024-07-26,SKU_5,Beauty,55.89,0,0,36
2024-07-27,SKU_5,Beauty,77.51,0,0,38
2024-07-28,SKU_5,Beauty,81.37,1,0,66
2024-07-29,SKU_5,Beauty,69.96,1,0,58
2024-07-30,SKU_5,Beauty,29.18,0,0,43
2024-07-31,SKU_5,Beauty,37.38,0,0,51
2024-08-01,SKU_5,Beauty,17.96,1,0,73
2024-08-02,SKU_5,Beauty,92.92,1,0,49
2024-08-03,SKU_5,Beauty,65.04,0,0,41
2024-08-04,SKU_5,Beauty,74.71,0,0,37
2024-08-05,SKU_5,Beauty,14.37,0,0,48
2024-08-06,SKU_5,Beauty,82.04,0,0,36
2024-08-07,SKU_5,Beauty,99.23,0,0,21
2024-08-08,SKU_5,Beauty,24.76,0,0,46
2024-08-09,SKU_5,Beauty,69.18,0,0,34
2024-08-10,SKU_5,Beauty,61.93,0,0,50
2024-08-11,SKU_5,Beauty,58.98,0,0,43
2024-08-12,SKU_5,Beauty,32.59,0,0,47
2024-08-13,SKU_5,Beauty,43.12,0,0,43
2024-08-14,SKU_5,Beauty,74.21,0,0,22
2024-08-15,SKU_5,Beauty,27.35,1,0,66
2024-08-16,SKU_5,Beauty,94.63,0,0,32
2024-08-17,SKU_5,Beauty,81.11,0,0,28
2024-08-18,SKU_5,Beauty,82.05,0,0,36
2024-08-19,SKU_5,Beauty,97.65,0,0,16
2024-08-20,SKU_5,Beauty,83.12,0,0,30
2024-08-21,SKU_5,Beauty,65.21,0,0,24
2024-08-22,SKU_5,Beauty,40.03,0,0,37
2024-08-23,SKU_5,Beauty,76.56,0,0,35
2024-08-24,SKU_5,Beauty,50.99,1,0,71
2024-08-25,SKU_5,Beauty,54.29,0,0,49
2024-08-26,SKU_5,Beauty,28.11,0,0,49
2024-08-27,SKU_5,Beauty,38.56,0,0,37
2024-08-28,SKU_5,Beauty,68.75,0,0,29
2024-08-29,SKU_5,Beauty,63.95,0,0,36
2024-08-30,SKU_5,Beauty,79.97,0,0,21
2024-08-31,SKU_5,Beauty,41.16,0,0,45
2024-09-01,SKU_5,Beauty,82.73,0,0,32
2024-09-02,SKU_5,Beauty,63.24,0,0,35
2024-09-03,SKU_5,Beauty,14.77,0,0,52
2024-09-04,SKU_5,Beauty,86.96,0,0,24
2024-09-05,SKU_5,Beauty,49.1,0,0,37
2024-09-06,SKU_5,Beauty,61.22,0,0,36
2024-09-07,SKU_5,Beauty,54.74,0,0,46
2024-09-08,SKU_5,Beauty,86.28,1,0,69
2024-09-09,SKU_5,Beauty,46.0,0,0,49
2024-09-10,SKU_5,Beauty,97.23,0,0,18
2024-09-11,SKU_5,Beauty,45.95,0,0,33
2024-09-12,SKU_5,Beauty,61.11,0,0,43
2024-09-13,SKU_5,Beauty,25.91,0,0,46
2024-09-14,SKU_5,Beauty,16.52,1,0,89
2024-09-15,SKU_5,Beauty,27.42,0,0,44
2024-09-16,SKU_5,Beauty,67.85,0,0,38
2024-09-17,SKU_5,Beauty,34.73,0,0,51
2024-09-18,SKU_5,Beauty,36.36,0,0,42
2024-09-19,SKU_5,Beauty,77.21,0,0,28
2024-09-20,SKU_5,Beauty,90.05,0,0,31
2024-09-21,SKU_5,Beauty,70.33,1,0,64
2024-09-22,SKU_5,Beauty,22.97,0,0,64
2024-09-23,SKU_5,Beauty,93.8,0,0,18
2024-09-24,SKU_5,Beauty,33.86,0,0,49
2024-09-25,SKU_5,Beauty,65.22,0,0,37
2024-09-26,SKU_5,Beauty,36.08,0,0,41
2024-09-27,SKU_5,Beauty,23.04,0,0,40
2024-09-28,SKU_5,Beauty,51.49,0,0,49
2024-09-29,SKU_5,Beauty,11.51,0,0,69
2024-09-30,SKU_5,Beauty,26.12,1,0,72
2024-10-01,SKU_5,Beauty,14.69,0,0,59
2024-10-02,SKU_5,Beauty,71.44,0,0,27
2024-10-03,SKU_5,Beauty,51.56,0,0,37
2024-10-04,SKU_5,Beauty,96.27,0,0,28
2024-10-05,SKU_5,Beauty,77.3,0,0,38
2024-10-06,SKU_5,Beauty,64.59,0,0,36
2024-10-07,SKU_5,Beauty,85.23,0,0,29
2024-10-08,SKU_5,Beauty,12.3,0,0,57
2024-10-09,SKU_5,Beauty,64.01,0,0,29
2024-10-10,SKU_5,Beauty,77.25,0,0,36
2024-10-11,SKU_5,Beauty,64.12,0,0,31
2024-10-12,SKU_5,Beauty,57.86,0,0,49
2024-10-13,SKU_5,Beauty,78.99,0,0,43
2024-10-14,SKU_5,Beauty,16.05,0,0,51
2024-10-15,SKU_5,Beauty,82.71,0,0,31
2024-10-16,SKU_5,Beauty,39.71,0,0,37
2024-10-17,SKU_5,Beauty,60.2,0,0,34
2024-10-18,SKU_5,Beauty,63.92,1,0,62
2024-10-19,SKU_5,Beauty,18.07,1,0,84
2024-10-20,SKU_5,Beauty,50.09,0,0,48
2024-10-21,SKU_5,Beauty,88.08,0,0,28
2024-10-22,SKU_5,Beauty,45.83,0,0,37
2024-10-23,SKU_5,Beauty,81.61,0,0,30
2024-10-24,SKU_5,Beauty,84.28,0,0,31
2024-10-25,SKU_5,Beauty,25.38,0,0,41
2024-10-26,SKU_5,Beauty,66.08,0,0,38
2024-10-27,SKU_5,Beauty,29.01,0,0,59
2024-10-28,SKU_5,Beauty,21.46,0,0,36
2024-10-29,SKU_5,Beauty,16.57,0,0,56
2024-10-30,SKU_5,Beauty,61.3,0,0,31
2024-10-31,SKU_5,Beauty,10.79,0,0,51
2024-11-01,SKU_5,Beauty,58.95,0,0,56
2024-11-02,SKU_5,Beauty,37.9,0,0,69
2024-11-03,SKU_5,Beauty,27.28,0,0,69
2024-11-04,SKU_5,Beauty,34.44,0,0,74
2024-11-05,SKU_5,Beauty,35.84,0,0,60
2024-11-06,SKU_5,Beauty,44.1,0,0,59
2024-11-07,SKU_5,Beauty,38.89,0,0,72
2024-11-08,SKU_5,Beauty,89.0,0,0,61
2024-11-09,SKU_5,Beauty,67.57,0,0,60
2024-11-10,SKU_5,Beauty,11.61,0,0,75
2024-11-11,SKU_5,Beauty,15.1,0,0,67
2024-11-12,SKU_5,Beauty,28.96,0,0,64
2024-11-13,SKU_5,Beauty,93.1,0,0,48
2024-11-14,SKU_5,Beauty,96.66,0,0,49
2024-11-15,SKU_5,Beauty,93.74,0,0,47
2024-11-16,SKU_5,Beauty,82.09,0,0,53
2024-11-17,SKU_5,Beauty,93.98,1,0,78
2024-11-18,SKU_5,Beauty,10.58,0,0,72
2024-11-19,SKU_5,Beauty,45.72,0,0,56
2024-11-20,SKU_5,Beauty,74.29,0,0,52
2024-11-21,SKU_5,Beauty,65.56,0,0,51
2024-11-22,SKU_5,Beauty,37.39,0,0,67
2024-11-23,SKU_5,Beauty,93.89,0,0,58
2024-11-24,SKU_5,Beauty,78.82,0,0,59
2024-11-25,SKU_5,Beauty,33.07,0,0,58
2024-11-26,SKU_5,Beauty,36.17,0,0,62
2024-11-27,SKU_5,Beauty,98.53,0,0,54
2024-11-28,SKU_5,Beauty,42.61,0,0,65
2024-11-29,SKU_5,Beauty,64.0,0,0,53
2024-11-30,SKU_5,Beauty,58.68,0,0,71
2024-12-01,SKU_5,Beauty,74.33,0,0,57
2024-12-02,SKU_5,Beauty,56.12,0,0,54
2024-12-03,SKU_5,Beauty,33.31,0,0,73
2024-12-04,SKU_5,Beauty,47.21,0,0,52
2024-12-05,SKU_5,Beauty,16.62,0,0,68
2024-12-06,SKU_5,Beauty,77.37,0,0,60
2024-12-07,SKU_5,Beauty,95.56,0,0,53
2024-12-08,SKU_5,Beauty,11.34,0,0,76
2024-12-09,SKU_5,Beauty,19.36,1,0,91
2024-12-10,SKU_5,Beauty,30.35,0,0,63
2024-12-11,SKU_5,Beauty,13.48,1,0,99
2024-12-12,SKU_5,Beauty,30.22,0,0,66
2024-12-13,SKU_5,Beauty,12.92,0,0,71
2024-12-14,SKU_5,Beauty,22.0,0,0,77
2024-12-15,SKU_5,Beauty,39.37,0,0,70
2024-12-16,SKU_5,Beauty,18.45,0,0,62
2024-12-17,SKU_5,Beauty,22.26,0,0,73
2024-12-18,SKU_5,Beauty,31.83,0,0,67
2024-12-19,SKU_5,Beauty,42.92,0,0,61
2024-12-20,SKU_5,Beauty,39.62,1,0,91
2024-12-21,SKU_5,Beauty,75.82,0,0,59
2024-12-22,SKU_5,Beauty,98.28,0,0,53
2024-12-23,SKU_5,Beauty,23.08,0,0,68
2024-12-24,SKU_5,Beauty,87.09,0,0,56
2024-12-25,SKU_5,Beauty,54.29,0,1,98
2024-12-26,SKU_5,Beauty,65.02,0,0,56
2024-12-27,SKU_5,Beauty,84.87,0,0,46
2024-12-28,SKU_5,Beauty,56.39,0,0,72
2024-12-29,SKU_5,Beauty,75.21,0,0,57
2024-12-30,SKU_5,Beauty,77.72,0,0,48
2024-12-31,SKU_5,Beauty,94.11,0,0,46
2025-01-01,SKU_5,Beauty,76.58,1,1,92
2025-01-02,SKU_5,Beauty,20.58,0,0,44
2025-01-03,SKU_5,Beauty,30.23,1,0,70
2025-01-04,SKU_5,Beauty,10.2,0,0,62
2025-01-05,SKU_5,Beauty,34.3,0,0,60
2025-01-06,SKU_5,Beauty,49.83,0,0,43
2025-01-07,SKU_5,Beauty,38.09,0,0,33
2025-01-08,SKU_5,Beauty,70.24,0,0,33
2025-01-09,SKU_5,Beauty,30.9,0,0,31
2025-01-10,SKU_5,Beauty,73.65,0,0,34
2025-01-11,SKU_5,Beauty,27.66,0,0,50
2025-01-12,SKU_5,Beauty,72.93,0,0,47
2025-01-13,SKU_5,Beauty,46.97,0,0,44
2025-01-14,SKU_5,Beauty,69.21,0,0,34
2025-01-15,SKU_5,Beauty,24.94,0,0,49
2025-01-16,SKU_5,Beauty,38.91,0,0,34
2025-01-17,SKU_5,Beauty,33.05,0,0,40
2025-01-18,SKU_5,Beauty,74.98,0,0,44
2025-01-19,SKU_5,Beauty,22.12,0,0,54
2025-01-20,SKU_5,Beauty,68.97,0,0,33
2025-01-21,SKU_5,Beauty,40.87,0,0,50
2025-01-22,SKU_5,Beauty,61.03,0,0,38
2025-01-23,SKU_5,Beauty,79.48,0,0,30
2025-01-24,SKU_5,Beauty,57.04,0,0,35
2025-01-25,SKU_5,Beauty,18.74,0,0,61
2025-01-26,SKU_5,Beauty,98.12,0,0,31
2025-01-27,SKU_5,Beauty,54.39,0,0,30
2025-01-28,SKU_5,Beauty,78.72,0,0,29
2025-01-29,SKU_5,Beauty,60.11,0,0,32
2025-01-30,SKU_5,Beauty,70.56,0,0,22
2025-01-31,SKU_5,Beauty,83.51,0,0,27
2025-02-01,SKU_5,Beauty,86.14,0,0,36
2025-02-02,SKU_5,Beauty,75.43,0,0,47
2025-02-03,SKU_5,Beauty,85.02,0,0,34
2025-02-04,SKU_5,Beauty,96.58,0,0,25
2025-02-05,SKU_5,Beauty,46.46,0,0,37
2025-02-06,SKU_5,Beauty,63.37,0,0,40
2025-02-07,SKU_5,Beauty,75.84,0,0,39
2025-02-08,SKU_5,Beauty,25.77,0,0,62
2025-02-09,SKU_5,Beauty,57.83,0,0,50
2025-02-10,SKU_5,Beauty,54.52,0,0,42
2025-02-11,SKU_5,Beauty,81.3,0,0,36
2025-02-12,SKU_5,Beauty,37.0,0,0,46
2025-02-13,SKU_5,Beauty,23.83,1,0,68
2025-02-14,SKU_5,Beauty,49.02,0,0,37
2025-02-15,SKU_5,Beauty,65.8,0,0,50
2025-02-16,SKU_5,Beauty,15.42,0,0,62
2025-02-17,SKU_5,Beauty,97.39,0,0,23
2025-02-18,SKU_5,Beauty,10.91,0,0,39
2025-02-19,SKU_5,Beauty,93.09,0,0,24
2025-02-20,SKU_5,Beauty,30.71,0,0,49
2025-02-21,SKU_5,Beauty,97.23,0,0,18
2025-02-22,SKU_5,Beauty,63.23,0,0,46
2025-02-23,SKU_5,Beauty,31.85,0,0,61
2025-02-24,SKU_5,Beauty,96.94,0,0,24
2025-02-25,SKU_5,Beauty,98.35,1,0,56
2025-02-26,SKU_5,Beauty,33.45,0,0,38
2025-02-27,SKU_5,Beauty,95.12,0,0,28
2025-02-28,SKU_5,Beauty,24.64,1,0,79
2025-03-01,SKU_5,Beauty,45.53,0,0,50
2025-03-02,SKU_5,Beauty,90.73,0,0,37
2025-03-03,SKU_5,Beauty,92.16,0,0,31
2025-03-04,SKU_5,Beauty,74.95,0,0,31
2025-03-05,SKU_5,Beauty,24.29,0,0,43
2025-03-06,SKU_5,Beauty,10.24,1,0,83
2025-03-07,SKU_5,Beauty,78.29,0,0,27
2025-03-08,SKU_5,Beauty,37.02,0,0,62
2025-03-09,SKU_5,Beauty,21.77,1,0,80
2025-03-10,SKU_5,Beauty,32.84,0,0,41
2025-03-11,SKU_5,Beauty,85.21,0,0,32
2025-03-12,SKU_5,Beauty,77.76,0,0,37
2025-03-13,SKU_5,Beauty,92.58,0,0,28
2025-03-14,SKU_5,Beauty,55.54,0,0,40
2025-03-15,SKU_5,Beauty,88.27,0,0,31
2025-03-16,SKU_5,Beauty,99.43,0,0,35
2025-03-17,SKU_5,Beauty,45.57,0,0,40
2025-03-18,SKU_5,Beauty,87.46,0,0,22
2025-03-19,SKU_5,Beauty,12.8,0,0,52
2025-03-20,SKU_5,Beauty,14.55,0,0,48
2025-03-21,SKU_5,Beauty,13.06,0,0,53
2025-03-22,SKU_5,Beauty,51.93,0,0,51
2025-03-23,SKU_5,Beauty,27.19,0,0,55
2025-03-24,SKU_5,Beauty,47.62,0,0,45
2025-03-25,SKU_5,Beauty,16.21,0,0,44
2025-03-26,SKU_5,Beauty,89.85,1,0,51
2025-03-27,SKU_5,Beauty,51.5,1,0,63
2025-03-28,SKU_5,Beauty,54.13,0,0,36
2025-03-29,SKU_5,Beauty,77.45,0,0,45
2025-03-30,SKU_5,Beauty,87.93,0,0,41
2025-03-31,SKU_5,Beauty,48.01,0,0,36
2025-04-01,SKU_5,Beauty,43.51,0,0,41
2025-04-02,SKU_5,Beauty,74.86,0,0,31
2025-04-03,SKU_5,Beauty,68.61,0,0,30
2025-04-04,SKU_5,Beauty,42.16,0,0,39
2025-04-05,SKU_5,Beauty,96.72,1,0,69
2025-04-06,SKU_5,Beauty,59.3,0,0,47
2025-04-07,SKU_5,Beauty,29.52,0,0,48
2025-04-08,SKU_5,Beauty,49.6,0,0,26
2025-04-09,SKU_5,Beauty,79.25,0,0,33
2025-04-10,SKU_5,Beauty,76.75,0,0,31
2025-04-11,SKU_5,Beauty,52.35,0,0,41
2025-04-12,SKU_5,Beauty,62.97,1,0,65
2025-04-13,SKU_5,Beauty,15.37,0,0,60
2025-04-14,SKU_5,Beauty,38.68,1,0,67
2025-04-15,SKU_5,Beauty,67.07,0,0,22
2025-04-16,SKU_5,Beauty,95.78,0,0,35
2025-04-17,SKU_5,Beauty,25.52,0,0,46
2025-04-18,SKU_5,Beauty,95.49,1,0,58
2025-04-19,SKU_5,Beauty,96.09,0,0,44
2025-04-20,SKU_5,Beauty,90.0,0,0,32
2025-04-21,SKU_5,Beauty,67.92,0,0,36
2025-04-22,SKU_5,Beauty,87.95,0,0,34
2025-04-23,SKU_5,Beauty,95.41,0,0,26
2025-04-24,SKU_5,Beauty,33.04,0,0,49
2025-04-25,SKU_5,Beauty,42.81,0,0,41
2025-04-26,SKU_5,Beauty,28.4,0,0,59
2025-04-27,SKU_5,Beauty,65.8,0,0,45
2025-04-28,SKU_5,Beauty,80.39,0,0,31
2025-04-29,SKU_5,Beauty,24.58,0,0,46
2025-04-30,SKU_5,Beauty,65.92,0,0,44
2025-05-01,SKU_5,Beauty,78.12,0,0,33
2025-05-02,SKU_5,Beauty,11.07,1,0,74
2025-05-03,SKU_5,Beauty,41.5,0,0,46
