data/retail_demand_data.csv
date,sku_id,category,price,promotion,holiday,demand
2025-05-04,SKU_5,Beauty,66.33,0,0,48
2025-05-05,SKU_5,Beauty,66.02,0,0,33
2025-05-06,SKU_5,Beauty,63.38,0,0,31
2025-05-07,SKU_5,Beauty,35.2,0,0,42
2025-05-08,SKU_5,Beauty,27.95,0,0,45
2025-05-09,SKU_5,Beauty,61.22,0,0,30
2025-05-10,SKU_5,Beauty,58.19,0,0,43
2025-05-11,SKU_5,Beauty,71.71,1,0,73
2025-05-12,SKU_5,Beauty,15.66,0,0,54
2025-05-13,SKU_5,Beauty,26.98,0,0,56
2025-05-14,SKU_5,Beauty,37.17,0,0,47
2025-05-15,SKU_5,Beauty,65.89,0,0,39
2025-05-16,SKU_5,Beauty,10.73,1,0,81
2025-05-17,SKU_5,Beauty,33.04,0,0,54
2025-05-18,SKU_5,Beauty,14.72,0,0,66
2025-05-19,SKU_5,Beauty,93.86,0,0,25
2025-05-20,SKU_5,Beauty,54.42,0,0,31
2025-05-21,SKU_5,Beauty,34.4,0,0,50
2025-05-22,SKU_5,Beauty,67.28,0,0,34
2025-05-23,SKU_5,Beauty,36.85,0,0,50
2025-05-24,SKU_5,Beauty,12.8,0,0,65
2025-05-25,SKU_5,Beauty,51.65,0,0,61
2025-05-26,SKU_5,Beauty,55.18,0,0,42
2025-05-27,SKU_5,Beauty,40.9,0,0,38
2025-05-28,SKU_5,Beauty,96.65,0,0,31
2025-05-29,SKU_5,Beauty,41.19,0,0,46
2025-05-30,SKU_5,Beauty,62.17,1,0,63
2025-05-31,SKU_5,Beauty,91.06,0,0,29
2025-06-01,SKU_5,Beauty,45.98,0,0,58
2025-06-02,SKU_5,Beauty,83.9,0,0,21
2025-06-03,SKU_5,Beauty,63.44,0,0,40
2025-06-04,SKU_5,Beauty,39.15,0,0,49
2025-06-05,SKU_5,Beauty,78.32,0,0,34
2025-06-06,SKU_5,Beauty,69.79,0,0,38
2025-06-07,SKU_5,Beauty,13.98,0,0,60
2025-06-08,SKU_5,Beauty,78.9,0,0,46
2025-06-09,SKU_5,Beauty,30.01,0,0,49
2025-06-10,SKU_5,Beauty,65.36,0,0,38
2025-06-11,SKU_5,Beauty,91.42,0,0,27
2025-06-12,SKU_5,Beauty,30.15,0,0,45
2025-06-13,SKU_5,Beauty,85.09,0,0,34
2025-06-14,SKU_5,Beauty,46.91,0,0,48
2025-06-15,SKU_5,Beauty,75.21,0,0,42
2025-06-16,SKU_5,Beauty,35.41,0,0,47
2025-06-17,SKU_5,Beauty,52.61,1,0,65
2025-06-18,SKU_5,Beauty,76.3,0,0,32
2025-06-19,SKU_5,Beauty,85.45,0,0,30
2025-06-20,SKU_5,Beauty,69.79,0,0,37
2025-06-21,SKU_5,Beauty,87.45,0,0,36
2025-06-22,SKU_5,Beauty,71.6,0,0,40
2025-06-23,SKU_5,Beauty,16.15,0,0,54
2025-06-24,SKU_5,Beauty,33.57,0,0,49
2025-06-25,SKU_5,Beauty,55.26,0,0,41
2025-06-26,SKU_5,Beauty,24.19,0,0,57
2025-06-27,SKU_5,Beauty,86.57,1,0,59
2025-06-28,SKU_5,Beauty,74.71,0,0,44
2025-06-29,SKU_5,Beauty,49.41,0,0,59
2025-06-30,SKU_5,Beauty,63.7,0,0,33
2025-07-01,SKU_5,Beauty,46.37,1,0,71
2025-07-02,SKU_5,Beauty,11.7,0,0,55
2025-07-03,SKU_5,Beauty,38.8,1,0,68
2025-07-04,SKU_5,Beauty,42.48,0,0,45
2025-07-05,SKU_5,Beauty,22.52,0,0,56
2025-07-06,SKU_5,Beauty,62.0,0,0,48
2025-07-07,SKU_5,Beauty,34.54,0,0,43
2025-07-08,SKU_5,Beauty,89.47,0,0,34
2025-07-09,SKU_5,Beauty,38.21,0,0,47
2025-07-10,SKU_5,Beauty,11.67,0,0,49
2025-07-11,SKU_5,Beauty,63.83,0,0,44
2025-07-12,SKU_5,Beauty,98.28,0,0,44
2025-07-13,SKU_5,Beauty,99.15,0,0,29
2025-07-14,SKU_5,Beauty,67.07,0,0,39
2025-07-15,SKU_5,Beauty,50.38,0,0,39
2025-07-16,SKU_5,Beauty,97.35,0,0,34
2025-07-17,SKU_5,Beauty,86.28,0,0,30
2025-07-18,SKU_5,Beauty,53.98,0,0,46
2025-07-19,SKU_5,Beauty,84.05,0,0,38
2025-07-20,SKU_5,Beauty,17.91,0,0,65
2025-07-21,SKU_5,Beauty,36.18,0,0,55
2025-07-22,SKU_5,Beauty,78.63,0,0,32
2025-07-23,SKU_5,Beauty,17.17,0,0,44
2025-07-24,SKU_5,Beauty,63.04,0,0,33
2025-07-25,SKU_5,Beauty,39.7,0,0,52
2025-07-26,SKU_5,Beauty,21.75,0,0,61
2025-07-27,SKU_5,Beauty,48.36,0,0,54
2025-07-28,SKU_5,Beauty,91.07,0,0,34
2025-07-29,SKU_5,Beauty,47.57,0,0,53
2025-07-30,SKU_5,Beauty,45.39,0,0,41
2025-07-31,SKU_5,Beauty,57.01,0,0,44
2025-08-01,SKU_5,Beauty,68.33,0,0,30
2025-08-02,SKU_5,Beauty,60.49,0,0,46
2025-08-03,SKU_5,Beauty,60.1,0,0,44
2025-08-04,SKU_5,Beauty,93.83,0,0,21
2025-08-05,SKU_5,Beauty,33.62,0,0,52
2025-08-06,SKU_5,Beauty,84.7,0,0,34
2025-08-07,SKU_5,Beauty,84.05,0,0,24
2025-08-08,SKU_5,Beauty,98.92,0,0,29
2025-08-09,SKU_5,Beauty,61.76,0,0,48
2025-08-10,SKU_5,Beauty,16.39,0,0,58
2025-08-11,SKU_5,Beauty,90.03,0,0,25
2025-08-12,SKU_5,Beauty,94.89,0,0,33
2025-08-13,SKU_5,Beauty,72.05,0,0,34
2025-08-14,SKU_5,Beauty,54.07,1,0,62
2025-08-15,SKU_5,Beauty,51.27,0,0,43
2025-08-16,SKU_5,Beauty,41.97,0,0,45
2025-08-17,SKU_5,Beauty,95.4,0,0,43
2025-08-18,SKU_5,Beauty,10.32,0,0,35
2025-08-19,SKU_5,Beauty,42.53,1,0,64
2025-08-20,SKU_5,Beauty,82.35,0,0,31
2025-08-21,SKU_5,Beauty,94.22,0,0,37
2025-08-22,SKU_5,Beauty,82.36,0,0,29
2025-08-23,SKU_5,Beauty,43.11,0,0,48
2025-08-24,SKU_5,Beauty,96.75,0,0,34
2025-08-25,SKU_5,Beauty,18.57,0,0,53
2025-08-26,SKU_5,Beauty,30.19,0,0,47
2025-08-27,SKU_5,Beauty,68.08,0,0,45
2025-08-28,SKU_5,Beauty,50.68,0,0,44
2025-08-29,SKU_5,Beauty,16.58,0,0,43
2025-08-30,SKU_5,Beauty,13.87,0,0,62
2025-08-31,SKU_5,Beauty,87.87,0,0,50
2025-09-01,SKU_5,Beauty,51.75,0,0,45
2025-09-02,SKU_5,Beauty,57.21,0,0,37
2025-09-03,SKU_5,Beauty,38.52,0,0,40
2025-09-04,SKU_5,Beauty,40.37,0,0,51
2025-09-05,SKU_5,Beauty,89.92,0,0,22
2025-09-06,SKU_5,Beauty,56.85,0,0,46
2025-09-07,SKU_5,Beauty,91.39,0,0,47
2025-09-08,SKU_5,Beauty,95.31,0,0,20
2025-09-09,SKU_5,Beauty,55.15,0,0,44
2025-09-10,SKU_5,Beauty,41.99,0,0,45
2025-09-11,SKU_5,Beauty,40.16,0,0,54
2025-09-12,SKU_5,Beauty,57.3,0,0,43
2025-09-13,SKU_5,Beauty,53.16,0,0,52
2025-09-14,SKU_5,Beauty,78.3,0,0,41
2025-09-15,SKU_5,Beauty,33.19,0,0,45
2025-09-16,SKU_5,Beauty,21.63,1,0,74
2025-09-17,SKU_5,Beauty,90.21,0,0,30
2025-09-18,SKU_5,Beauty,94.4,0,0,30
2025-09-19,SKU_5,Beauty,81.91,0,0,34
2025-09-20,SKU_5,Beauty,29.57,0,0,58
2025-09-21,SKU_5,Beauty,72.96,0,0,48
2025-09-22,SKU_5,Beauty,83.72,0,0,40
2025-09-23,SKU_5,Beauty,34.93,0,0,57
2025-09-24,SKU_5,Beauty,50.5,0,0,35
2025-09-25,SKU_5,Beauty,23.06,0,0,54
2025-09-26,SKU_5,Beauty,12.02,0,0,56
2025-09-27,SKU_5,Beauty,85.24,0,0,46
2025-09-28,SKU_5,Beauty,84.02,0,0,48
2025-09-29,SKU_5,Beauty,12.18,0,0,54
2025-09-30,SKU_5,Beauty,57.38,0,0,35
2025-10-01,SKU_5,Beauty,44.31,0,0,49
2025-10-02,SKU_5,Beauty,95.6,0,0,27
2025-10-03,SKU_5,Beauty,25.17,0,0,58
2025-10-04,SKU_5,Beauty,83.24,0,0,47
2025-10-05,SKU_5,Beauty,92.24,0,0,29
2025-10-06,SKU_5,Beauty,13.92,0,0,59
2025-10-07,SKU_5,Beauty,16.93,1,0,72
2025-10-08,SKU_5,Beauty,89.57,0,0,24
2025-10-09,SKU_5,Beauty,20.43,0,0,43
2025-10-10,SKU_5,Beauty,42.79,0,0,48
2025-10-11,SKU_5,Beauty,83.16,0,0,39
2025-10-12,SKU_5,Beauty,78.05,0,0,44
2025-10-13,SKU_5,Beauty,25.59,0,0,46
2025-10-14,SKU_5,Beauty,87.83,0,0,24
2025-10-15,SKU_5,Beauty,60.13,1,0,77
2025-10-16,SKU_5,Beauty,39.95,0,0,53
2025-10-17,SKU_5,Beauty,33.03,0,0,40
2025-10-18,SKU_5,Beauty,11.43,0,0,77
2025-10-19,SKU_5,Beauty,34.19,0,0,65
2025-10-20,SKU_5,Beauty,22.12,0,0,59
2025-10-21,SKU_5,Beauty,77.79,0,0,35
2025-10-22,SKU_5,Beauty,15.39,0,0,56
2025-10-23,SKU_5,Beauty,33.8,0,0,46
2025-10-24,SKU_5,Beauty,54.7,0,0,50
2025-10-25,SKU_5,Beauty,82.47,1,0,65
2025-10-26,SKU_5,Beauty,89.1,0,0,49
2025-10-27,SKU_5,Beauty,37.95,0,0,46
2025-10-28,SKU_5,Beauty,13.45,1,0,87
2025-10-29,SKU_5,Beauty,94.23,0,0,28
2025-10-30,SKU_5,Beauty,39.94,0,0,42
2025-10-31,SKU_5,Beauty,88.17,0,0,32
2025-11-01,SKU_5,Beauty,50.28,0,0,79
2025-11-02,SKU_5,Beauty,96.03,0,0,64
2025-11-03,SKU_5,Beauty,81.86,0,0,52
2025-11-04,SKU_5,Beauty,37.47,0,0,62
2025-11-05,SKU_5,Beauty,73.4,1,0,79
2025-11-06,SKU_5,Beauty,76.54,0,0,57
2025-11-07,SKU_5,Beauty,30.56,0,0,75
2025-11-08,SKU_5,Beauty,75.95,0,0,64
2025-11-09,SKU_5,Beauty,50.46,0,0,70
2025-11-10,SKU_5,Beauty,70.05,0,0,62
2025-11-11,SKU_5,Beauty,62.02,0,0,54
2025-11-12,SKU_5,Beauty,73.21,0,0,57
2025-11-13,SKU_5,Beauty,37.02,1,0,90
2025-11-14,SKU_5,Beauty,83.48,0,0,61
2025-11-15,SKU_5,Beauty,40.86,0,0,78
2025-11-16,SKU_5,Beauty,48.72,0,0,81
2025-11-17,SKU_5,Beauty,91.86,0,0,53
2025-11-18,SKU_5,Beauty,31.8,0,0,66
2025-11-19,SKU_5,Beauty,88.97,0,0,55
2025-11-20,SKU_5,Beauty,99.92,0,0,45
2025-11-21,SKU_5,Beauty,76.57,0,0,57
2025-11-22,SKU_5,Beauty,33.5,0,0,83
2025-11-23,SKU_5,Beauty,65.43,0,0,59
2025-11-24,SKU_5,Beauty,42.52,0,0,57
2025-11-25,SKU_5,Beauty,12.75,0,0,74
2025-11-26,SKU_5,Beauty,95.87,0,0,53
2025-11-27,SKU_5,Beauty,81.12,1,0,86
2025-11-28,SKU_5,Beauty,34.57,0,0,58
2025-11-29,SKU_5,Beauty,84.51,0,0,62
2025-11-30,SKU_5,Beauty,98.98,0,0,68
2025-12-01,SKU_5,Beauty,80.71,0,0,59
2025-12-02,SKU_5,Beauty,50.9,0,0,69
2025-12-03,SKU_5,Beauty,52.11,0,0,60
2025-12-04,SKU_5,Beauty,73.0,0,0,55
2025-12-05,SKU_5,Beauty,52.42,0,0,73
2025-12-06,SKU_5,Beauty,41.5,0,0,72
2025-12-07,SKU_5,Beauty,15.79,0,0,81
2025-12-08,SKU_5,Beauty,53.26,0,0,66
2025-12-09,SKU_5,Beauty,83.61,0,0,59
2025-12-10,SKU_5,Beauty,18.64,0,0,79
2025-12-11,SKU_5,Beauty,96.16,0,0,48
2025-12-12,SKU_5,Beauty,87.09,0,0,52
2025-12-13,SKU_5,Beauty,89.55,0,0,57
2025-12-14,SKU_5,Beauty,14.32,0,0,86
2025-12-15,SKU_5,Beauty,31.86,0,0,74
2025-12-16,SKU_5,Beauty,25.91,0,0,77
2025-12-17,SKU_5,Beauty,76.36,0,0,46
2025-12-18,SKU_5,Beauty,63.43,0,0,57
2025-12-19,SKU_5,Beauty,76.9,0,0,59
2025-12-20,SKU_5,Beauty,44.14,0,0,80
2025-12-21,SKU_5,Beauty,56.61,0,0,75
2025-12-22,SKU_5,Beauty,34.99,1,0,95
2025-12-23,SKU_5,Beauty,33.52,0,0,65
2025-12-24,SKU_5,Beauty,18.85,0,0,80
2025-12-25,SKU_5,Beauty,22.25,0,1,115
2025-12-26,SKU_5,Beauty,20.58,0,0,68
2025-12-27,SKU_5,Beauty,86.04,0,0,60
2025-12-28,SKU_5,Beauty,42.41,0,0,75
2025-12-29,SKU_5,Beauty,24.2,0,0,73
2025-12-30,SKU_5,Beauty,81.38,0,0,49
2025-12-31,SKU_5,Beauty,47.99,0,0,60
2024-01-01,SKU_6,Electronics,44.84,0,1,105
2024-01-02,SKU_6,Electronics,24.23,0,0,60
2024-01-03,SKU_6,Electronics,52.11,1,0,83
2024-01-04,SKU_6,Electronics,22.76,0,0,61
2024-01-05,SKU_6,Electronics,45.26,0,0,54
2024-01-06,SKU_6,Electronics,34.81,0,0,70
2024-01-07,SKU_6,Electronics,19.04,1,0,94
2024-01-08,SKU_6,Electronics,96.4,0,0,41
2024-01-09,SKU_6,Electronics,68.89,0,0,47
2024-01-10,SKU_6,Electronics,31.81,0,0,59
2024-01-11,SKU_6,Electronics,48.59,1,0,86
2024-01-12,SKU_6,Electronics,50.41,0,0,57
2024-01-13,SKU_6,Electronics,28.96,0,0,68
2024-01-14,SKU_6,Electronics,16.54,0,0,71
2024-01-15,SKU_6,Electronics,46.02,0,0,56
2024-01-16,SKU_6,Electronics,86.94,0,0,42
2024-01-17,SKU_6,Electronics,77.42,0,0,47
2024-01-18,SKU_6,Electronics,50.31,0,0,53
2024-01-19,SKU_6,Electronics,78.13,0,0,35
2024-01-20,SKU_6,Electronics,88.92,0,0,44
2024-01-21,SKU_6,Electronics,60.15,0,0,61
2024-01-22,SKU_6,Electronics,66.12,0,0,53
2024-01-23,SKU_6,Electronics,75.38,0,0,43
2024-01-24,SKU_6,Electronics,45.64,0,0,52
2024-01-25,SKU_6,Electronics,68.53,0,0,44
2024-01-26,SKU_6,Electronics,77.46,0,0,52
2024-01-27,SKU_6,Electronics,21.15,0,0,72
2024-01-28,SKU_6,Electronics,95.71,0,0,51
2024-01-29,SKU_6,Electronics,93.75,0,0,47
2024-01-30,SKU_6,Electronics,39.83,0,0,54
2024-01-31,SKU_6,Electronics,23.42,0,0,51
2024-02-01,SKU_6,Electronics,46.39,1,0,78
2024-02-02,SKU_6,Electronics,12.16,0,0,66
2024-02-03,SKU_6,Electronics,62.28,0,0,57
2024-02-04,SKU_6,Electronics,16.69,0,0,74
2024-02-05,SKU_6,Electronics,66.47,0,0,58
2024-02-06,SKU_6,Electronics,34.57,0,0,64
2024-02-07,SKU_6,Electronics,22.34,0,0,63
2024-02-08,SKU_6,Electronics,25.95,0,0,66
2024-02-09,SKU_6,Electronics,76.85,0,0,40
2024-02-10,SKU_6,Electronics,98.15,0,0,58
2024-02-11,SKU_6,Electronics,37.16,0,0,69
2024-02-12,SKU_6,Electronics,48.39,0,0,57
2024-02-13,SKU_6,Electronics,19.99,0,0,58
2024-02-14,SKU_6,Electronics,99.6,0,0,43
2024-02-15,SKU_6,Electronics,52.57,0,0,56
2024-02-16,SKU_6,Electronics,41.41,0,0,59
2024-02-17,SKU_6,Electronics,63.55,0,0,58
2024-02-18,SKU_6,Electronics,70.32,1,0,84
2024-02-19,SKU_6,Electronics,65.21,0,0,44
2024-02-20,SKU_6,Electronics,20.26,0,0,58
2024-02-21,SKU_6,Electronics,78.66,0,0,41
2024-02-22,SKU_6,Electronics,64.12,0,0,50
2024-02-23,SKU_6,Electronics,70.32,1,0,72
2024-02-24,SKU_6,Electronics,12.54,0,0,68
2024-02-25,SKU_6,Electronics,21.65,0,0,70
2024-02-26,SKU_6,Electronics,22.42,0,0,54
2024-02-27,SKU_6,Electronics,63.65,0,0,48
2024-02-28,SKU_6,Electronics,43.91,0,0,52
2024-02-29,SKU_6,Electronics,59.25,0,0,47
2024-03-01,SKU_6,Electronics,87.48,0,0,36
2024-03-02,SKU_6,Electronics,59.81,0,0,54
2024-03-03,SKU_6,Electronics,13.53,0,0,67
2024-03-04,SKU_6,Electronics,69.79,1,0,72
2024-03-05,SKU_6,Electronics,53.63,0,0,53
2024-03-06,SKU_6,Electronics,35.01,0,0,59
2024-03-07,SKU_6,Electronics,16.54,0,0,68
2024-03-08,SKU_6,Electronics,73.26,0,0,48
2024-03-09,SKU_6,Electronics,63.39,0,0,72
2024-03-10,SKU_6,Electronics,94.71,0,0,42
2024-03-11,SKU_6,Electronics,82.51,0,0,48
2024-03-12,SKU_6,Electronics,36.36,0,0,52
2024-03-13,SKU_6,Electronics,21.74,0,0,68
2024-03-14,SKU_6,Electronics,16.15,0,0,55
2024-03-15,SKU_6,Electronics,65.52,0,0,54
2024-03-16,SKU_6,Electronics,99.24,0,0,47
2024-03-17,SKU_6,Electronics,19.14,0,0,58
2024-03-18,SKU_6,Electronics,16.77,0,0,71
2024-03-19,SKU_6,Electronics,40.19,0,0,56
2024-03-20,SKU_6,Electronics,59.53,0,0,54
2024-03-21,SKU_6,Electronics,20.02,1,0,80
2024-03-22,SKU_6,Electronics,52.58,0,0,51
2024-03-23,SKU_6,Electronics,19.25,1,0,101
2024-03-24,SKU_6,Electronics,87.0,0,0,52
2024-03-25,SKU_6,Electronics,70.11,1,0,72
2024-03-26,SKU_6,Electronics,79.85,0,0,52
2024-03-27,SKU_6,Electronics,38.31,0,0,58
2024-03-28,SKU_6,Electronics,58.02,0,0,59
2024-03-29,SKU_6,Electronics,79.91,0,0,42
2024-03-30,SKU_6,Electronics,13.55,0,0,81
2024-03-31,SKU_6,Electronics,93.16,0,0,43
2024-04-01,SKU_6,Electronics,93.7,0,0,36
2024-04-02,SKU_6,Electronics,76.67,0,0,52
2024-04-03,SKU_6,Electronics,70.45,0,0,46
2024-04-04,SKU_6,Electronics,29.25,1,0,73
2024-04-05,SKU_6,Electronics,36.26,0,0,62
2024-04-06,SKU_6,Electronics,17.33,0,0,77
2024-04-07,SKU_6,Electronics,48.47,0,0,65
2024-04-08,SKU_6,Electronics,33.08,0,0,59
2024-04-09,SKU_6,Electronics,54.2,0,0,48
2024-04-10,SKU_6,Electronics,94.98,0,0,41
2024-04-11,SKU_6,Electronics,41.01,0,0,60
2024-04-12,SKU_6,Electronics,55.46,0,0,53
2024-04-13,SKU_6,Electronics,25.52,1,0,100
2024-04-14,SKU_6,Electronics,41.61,0,0,74
2024-04-15,SKU_6,Electronics,71.58,0,0,45
2024-04-16,SKU_6,Electronics,10.75,0,0,59
2024-04-17,SKU_6,Electronics,48.85,1,0,73
2024-04-18,SKU_6,Electronics,80.53,0,0,47
2024-04-19,SKU_6,Electronics,92.09,0,0,44
2024-04-20,SKU_6,Electronics,89.42,1,0,71
2024-04-21,SKU_6,Electronics,40.83,1,0,99
2024-04-22,SKU_6,Electronics,69.38,0,0,48
2024-04-23,SKU_6,Electronics,40.71,0,0,55
2024-04-24,SKU_6,Electronics,24.03,0,0,72
2024-04-25,SKU_6,Electronics,15.78,0,0,67
2024-04-26,SKU_6,Electronics,32.74,0,0,54
2024-04-27,SKU_6,Electronics,58.34,0,0,64
2024-04-28,SKU_6,Electronics,23.08,0,0,69
2024-04-29,SKU_6,Electronics,79.73,0,0,51
2024-04-30,SKU_6,Electronics,64.78,0,0,42
2024-05-01,SKU_6,Electronics,84.75,0,0,37
2024-05-02,SKU_6,Electronics,14.51,0,0,60
2024-05-03,SKU_6,Electronics,43.3,0,0,58
2024-05-04,SKU_6,Electronics,15.75,0,0,73
2024-05-05,SKU_6,Electronics,57.46,0,0,60
2024-05-06,SKU_6,Electronics,55.07,0,0,56
2024-05-07,SKU_6,Electronics,51.05,0,0,57
2024-05-08,SKU_6,Electronics,96.27,0,0,36
2024-05-09,SKU_6,Electronics,71.45,0,0,48
2024-05-10,SKU_6,Electronics,84.47,0,0,46
2024-05-11,SKU_6,Electronics,64.01,0,0,60
2024-05-12,SKU_6,Electronics,76.94,0,0,50
2024-05-13,SKU_6,Electronics,47.01,0,0,54
2024-05-14,SKU_6,Electronics,22.85,1,0,89
2024-05-15,SKU_6,Electronics,20.1,0,0,70
2024-05-16,SKU_6,Electronics,98.01,0,0,42
2024-05-17,SKU_6,Electronics,23.54,0,0,72
2024-05-18,SKU_6,Electronics,51.29,0,0,62
2024-05-19,SKU_6,Electronics,34.06,0,0,61
2024-05-20,SKU_6,Electronics,53.5,1,0,80
2024-05-21,SKU_6,Electronics,26.33,0,0,65
2024-05-22,SKU_6,Electronics,92.19,0,0,39
2024-05-23,SKU_6,Electronics,20.9,0,0,63
2024-05-24,SKU_6,Electronics,72.55,1,0,71
2024-05-25,SKU_6,Electronics,88.92,0,0,50
2024-05-26,SKU_6,Electronics,30.37,0,0,75
2024-05-27,SKU_6,Electronics,48.24,0,0,51
2024-05-28,SKU_6,Electronics,99.11,0,0,37
2024-05-29,SKU_6,Electronics,36.63,0,0,54
2024-05-30,SKU_6,Electronics,59.62,0,0,48
2024-05-31,SKU_6,Electronics,73.5,0,0,41
2024-06-01,SKU_6,Electronics,71.34,0,0,63
2024-06-02,SKU_6,Electronics,29.14,0,0,63
2024-06-03,SKU_6,Electronics,84.71,0,0,40
2024-06-04,SKU_6,Electronics,29.78,0,0,61
2024-06-05,SKU_6,Electronics,45.41,0,0,55
2024-06-06,SKU_6,Electronics,30.36,0,0,63
2024-06-07,SKU_6,Electronics,40.23,0,0,60
2024-06-08,SKU_6,Electronics,16.68,0,0,82
2024-06-09,SKU_6,Electronics,82.6,0,0,56
2024-06-10,SKU_6,Electronics,26.81,0,0,55
2024-06-11,SKU_6,Electronics,69.89,1,0,81
2024-06-12,SKU_6,Electronics,28.13,1,0,84
2024-06-13,SKU_6,Electronics,24.19,1,0,91
2024-06-14,SKU_6,Electronics,81.36,0,0,39
2024-06-15,SKU_6,Electronics,48.28,1,0,77
2024-06-16,SKU_6,Electronics,14.91,0,0,77
2024-06-17,SKU_6,Electronics,11.46,0,0,71
2024-06-18,SKU_6,Electronics,11.14,0,0,63
2024-06-19,SKU_6,Electronics,14.83,0,0,62
2024-06-20,SKU_6,Electronics,23.45,0,0,71
2024-06-21,SKU_6,Electronics,32.97,0,0,64
2024-06-22,SKU_6,Electronics,17.08,0,0,77
2024-06-23,SKU_6,Electronics,33.11,0,0,69
2024-06-24,SKU_6,Electronics,64.5,0,0,56
2024-06-25,SKU_6,Electronics,53.78,0,0,60
2024-06-26,SKU_6,Electronics,36.05,0,0,64
2024-06-27,SKU_6,Electronics,71.47,0,0,56
2024-06-28,SKU_6,Electronics,89.32,0,0,50
2024-06-29,SKU_6,Electronics,71.04,0,0,60
2024-06-30,SKU_6,Electronics,44.72,1,0,95
2024-07-01,SKU_6,Electronics,62.34,0,0,55
2024-07-02,SKU_6,Electronics,97.06,0,0,40
2024-07-03,SKU_6,Electronics,63.5,0,0,51
2024-07-04,SKU_6,Electronics,13.14,0,0,54
2024-07-05,SKU_6,Electronics,82.17,0,0,49
2024-07-06,SKU_6,Electronics,78.09,1,0,79
2024-07-07,SKU_6,Electronics,28.77,0,0,74
2024-07-08,SKU_6,Electronics,95.31,0,0,44
2024-07-09,SKU_6,Electronics,44.89,0,0,58
2024-07-10,SKU_6,Electronics,16.78,0,0,73
2024-07-11,SKU_6,Electronics,34.96,0,0,49
2024-07-12,SKU_6,Electronics,52.37,0,0,60
2024-07-13,SKU_6,Electronics,64.33,0,0,58
2024-07-14,SKU_6,Electronics,87.96,0,0,52
2024-07-15,SKU_6,Electronics,33.5,0,0,62
2024-07-16,SKU_6,Electronics,91.84,0,0,39
2024-07-17,SKU_6,Electronics,24.01,0,0,64
2024-07-18,SKU_6,Electronics,76.19,0,0,44
2024-07-19,SKU_6,Electronics,42.29,0,0,52
2024-07-20,SKU_6,Electronics,61.76,1,0,86
2024-07-21,SKU_6,Electronics,15.78,0,0,84
2024-07-22,SKU_6,Electronics,74.69,0,0,51
2024-07-23,SKU_6,Electronics,47.07,0,0,51
2024-07-24,SKU_6,Electronics,46.36,0,0,61
2024-07-25,SKU_6,Electronics,41.09,1,0,86
2024-07-26,SKU_6,Electronics,24.91,0,0,65
2024-07-27,SKU_6,Electronics,45.51,1,0,86
2024-07-28,SKU_6,Electronics,35.66,0,0,60
2024-07-29,SKU_6,Electronics,76.24,0,0,45
2024-07-30,SKU_6,Electronics,58.53,0,0,49
2024-07-31,SKU_6,Electronics,70.2,0,0,53
2024-08-01,SKU_6,Electronics,50.13,0,0,60
