data/retail_demand_data.csv
date,sku_id,category,price,promotion,holiday,demand
2024-08-02,SKU_6,Electronics,38.91,0,0,56
2024-08-03,SKU_6,Electronics,16.46,0,0,76
2024-08-04,SKU_6,Electronics,40.32,0,0,63
2024-08-05,SKU_6,Electronics,36.49,0,0,63
2024-08-06,SKU_6,Electronics,75.59,0,0,51
2024-08-07,SKU_6,Electronics,45.77,0,0,57
2024-08-08,SKU_6,Electronics,67.57,1,0,67
2024-08-09,SKU_6,Electronics,71.45,0,0,58
2024-08-10,SKU_6,Electronics,56.35,0,0,55
2024-08-11,SKU_6,Electronics,74.99,0,0,52
2024-08-12,SKU_6,Electronics,94.23,0,0,43
2024-08-13,SKU_6,Electronics,53.94,0,0,58
2024-08-14,SKU_6,Electronics,22.68,0,0,59
2024-08-15,SKU_6,Electronics,26.29,0,0,61
2024-08-16,SKU_6,Electronics,24.24,0,0,70
2024-08-17,SKU_6,Electronics,69.57,0,0,54
2024-08-18,SKU_6,Electronics,16.51,0,0,76
2024-08-19,SKU_6,Electronics,74.07,0,0,48
2024-08-20,SKU_6,Electronics,91.34,0,0,39
2024-08-21,SKU_6,Electronics,72.84,1,0,74
2024-08-22,SKU_6,Electronics,29.6,0,0,67
2024-08-23,SKU_6,Electronics,66.56,0,0,47
2024-08-24,SKU_6,Electronics,30.97,0,0,67
2024-08-25,SKU_6,Electronics,93.09,0,0,56
2024-08-26,SKU_6,Electronics,53.92,0,0,60
2024-08-27,SKU_6,Electronics,90.52,0,0,41
2024-08-28,SKU_6,Electronics,25.81,0,0,61
2024-08-29,SKU_6,Electronics,12.55,0,0,65
2024-08-30,SKU_6,Electronics,69.1,0,0,48
2024-08-31,SKU_6,Electronics,43.6,0,0,65
2024-09-01,SKU_6,Electronics,23.57,0,0,75
2024-09-02,SKU_6,Electronics,47.79,0,0,63
2024-09-03,SKU_6,Electronics,66.49,0,0,53
2024-09-04,SKU_6,Electronics,36.92,1,0,91
2024-09-05,SKU_6,Electronics,26.07,0,0,58
2024-09-06,SKU_6,Electronics,52.11,0,0,48
2024-09-07,SKU_6,Electronics,78.61,1,0,80
2024-09-08,SKU_6,Electronics,71.21,0,0,60
2024-09-09,SKU_6,Electronics,13.26,0,0,58
2024-09-10,SKU_6,Electronics,50.94,1,0,73
2024-09-11,SKU_6,Electronics,81.24,0,0,41
2024-09-12,SKU_6,Electronics,47.23,1,0,91
2024-09-13,SKU_6,Electronics,60.29,0,0,51
2024-09-14,SKU_6,Electronics,72.66,0,0,56
2024-09-15,SKU_6,Electronics,53.32,0,0,67
2024-09-16,SKU_6,Electronics,35.86,0,0,51
2024-09-17,SKU_6,Electronics,10.23,0,0,71
2024-09-18,SKU_6,Electronics,81.3,0,0,45
2024-09-19,SKU_6,Electronics,23.22,0,0,66
2024-09-20,SKU_6,Electronics,23.02,0,0,66
2024-09-21,SKU_6,Electronics,78.81,0,0,57
2024-09-22,SKU_6,Electronics,43.79,0,0,66
2024-09-23,SKU_6,Electronics,43.6,0,0,53
2024-09-24,SKU_6,Electronics,37.05,0,0,62
2024-09-25,SKU_6,Electronics,27.31,0,0,63
2024-09-26,SKU_6,Electronics,86.86,0,0,37
2024-09-27,SKU_6,Electronics,50.48,0,0,66
2024-09-28,SKU_6,Electronics,94.88,0,0,44
2024-09-29,SKU_6,Electronics,88.92,0,0,54
2024-09-30,SKU_6,Electronics,40.08,0,0,61
2024-10-01,SKU_6,Electronics,52.13,0,0,52
2024-10-02,SKU_6,Electronics,40.08,0,0,58
2024-10-03,SKU_6,Electronics,56.93,0,0,56
2024-10-04,SKU_6,Electronics,40.61,0,0,60
2024-10-05,SKU_6,Electronics,74.14,0,0,52
2024-10-06,SKU_6,Electronics,43.41,0,0,77
2024-10-07,SKU_6,Electronics,59.19,0,0,47
2024-10-08,SKU_6,Electronics,77.96,0,0,48
2024-10-09,SKU_6,Electronics,20.25,0,0,71
2024-10-10,SKU_6,Electronics,40.56,0,0,59
2024-10-11,SKU_6,Electronics,69.39,0,0,49
2024-10-12,SKU_6,Electronics,25.06,0,0,73
2024-10-13,SKU_6,Electronics,54.44,0,0,65
2024-10-14,SKU_6,Electronics,89.86,0,0,51
2024-10-15,SKU_6,Electronics,80.77,0,0,56
2024-10-16,SKU_6,Electronics,59.75,0,0,40
2024-10-17,SKU_6,Electronics,15.04,0,0,66
2024-10-18,SKU_6,Electronics,88.38,0,0,42
2024-10-19,SKU_6,Electronics,48.57,1,0,84
2024-10-20,SKU_6,Electronics,49.65,0,0,77
2024-10-21,SKU_6,Electronics,50.69,0,0,57
2024-10-22,SKU_6,Electronics,58.03,0,0,59
2024-10-23,SKU_6,Electronics,60.22,0,0,46
2024-10-24,SKU_6,Electronics,25.29,0,0,58
2024-10-25,SKU_6,Electronics,11.65,0,0,62
2024-10-26,SKU_6,Electronics,33.88,0,0,72
2024-10-27,SKU_6,Electronics,89.6,0,0,44
2024-10-28,SKU_6,Electronics,49.99,0,0,57
2024-10-29,SKU_6,Electronics,47.87,0,0,61
2024-10-30,SKU_6,Electronics,97.59,0,0,40
2024-10-31,SKU_6,Electronics,10.32,1,0,96
2024-11-01,SKU_6,Electronics,84.15,0,0,63
2024-11-02,SKU_6,Electronics,66.19,0,0,73
2024-11-03,SKU_6,Electronics,55.29,0,0,82
2024-11-04,SKU_6,Electronics,25.16,0,0,84
2024-11-05,SKU_6,Electronics,26.54,0,0,78
2024-11-06,SKU_6,Electronics,40.96,1,0,103
2024-11-07,SKU_6,Electronics,95.04,1,0,87
2024-11-08,SKU_6,Electronics,91.78,0,0,62
2024-11-09,SKU_6,Electronics,16.74,0,0,94
2024-11-10,SKU_6,Electronics,72.36,1,0,100
2024-11-11,SKU_6,Electronics,42.98,0,0,79
2024-11-12,SKU_6,Electronics,76.55,0,0,61
2024-11-13,SKU_6,Electronics,96.31,0,0,67
2024-11-14,SKU_6,Electronics,47.28,0,0,78
2024-11-15,SKU_6,Electronics,62.39,1,0,100
2024-11-16,SKU_6,Electronics,13.6,0,0,106
2024-11-17,SKU_6,Electronics,26.74,0,0,88
2024-11-18,SKU_6,Electronics,47.85,0,0,71
2024-11-19,SKU_6,Electronics,13.81,0,0,89
2024-11-20,SKU_6,Electronics,67.1,0,0,80
2024-11-21,SKU_6,Electronics,48.49,0,0,78
2024-11-22,SKU_6,Electronics,48.34,0,0,77
2024-11-23,SKU_6,Electronics,25.94,0,0,95
2024-11-24,SKU_6,Electronics,93.49,0,0,73
2024-11-25,SKU_6,Electronics,99.9,0,0,58
2024-11-26,SKU_6,Electronics,34.71,0,0,81
2024-11-27,SKU_6,Electronics,83.88,0,0,70
2024-11-28,SKU_6,Electronics,27.49,0,0,79
2024-11-29,SKU_6,Electronics,42.55,1,0,111
2024-11-30,SKU_6,Electronics,92.32,0,0,80
2024-12-01,SKU_6,Electronics,46.34,0,0,86
2024-12-02,SKU_6,Electronics,95.55,0,0,64
2024-12-03,SKU_6,Electronics,83.53,0,0,71
2024-12-04,SKU_6,Electronics,34.56,1,0,108
2024-12-05,SKU_6,Electronics,53.56,0,0,70
2024-12-06,SKU_6,Electronics,40.86,0,0,82
2024-12-07,SKU_6,Electronics,72.55,1,0,98
2024-12-08,SKU_6,Electronics,25.29,0,0,91
2024-12-09,SKU_6,Electronics,91.61,0,0,63
2024-12-10,SKU_6,Electronics,28.43,0,0,80
2024-12-11,SKU_6,Electronics,28.08,0,0,86
2024-12-12,SKU_6,Electronics,44.85,0,0,82
2024-12-13,SKU_6,Electronics,97.26,1,0,84
2024-12-14,SKU_6,Electronics,18.21,0,0,92
2024-12-15,SKU_6,Electronics,62.36,0,0,72
2024-12-16,SKU_6,Electronics,96.29,0,0,63
2024-12-17,SKU_6,Electronics,68.93,0,0,65
2024-12-18,SKU_6,Electronics,25.44,0,0,84
2024-12-19,SKU_6,Electronics,73.3,0,0,72
2024-12-20,SKU_6,Electronics,65.21,0,0,66
2024-12-21,SKU_6,Electronics,68.84,0,0,76
2024-12-22,SKU_6,Electronics,20.1,0,0,88
2024-12-23,SKU_6,Electronics,94.99,0,0,70
2024-12-24,SKU_6,Electronics,33.65,0,0,85
2024-12-25,SKU_6,Electronics,10.17,0,1,122
2024-12-26,SKU_6,Electronics,26.16,0,0,80
2024-12-27,SKU_6,Electronics,92.34,0,0,64
2024-12-28,SKU_6,Electronics,58.91,0,0,78
2024-12-29,SKU_6,Electronics,38.69,0,0,89
2024-12-30,SKU_6,Electronics,60.55,0,0,70
2024-12-31,SKU_6,Electronics,57.89,0,0,64
2025-01-01,SKU_6,Electronics,29.74,0,1,96
2025-01-02,SKU_6,Electronics,78.17,0,0,39
2025-01-03,SKU_6,Electronics,18.39,0,0,62
2025-01-04,SKU_6,Electronics,20.04,0,0,75
2025-01-05,SKU_6,Electronics,31.21,0,0,65
2025-01-06,SKU_6,Electronics,95.94,1,0,64
2025-01-07,SKU_6,Electronics,60.28,0,0,52
2025-01-08,SKU_6,Electronics,99.64,0,0,30
2025-01-09,SKU_6,Electronics,10.43,0,0,69
2025-01-10,SKU_6,Electronics,60.0,0,0,53
2025-01-11,SKU_6,Electronics,66.53,1,0,93
2025-01-12,SKU_6,Electronics,23.35,0,0,76
2025-01-13,SKU_6,Electronics,27.08,0,0,67
2025-01-14,SKU_6,Electronics,12.9,1,0,83
2025-01-15,SKU_6,Electronics,85.57,0,0,44
2025-01-16,SKU_6,Electronics,48.42,0,0,56
2025-01-17,SKU_6,Electronics,47.07,0,0,62
2025-01-18,SKU_6,Electronics,19.85,0,0,81
2025-01-19,SKU_6,Electronics,70.78,0,0,59
2025-01-20,SKU_6,Electronics,31.32,1,0,92
2025-01-21,SKU_6,Electronics,40.25,0,0,64
2025-01-22,SKU_6,Electronics,62.27,0,0,61
2025-01-23,SKU_6,Electronics,40.48,0,0,58
2025-01-24,SKU_6,Electronics,29.03,0,0,60
2025-01-25,SKU_6,Electronics,13.29,0,0,76
2025-01-26,SKU_6,Electronics,77.21,0,0,64
2025-01-27,SKU_6,Electronics,62.31,0,0,46
2025-01-28,SKU_6,Electronics,11.93,1,0,92
2025-01-29,SKU_6,Electronics,25.52,0,0,65
2025-01-30,SKU_6,Electronics,74.1,0,0,51
2025-01-31,SKU_6,Electronics,47.92,0,0,47
2025-02-01,SKU_6,Electronics,79.44,0,0,58
2025-02-02,SKU_6,Electronics,60.18,0,0,60
2025-02-03,SKU_6,Electronics,89.12,1,0,62
2025-02-04,SKU_6,Electronics,57.93,0,0,50
2025-02-05,SKU_6,Electronics,59.43,0,0,49
2025-02-06,SKU_6,Electronics,56.51,0,0,61
2025-02-07,SKU_6,Electronics,58.28,0,0,56
2025-02-08,SKU_6,Electronics,58.69,0,0,69
2025-02-09,SKU_6,Electronics,93.87,1,0,68
2025-02-10,SKU_6,Electronics,26.79,0,0,64
2025-02-11,SKU_6,Electronics,55.01,0,0,55
2025-02-12,SKU_6,Electronics,89.88,0,0,44
2025-02-13,SKU_6,Electronics,71.34,0,0,54
2025-02-14,SKU_6,Electronics,69.32,0,0,41
2025-02-15,SKU_6,Electronics,54.4,0,0,60
2025-02-16,SKU_6,Electronics,26.44,1,0,92
2025-02-17,SKU_6,Electronics,55.89,0,0,53
2025-02-18,SKU_6,Electronics,87.07,0,0,51
2025-02-19,SKU_6,Electronics,45.35,0,0,63
2025-02-20,SKU_6,Electronics,37.76,0,0,58
2025-02-21,SKU_6,Electronics,60.89,0,0,60
2025-02-22,SKU_6,Electronics,48.76,0,0,55
2025-02-23,SKU_6,Electronics,91.11,0,0,57
2025-02-24,SKU_6,Electronics,11.83,0,0,66
2025-02-25,SKU_6,Electronics,13.2,0,0,62
2025-02-26,SKU_6,Electronics,42.06,0,0,55
2025-02-27,SKU_6,Electronics,38.64,0,0,54
2025-02-28,SKU_6,Electronics,83.12,0,0,49
2025-03-01,SKU_6,Electronics,86.75,0,0,52
2025-03-02,SKU_6,Electronics,90.94,0,0,65
2025-03-03,SKU_6,Electronics,67.1,1,0,75
2025-03-04,SKU_6,Electronics,75.99,0,0,49
2025-03-05,SKU_6,Electronics,50.14,0,0,61
2025-03-06,SKU_6,Electronics,66.42,0,0,44
2025-03-07,SKU_6,Electronics,15.74,0,0,61
2025-03-08,SKU_6,Electronics,14.95,0,0,73
2025-03-09,SKU_6,Electronics,59.38,0,0,61
2025-03-10,SKU_6,Electronics,98.93,0,0,42
2025-03-11,SKU_6,Electronics,42.89,0,0,50
2025-03-12,SKU_6,Electronics,68.41,0,0,50
2025-03-13,SKU_6,Electronics,26.57,0,0,60
2025-03-14,SKU_6,Electronics,89.11,1,0,69
2025-03-15,SKU_6,Electronics,94.01,0,0,56
2025-03-16,SKU_6,Electronics,88.28,0,0,53
2025-03-17,SKU_6,Electronics,41.18,0,0,56
2025-03-18,SKU_6,Electronics,19.71,0,0,70
2025-03-19,SKU_6,Electronics,36.19,1,0,74
2025-03-20,SKU_6,Electronics,40.15,1,0,87
2025-03-21,SKU_6,Electronics,86.99,0,0,36
2025-03-22,SKU_6,Electronics,92.16,0,0,49
2025-03-23,SKU_6,Electronics,30.44,0,0,71
2025-03-24,SKU_6,Electronics,84.83,0,0,51
2025-03-25,SKU_6,Electronics,80.61,0,0,52
2025-03-26,SKU_6,Electronics,47.86,0,0,58
2025-03-27,SKU_6,Electronics,11.73,0,0,66
2025-03-28,SKU_6,Electronics,69.2,0,0,45
2025-03-29,SKU_6,Electronics,57.69,0,0,62
2025-03-30,SKU_6,Electronics,23.99,0,0,78
2025-03-31,SKU_6,Electronics,32.55,0,0,60
2025-04-01,SKU_6,Electronics,18.27,0,0,56
2025-04-02,SKU_6,Electronics,48.61,0,0,59
2025-04-03,SKU_6,Electronics,65.5,0,0,56
2025-04-04,SKU_6,Electronics,80.28,0,0,48
2025-04-05,SKU_6,Electronics,31.36,0,0,74
2025-04-06,SKU_6,Electronics,87.05,0,0,53
2025-04-07,SKU_6,Electronics,74.1,0,0,46
2025-04-08,SKU_6,Electronics,93.5,0,0,43
2025-04-09,SKU_6,Electronics,30.34,0,0,59
2025-04-10,SKU_6,Electronics,24.78,0,0,65
2025-04-11,SKU_6,Electronics,39.94,0,0,64
2025-04-12,SKU_6,Electronics,54.55,0,0,57
2025-04-13,SKU_6,Electronics,33.16,1,0,109
2025-04-14,SKU_6,Electronics,47.02,0,0,55
2025-04-15,SKU_6,Electronics,60.24,0,0,52
2025-04-16,SKU_6,Electronics,84.8,0,0,48
2025-04-17,SKU_6,Electronics,92.37,0,0,35
2025-04-18,SKU_6,Electronics,45.43,0,0,56
2025-04-19,SKU_6,Electronics,43.74,0,0,59
2025-04-20,SKU_6,Electronics,85.08,0,0,55
2025-04-21,SKU_6,Electronics,14.74,0,0,58
2025-04-22,SKU_6,Electronics,29.73,0,0,67
2025-04-23,SKU_6,Electronics,87.34,0,0,54
2025-04-24,SKU_6,Electronics,41.23,0,0,66
2025-04-25,SKU_6,Electronics,82.26,0,0,48
2025-04-26,SKU_6,Electronics,27.0,0,0,72
2025-04-27,SKU_6,Electronics,15.75,0,0,78
2025-04-28,SKU_6,Electronics,64.1,0,0,42
2025-04-29,SKU_6,Electronics,30.41,0,0,69
2025-04-30,SKU_6,Electronics,95.79,0,0,43
2025-05-01,SKU_6,Electronics,94.02,0,0,44
2025-05-02,SKU_6,Electronics,58.41,0,0,51
2025-05-03,SKU_6,Electronics,97.18,0,0,58
2025-05-04,SKU_6,Electronics,23.84,0,0,73
2025-05-05,SKU_6,Electronics,36.58,0,0,59
2025-05-06,SKU_6,Electronics,94.98,0,0,40
2025-05-07,SKU_6,Electronics,92.84,0,0,40
2025-05-08,SKU_6,Electronics,51.12,0,0,63
2025-05-09,SKU_6,Electronics,14.7,0,0,57
2025-05-10,SKU_6,Electronics,26.8,1,0,98
2025-05-11,SKU_6,Electronics,11.66,0,0,72
2025-05-12,SKU_6,Electronics,44.03,0,0,53
2025-05-13,SKU_6,Electronics,60.16,0,0,58
2025-05-14,SKU_6,Electronics,39.35,0,0,60
2025-05-15,SKU_6,Electronics,19.89,0,0,61
2025-05-16,SKU_6,Electronics,11.6,0,0,69
2025-05-17,SKU_6,Electronics,86.06,0,0,54
2025-05-18,SKU_6,Electronics,50.85,0,0,66
2025-05-19,SKU_6,Electronics,90.35,0,0,32
2025-05-20,SKU_6,Electronics,26.33,1,0,96
2025-05-21,SKU_6,Electronics,77.66,0,0,55
2025-05-22,SKU_6,Electronics,65.16,0,0,53
2025-05-23,SKU_6,Electronics,68.06,0,0,62
2025-05-24,SKU_6,Electronics,67.95,0,0,69
2025-05-25,SKU_6,Electronics,56.78,0,0,69
2025-05-26,SKU_6,Electronics,50.45,0,0,67
2025-05-27,SKU_6,Electronics,42.53,1,0,91
2025-05-28,SKU_6,Electronics,28.16,0,0,67
2025-05-29,SKU_6,Electronics,52.41,0,0,49
2025-05-30,SKU_6,Electronics,49.94,0,0,60
2025-05-31,SKU_6,Electronics,24.76,0,0,73
2025-06-01,SKU_6,Electronics,18.1,0,0,67
2025-06-02,SKU_6,Electronics,50.78,0,0,62
2025-06-03,SKU_6,Electronics,94.71,0,0,45
2025-06-04,SKU_6,Electronics,81.05,0,0,49
2025-06-05,SKU_6,Electronics,61.59,0,0,54
2025-06-06,SKU_6,Electronics,78.67,0,0,56
2025-06-07,SKU_6,Electronics,66.83,0,0,57
2025-06-08,SKU_6,Electronics,95.14,0,0,50
2025-06-09,SKU_6,Electronics,76.75,0,0,32
2025-06-10,SKU_6,Electronics,60.39,0,0,54
2025-06-11,SKU_6,Electronics,97.94,0,0,41
2025-06-12,SKU_6,Electronics,80.68,0,0,55
2025-06-13,SKU_6,Electronics,27.04,0,0,66
2025-06-14,SKU_6,Electronics,38.29,0,0,64
2025-06-15,SKU_6,Electronics,51.81,0,0,63
2025-06-16,SKU_6,Electronics,95.25,0,0,47
2025-06-17,SKU_6,Electronics,99.14,1,0,65
2025-06-18,SKU_6,Electronics,40.62,0,0,63
2025-06-19,SKU_6,Electronics,96.09,0,0,47
2025-06-20,SKU_6,Electronics,91.86,0,0,49
2025-06-21,SKU_6,Electronics,24.73,0,0,73
2025-06-22,SKU_6,Electronics,69.11,0,0,65
2025-06-23,SKU_6,Electronics,18.54,0,0,73
2025-06-24,SKU_6,Electronics,17.09,0,0,72
2025-06-25,SKU_6,Electronics,32.4,0,0,59
2025-06-26,SKU_6,Electronics,39.53,0,0,58
2025-06-27,SKU_6,Electronics,26.56,0,0,63
2025-06-28,SKU_6,Electronics,15.03,0,0,78
2025-06-29,SKU_6,Electronics,81.15,1,0,79
2025-06-30,SKU_6,Electronics,78.29,0,0,49
2025-07-01,SKU_6,Electronics,61.14,0,0,57
2025-07-02,SKU_6,Electronics,89.14,0,0,49
2025-07-03,SKU_6,Electronics,46.5,1,0,91
2025-07-04,SKU_6,Electronics,99.6,0,0,44
2025-07-05,SKU_6,Electronics,41.96,0,0,65
2025-07-06,SKU_6,Electronics,73.82,0,0,56
2025-07-07,SKU_6,Electronics,76.74,0,0,44
2025-07-08,SKU_6,Electronics,66.6,0,0,57
2025-07-09,SKU_6,Electronics,88.88,0,0,50
2025-07-10,SKU_6,Electronics,90.52,0,0,46
2025-07-11,SKU_6,Electronics,96.93,0,0,51
2025-07-12,SKU_6,Electronics,45.63,0,0,68
2025-07-13,SKU_6,Electronics,36.25,0,0,73
2025-07-14,SKU_6,Electronics,38.13,0,0,60
2025-07-15,SKU_6,Electronics,63.01,0,0,49
2025-07-16,SKU_6,Electronics,68.74,0,0,48
2025-07-17,SKU_6,Electronics,25.8,0,0,73
2025-07-18,SKU_6,Electronics,54.14,0,0,48
2025-07-19,SKU_6,Electronics,13.13,0,0,67
2025-07-20,SKU_6,Electronics,71.88,0,0,57
2025-07-21,SKU_6,Electronics,45.61,1,0,86
2025-07-22,SKU_6,Electronics,51.72,0,0,58
2025-07-23,SKU_6,Electronics,21.53,0,0,57
2025-07-24,SKU_6,Electronics,48.37,0,0,59
2025-07-25,SKU_6,Electronics,72.91,0,0,59
2025-07-26,SKU_6,Electronics,22.58,0,0,64
2025-07-27,SKU_6,Electronics,98.65,0,0,52
2025-07-28,SKU_6,Electronics,16.5,0,0,65
2025-07-29,SKU_6,Electronics,57.19,0,0,47
2025-07-30,SKU_6,Electronics,37.52,0,0,57
2025-07-31,SKU_6,Electronics,75.14,0,0,56
2025-08-01,SKU_6,Electronics,65.62,0,0,56
2025-08-02,SKU_6,Electronics,80.42,0,0,64
2025-08-03,SKU_6,Electronics,46.19,0,0,62
2025-08-04,SKU_6,Electronics,56.44,0,0,62
2025-08-05,SKU_6,Electronics,53.7,1,0,76
2025-08-06,SKU_6,Electronics,68.91,0,0,51
2025-08-07,SKU_6,Electronics,70.29,1,0,74
2025-08-08,SKU_6,Electronics,28.42,0,0,70
2025-08-09,SKU_6,Electronics,36.3,0,0,76
2025-08-10,SKU_6,Electronics,59.77,1,0,94
2025-08-11,SKU_6,Electronics,96.68,0,0,52
2025-08-12,SKU_6,Electronics,32.94,0,0,65
2025-08-13,SKU_6,Electronics,56.42,0,0,62
2025-08-14,SKU_6,Electronics,92.97,0,0,48
2025-08-15,SKU_6,Electronics,62.22,0,0,52
2025-08-16,SKU_6,Electronics,52.62,0,0,71
2025-08-17,SKU_6,Electronics,93.28,0,0,58
2025-08-18,SKU_6,Electronics,25.58,0,0,66
2025-08-19,SKU_6,Electronics,13.5,0,0,63
2025-08-20,SKU_6,Electronics,84.84,0,0,39
2025-08-21,SKU_6,Electronics,16.32,0,0,74
2025-08-22,SKU_6,Electronics,65.47,1,0,81
2025-08-23,SKU_6,Electronics,48.64,0,0,63
2025-08-24,SKU_6,Electronics,23.57,0,0,73
2025-08-25,SKU_6,Electronics,31.49,0,0,62
2025-08-26,SKU_6,Electronics,17.03,1,0,98
2025-08-27,SKU_6,Electronics,99.79,0,0,31
2025-08-28,SKU_6,Electronics,97.37,0,0,41
2025-08-29,SKU_6,Electronics,68.19,0,0,54
2025-08-30,SKU_6,Electronics,34.6,0,0,76
2025-08-31,SKU_6,Electronics,79.23,0,0,60
2025-09-01,SKU_6,Electronics,96.76,0,0,37
2025-09-02,SKU_6,Electronics,78.88,0,0,50
2025-09-03,SKU_6,Electronics,81.07,0,0,51
2025-09-04,SKU_6,Electronics,10.83,0,0,63
2025-09-05,SKU_6,Electronics,20.19,0,0,65
2025-09-06,SKU_6,Electronics,96.39,0,0,58
2025-09-07,SKU_6,Electronics,10.86,0,0,77
2025-09-08,SKU_6,Electronics,16.97,0,0,66
2025-09-09,SKU_6,Electronics,27.04,0,0,70
2025-09-10,SKU_6,Electronics,92.41,0,0,44
2025-09-11,SKU_6,Electronics,45.9,0,0,58
2025-09-12,SKU_6,Electronics,68.68,0,0,53
2025-09-13,SKU_6,Electronics,81.14,0,0,58
2025-09-14,SKU_6,Electronics,55.06,0,0,70
2025-09-15,SKU_6,Electronics,84.8,1,0,72
2025-09-16,SKU_6,Electronics,33.89,0,0,65
2025-09-17,SKU_6,Electronics,94.98,0,0,46
2025-09-18,SKU_6,Electronics,41.56,0,0,59
2025-09-19,SKU_6,Electronics,62.7,0,0,61
2025-09-20,SKU_6,Electronics,15.79,0,0,72
2025-09-21,SKU_6,Electronics,47.71,0,0,69
2025-09-22,SKU_6,Electronics,61.69,0,0,55
2025-09-23,SKU_6,Electronics,35.99,0,0,66
2025-09-24,SKU_6,Electronics,12.34,0,0,57
2025-09-25,SKU_6,Electronics,66.42,0,0,50
2025-09-26,SKU_6,Electronics,92.01,0,0,44
2025-09-27,SKU_6,Electronics,68.81,0,0,70
2025-09-28,SKU_6,Electronics,30.11,0,0,69
2025-09-29,SKU_6,Electronics,54.27,0,0,55
2025-09-30,SKU_6,Electronics,79.34,1,0,80
2025-10-01,SKU_6,Electronics,56.29,1,0,89
2025-10-02,SKU_6,Electronics,96.77,0,0,43
