data/retail_demand_data.csv
date,sku_id,category,price,promotion,holiday,demand
2025-10-03,SKU_6,Electronics,81.88,0,0,50
2025-10-04,SKU_6,Electronics,41.27,0,0,64
2025-10-05,SKU_6,Electronics,23.15,1,0,107
2025-10-06,SKU_6,Electronics,39.34,0,0,70
2025-10-07,SKU_6,Electronics,26.85,0,0,62
2025-10-08,SKU_6,Electronics,77.3,0,0,47
2025-10-09,SKU_6,Electronics,11.79,0,0,73
2025-10-10,SKU_6,Electronics,47.81,0,0,59
2025-10-11,SKU_6,Electronics,72.51,1,0,89
2025-10-12,SKU_6,Electronics,72.0,1,0,95
2025-10-13,SKU_6,Electronics,72.94,0,0,47
2025-10-14,SKU_6,Electronics,80.47,0,0,54
2025-10-15,SKU_6,Electronics,60.65,0,0,59
2025-10-16,SKU_6,Electronics,84.65,0,0,45
2025-10-17,SKU_6,Electronics,26.82,0,0,56
2025-10-18,SKU_6,Electronics,41.64,0,0,73
2025-10-19,SKU_6,Electronics,98.74,0,0,54
2025-10-20,SKU_6,Electronics,68.14,0,0,52
2025-10-21,SKU_6,Electronics,70.64,0,0,57
2025-10-22,SKU_6,Electronics,69.12,0,0,58
2025-10-23,SKU_6,Electronics,12.59,0,0,62
2025-10-24,SKU_6,Electronics,73.43,0,0,42
2025-10-25,SKU_6,Electronics,38.38,0,0,73
2025-10-26,SKU_6,Electronics,41.45,0,0,69
2025-10-27,SKU_6,Electronics,58.36,0,0,62
2025-10-28,SKU_6,Electronics,69.4,0,0,37
2025-10-29,SKU_6,Electronics,22.67,0,0,69
2025-10-30,SKU_6,Electronics,46.85,0,0,54
2025-10-31,SKU_6,Electronics,78.09,0,0,55
2025-11-01,SKU_6,Electronics,19.65,0,0,99
2025-11-02,SKU_6,Electronics,74.13,0,0,81
2025-11-03,SKU_6,Electronics,37.96,0,0,78
2025-11-04,SKU_6,Electronics,25.34,0,0,92
2025-11-05,SKU_6,Electronics,70.57,0,0,69
2025-11-06,SKU_6,Electronics,93.9,0,0,64
2025-11-07,SKU_6,Electronics,16.96,0,0,92
2025-11-08,SKU_6,Electronics,18.48,0,0,102
2025-11-09,SKU_6,Electronics,60.57,0,0,84
2025-11-10,SKU_6,Electronics,51.3,0,0,72
2025-11-11,SKU_6,Electronics,54.04,0,0,87
2025-11-12,SKU_6,Electronics,18.89,0,0,92
2025-11-13,SKU_6,Electronics,52.14,0,0,83
2025-11-14,SKU_6,Electronics,79.0,0,0,72
2025-11-15,SKU_6,Electronics,51.22,0,0,91
2025-11-16,SKU_6,Electronics,93.34,0,0,74
2025-11-17,SKU_6,Electronics,17.24,0,0,93
2025-11-18,SKU_6,Electronics,32.49,0,0,93
2025-11-19,SKU_6,Electronics,49.74,1,0,103
2025-11-20,SKU_6,Electronics,56.96,0,0,83
2025-11-21,SKU_6,Electronics,10.16,0,0,105
2025-11-22,SKU_6,Electronics,19.14,0,0,93
2025-11-23,SKU_6,Electronics,93.57,0,0,79
2025-11-24,SKU_6,Electronics,94.52,1,0,91
2025-11-25,SKU_6,Electronics,82.56,0,0,60
2025-11-26,SKU_6,Electronics,86.62,0,0,75
2025-11-27,SKU_6,Electronics,13.62,0,0,88
2025-11-28,SKU_6,Electronics,48.28,0,0,79
2025-11-29,SKU_6,Electronics,83.54,0,0,84
2025-11-30,SKU_6,Electronics,36.81,1,0,117
2025-12-01,SKU_6,Electronics,52.61,0,0,74
2025-12-02,SKU_6,Electronics,75.67,0,0,71
2025-12-03,SKU_6,Electronics,25.47,0,0,76
2025-12-04,SKU_6,Electronics,27.36,0,0,83
2025-12-05,SKU_6,Electronics,81.81,0,0,67
2025-12-06,SKU_6,Electronics,90.39,0,0,84
2025-12-07,SKU_6,Electronics,50.45,0,0,94
2025-12-08,SKU_6,Electronics,16.27,0,0,91
2025-12-09,SKU_6,Electronics,79.12,0,0,73
2025-12-10,SKU_6,Electronics,29.55,0,0,89
2025-12-11,SKU_6,Electronics,55.11,0,0,80
2025-12-12,SKU_6,Electronics,23.99,0,0,83
2025-12-13,SKU_6,Electronics,52.82,0,0,89
2025-12-14,SKU_6,Electronics,23.13,0,0,94
2025-12-15,SKU_6,Electronics,30.39,0,0,82
2025-12-16,SKU_6,Electronics,68.84,0,0,81
2025-12-17,SKU_6,Electronics,21.39,0,0,86
2025-12-18,SKU_6,Electronics,89.01,0,0,67
2025-12-19,SKU_6,Electronics,98.82,0,0,63
2025-12-20,SKU_6,Electronics,46.98,0,0,83
2025-12-21,SKU_6,Electronics,22.43,0,0,93
2025-12-22,SKU_6,Electronics,20.27,0,0,84
2025-12-23,SKU_6,Electronics,62.06,1,0,95
2025-12-24,SKU_6,Electronics,43.52,1,0,96
2025-12-25,SKU_6,Electronics,22.88,0,1,125
2025-12-26,SKU_6,Electronics,98.81,1,0,83
2025-12-27,SKU_6,Electronics,21.62,0,0,96
2025-12-28,SKU_6,Electronics,34.45,0,0,90
2025-12-29,SKU_6,Electronics,98.49,0,0,63
2025-12-30,SKU_6,Electronics,88.88,0,0,70
2025-12-31,SKU_6,Electronics,16.81,0,0,95
2024-01-01,SKU_7,Home,80.17,1,1,94
2024-01-02,SKU_7,Home,57.09,0,0,37
2024-01-03,SKU_7,Home,84.25,1,0,53
2024-01-04,SKU_7,Home,13.21,0,0,52
2024-01-05,SKU_7,Home,62.75,1,0,53
2024-01-06,SKU_7,Home,85.29,0,0,33
2024-01-07,SKU_7,Home,68.06,0,0,34
2024-01-08,SKU_7,Home,85.02,0,0,21
2024-01-09,SKU_7,Home,66.77,0,0,48
2024-01-10,SKU_7,Home,12.85,1,0,75
2024-01-11,SKU_7,Home,14.68,0,0,46
2024-01-12,SKU_7,Home,81.02,0,0,24
2024-01-13,SKU_7,Home,12.61,0,0,58
2024-01-14,SKU_7,Home,49.4,0,0,44
2024-01-15,SKU_7,Home,81.98,0,0,20
2024-01-16,SKU_7,Home,66.55,0,0,34
2024-01-17,SKU_7,Home,65.88,0,0,32
2024-01-18,SKU_7,Home,18.95,0,0,49
2024-01-19,SKU_7,Home,79.24,0,0,23
2024-01-20,SKU_7,Home,90.76,1,0,60
2024-01-21,SKU_7,Home,87.28,0,0,34
2024-01-22,SKU_7,Home,49.79,0,0,40
2024-01-23,SKU_7,Home,40.63,0,0,36
2024-01-24,SKU_7,Home,84.8,0,0,17
2024-01-25,SKU_7,Home,46.01,0,0,38
2024-01-26,SKU_7,Home,96.08,0,0,28
2024-01-27,SKU_7,Home,25.25,0,0,56
2024-01-28,SKU_7,Home,43.44,0,0,49
2024-01-29,SKU_7,Home,20.29,0,0,50
2024-01-30,SKU_7,Home,79.61,1,0,57
2024-01-31,SKU_7,Home,13.61,0,0,51
2024-02-01,SKU_7,Home,29.34,0,0,42
2024-02-02,SKU_7,Home,99.4,0,0,25
2024-02-03,SKU_7,Home,97.6,1,0,46
2024-02-04,SKU_7,Home,29.16,0,0,54
2024-02-05,SKU_7,Home,47.07,0,0,34
2024-02-06,SKU_7,Home,46.47,0,0,35
2024-02-07,SKU_7,Home,77.16,0,0,23
2024-02-08,SKU_7,Home,16.47,0,0,43
2024-02-09,SKU_7,Home,50.08,0,0,45
2024-02-10,SKU_7,Home,50.61,0,0,49
2024-02-11,SKU_7,Home,57.17,0,0,46
2024-02-12,SKU_7,Home,52.16,0,0,35
2024-02-13,SKU_7,Home,66.75,1,0,61
2024-02-14,SKU_7,Home,78.14,1,0,53
2024-02-15,SKU_7,Home,25.31,0,0,43
2024-02-16,SKU_7,Home,52.42,0,0,36
2024-02-17,SKU_7,Home,94.77,0,0,37
2024-02-18,SKU_7,Home,28.78,0,0,43
2024-02-19,SKU_7,Home,42.47,0,0,39
2024-02-20,SKU_7,Home,50.69,0,0,39
2024-02-21,SKU_7,Home,53.92,0,0,36
2024-02-22,SKU_7,Home,23.6,0,0,38
2024-02-23,SKU_7,Home,39.44,0,0,44
2024-02-24,SKU_7,Home,63.84,0,0,40
2024-02-25,SKU_7,Home,41.83,0,0,46
2024-02-26,SKU_7,Home,63.97,0,0,43
2024-02-27,SKU_7,Home,21.38,0,0,50
2024-02-28,SKU_7,Home,86.57,0,0,24
2024-02-29,SKU_7,Home,58.0,0,0,28
2024-03-01,SKU_7,Home,13.74,0,0,47
2024-03-02,SKU_7,Home,84.49,0,0,38
2024-03-03,SKU_7,Home,23.42,0,0,53
2024-03-04,SKU_7,Home,94.73,0,0,31
2024-03-05,SKU_7,Home,86.71,0,0,20
2024-03-06,SKU_7,Home,56.96,1,0,54
2024-03-07,SKU_7,Home,29.77,0,0,41
2024-03-08,SKU_7,Home,47.7,0,0,38
2024-03-09,SKU_7,Home,41.94,0,0,46
2024-03-10,SKU_7,Home,99.53,0,0,34
2024-03-11,SKU_7,Home,60.01,0,0,41
2024-03-12,SKU_7,Home,99.03,1,0,48
2024-03-13,SKU_7,Home,99.18,0,0,21
2024-03-14,SKU_7,Home,34.46,0,0,39
2024-03-15,SKU_7,Home,86.76,0,0,30
2024-03-16,SKU_7,Home,73.78,0,0,47
2024-03-17,SKU_7,Home,85.72,0,0,43
2024-03-18,SKU_7,Home,89.67,0,0,31
2024-03-19,SKU_7,Home,44.3,0,0,40
2024-03-20,SKU_7,Home,41.18,0,0,48
2024-03-21,SKU_7,Home,89.99,0,0,33
2024-03-22,SKU_7,Home,34.9,0,0,28
2024-03-23,SKU_7,Home,20.79,0,0,58
2024-03-24,SKU_7,Home,72.46,0,0,43
2024-03-25,SKU_7,Home,26.61,0,0,42
2024-03-26,SKU_7,Home,67.49,0,0,25
2024-03-27,SKU_7,Home,79.16,0,0,33
2024-03-28,SKU_7,Home,40.08,0,0,48
2024-03-29,SKU_7,Home,65.34,0,0,35
2024-03-30,SKU_7,Home,58.82,0,0,52
2024-03-31,SKU_7,Home,72.77,0,0,48
2024-04-01,SKU_7,Home,71.61,0,0,31
2024-04-02,SKU_7,Home,98.58,0,0,26
2024-04-03,SKU_7,Home,58.21,0,0,39
2024-04-04,SKU_7,Home,58.46,0,0,37
2024-04-05,SKU_7,Home,45.12,0,0,34
2024-04-06,SKU_7,Home,88.81,0,0,38
2024-04-07,SKU_7,Home,13.3,0,0,58
2024-04-08,SKU_7,Home,78.85,0,0,35
2024-04-09,SKU_7,Home,12.0,0,0,49
2024-04-10,SKU_7,Home,19.92,0,0,45
2024-04-11,SKU_7,Home,78.51,0,0,32
2024-04-12,SKU_7,Home,43.43,1,0,63
2024-04-13,SKU_7,Home,69.17,0,0,45
2024-04-14,SKU_7,Home,37.23,0,0,51
2024-04-15,SKU_7,Home,67.96,0,0,29
2024-04-16,SKU_7,Home,11.08,1,0,87
2024-04-17,SKU_7,Home,55.54,1,0,69
2024-04-18,SKU_7,Home,52.45,0,0,35
2024-04-19,SKU_7,Home,37.66,0,0,42
2024-04-20,SKU_7,Home,22.09,0,0,55
2024-04-21,SKU_7,Home,18.61,0,0,53
2024-04-22,SKU_7,Home,32.6,0,0,47
2024-04-23,SKU_7,Home,93.92,1,0,64
2024-04-24,SKU_7,Home,21.28,1,0,75
2024-04-25,SKU_7,Home,11.66,0,0,46
2024-04-26,SKU_7,Home,89.93,0,0,25
2024-04-27,SKU_7,Home,63.43,0,0,50
2024-04-28,SKU_7,Home,48.47,0,0,49
2024-04-29,SKU_7,Home,59.58,0,0,31
2024-04-30,SKU_7,Home,99.23,0,0,21
2024-05-01,SKU_7,Home,58.35,0,0,34
2024-05-02,SKU_7,Home,79.47,0,0,42
2024-05-03,SKU_7,Home,12.25,0,0,52
2024-05-04,SKU_7,Home,89.58,0,0,37
2024-05-05,SKU_7,Home,41.78,1,0,75
2024-05-06,SKU_7,Home,98.34,0,0,32
2024-05-07,SKU_7,Home,76.47,0,0,17
2024-05-08,SKU_7,Home,11.52,0,0,57
2024-05-09,SKU_7,Home,96.06,0,0,25
2024-05-10,SKU_7,Home,62.2,0,0,43
2024-05-11,SKU_7,Home,58.43,0,0,45
2024-05-12,SKU_7,Home,93.35,0,0,26
2024-05-13,SKU_7,Home,70.65,0,0,30
2024-05-14,SKU_7,Home,85.32,0,0,24
2024-05-15,SKU_7,Home,75.75,0,0,29
2024-05-16,SKU_7,Home,82.84,1,0,55
2024-05-17,SKU_7,Home,84.52,0,0,25
2024-05-18,SKU_7,Home,97.37,0,0,35
2024-05-19,SKU_7,Home,31.53,0,0,47
2024-05-20,SKU_7,Home,49.9,0,0,29
2024-05-21,SKU_7,Home,56.99,0,0,34
2024-05-22,SKU_7,Home,10.12,0,0,46
2024-05-23,SKU_7,Home,21.87,0,0,43
2024-05-24,SKU_7,Home,72.32,0,0,39
2024-05-25,SKU_7,Home,56.72,0,0,50
2024-05-26,SKU_7,Home,48.49,0,0,47
2024-05-27,SKU_7,Home,78.42,0,0,40
2024-05-28,SKU_7,Home,40.47,0,0,40
2024-05-29,SKU_7,Home,62.15,0,0,30
2024-05-30,SKU_7,Home,80.8,0,0,22
2024-05-31,SKU_7,Home,75.69,0,0,40
2024-06-01,SKU_7,Home,27.65,0,0,62
2024-06-02,SKU_7,Home,71.51,0,0,43
2024-06-03,SKU_7,Home,85.81,0,0,32
2024-06-04,SKU_7,Home,72.12,0,0,25
2024-06-05,SKU_7,Home,13.86,0,0,47
2024-06-06,SKU_7,Home,47.79,0,0,49
2024-06-07,SKU_7,Home,47.4,0,0,48
2024-06-08,SKU_7,Home,64.63,0,0,42
2024-06-09,SKU_7,Home,93.79,0,0,35
2024-06-10,SKU_7,Home,52.0,0,0,42
2024-06-11,SKU_7,Home,90.07,0,0,24
2024-06-12,SKU_7,Home,92.85,1,0,52
2024-06-13,SKU_7,Home,52.11,0,0,34
2024-06-14,SKU_7,Home,48.08,0,0,42
2024-06-15,SKU_7,Home,24.45,0,0,62
2024-06-16,SKU_7,Home,55.59,0,0,52
2024-06-17,SKU_7,Home,16.24,0,0,52
2024-06-18,SKU_7,Home,64.45,0,0,28
2024-06-19,SKU_7,Home,20.65,0,0,46
2024-06-20,SKU_7,Home,56.17,0,0,45
2024-06-21,SKU_7,Home,91.66,0,0,28
2024-06-22,SKU_7,Home,33.91,0,0,59
2024-06-23,SKU_7,Home,51.21,1,0,74
2024-06-24,SKU_7,Home,55.23,0,0,34
2024-06-25,SKU_7,Home,40.4,0,0,46
2024-06-26,SKU_7,Home,78.47,0,0,34
2024-06-27,SKU_7,Home,28.1,0,0,45
2024-06-28,SKU_7,Home,99.84,0,0,21
2024-06-29,SKU_7,Home,49.7,0,0,42
2024-06-30,SKU_7,Home,23.5,0,0,56
2024-07-01,SKU_7,Home,39.92,0,0,52
2024-07-02,SKU_7,Home,85.22,0,0,34
2024-07-03,SKU_7,Home,44.96,0,0,50
2024-07-04,SKU_7,Home,19.34,0,0,50
2024-07-05,SKU_7,Home,79.85,0,0,23
2024-07-06,SKU_7,Home,64.26,0,0,43
2024-07-07,SKU_7,Home,54.37,1,0,72
2024-07-08,SKU_7,Home,60.29,0,0,36
2024-07-09,SKU_7,Home,28.47,0,0,53
2024-07-10,SKU_7,Home,40.97,0,0,48
2024-07-11,SKU_7,Home,43.68,1,0,66
2024-07-12,SKU_7,Home,79.21,0,0,40
2024-07-13,SKU_7,Home,86.93,0,0,41
2024-07-14,SKU_7,Home,45.88,0,0,56
2024-07-15,SKU_7,Home,68.58,0,0,30
2024-07-16,SKU_7,Home,77.21,0,0,37
2024-07-17,SKU_7,Home,17.5,0,0,48
2024-07-18,SKU_7,Home,60.89,0,0,35
2024-07-19,SKU_7,Home,28.28,0,0,48
2024-07-20,SKU_7,Home,86.39,0,0,42
2024-07-21,SKU_7,Home,73.6,0,0,47
2024-07-22,SKU_7,Home,84.89,0,0,26
2024-07-23,SKU_7,Home,79.58,0,0,38
2024-07-24,SKU_7,Home,42.97,0,0,37
2024-07-25,SKU_7,Home,95.28,0,0,34
2024-07-26,SKU_7,Home,52.47,0,0,43
2024-07-27,SKU_7,Home,47.34,0,0,50
2024-07-28,SKU_7,Home,67.75,0,0,46
2024-07-29,SKU_7,Home,62.43,0,0,37
2024-07-30,SKU_7,Home,54.61,0,0,34
2024-07-31,SKU_7,Home,79.83,0,0,41
2024-08-01,SKU_7,Home,70.36,0,0,34
2024-08-02,SKU_7,Home,49.45,0,0,41
2024-08-03,SKU_7,Home,72.27,0,0,43
2024-08-04,SKU_7,Home,65.6,0,0,45
2024-08-05,SKU_7,Home,57.07,1,0,65
2024-08-06,SKU_7,Home,40.82,0,0,44
2024-08-07,SKU_7,Home,52.29,0,0,37
2024-08-08,SKU_7,Home,20.72,0,0,49
2024-08-09,SKU_7,Home,22.17,0,0,49
2024-08-10,SKU_7,Home,40.85,0,0,58
2024-08-11,SKU_7,Home,46.01,0,0,47
2024-08-12,SKU_7,Home,54.21,0,0,43
2024-08-13,SKU_7,Home,12.4,0,0,44
2024-08-14,SKU_7,Home,15.19,0,0,54
2024-08-15,SKU_7,Home,89.45,0,0,23
2024-08-16,SKU_7,Home,47.72,0,0,37
2024-08-17,SKU_7,Home,76.98,0,0,45
2024-08-18,SKU_7,Home,10.76,1,0,92
2024-08-19,SKU_7,Home,90.5,0,0,27
2024-08-20,SKU_7,Home,63.73,0,0,35
2024-08-21,SKU_7,Home,64.86,0,0,38
2024-08-22,SKU_7,Home,34.6,0,0,44
2024-08-23,SKU_7,Home,40.81,0,0,56
2024-08-24,SKU_7,Home,98.64,0,0,36
2024-08-25,SKU_7,Home,34.63,0,0,58
2024-08-26,SKU_7,Home,83.74,0,0,29
2024-08-27,SKU_7,Home,99.95,0,0,36
2024-08-28,SKU_7,Home,78.55,0,0,38
2024-08-29,SKU_7,Home,28.99,1,0,76
2024-08-30,SKU_7,Home,71.25,0,0,39
2024-08-31,SKU_7,Home,40.01,0,0,48
2024-09-01,SKU_7,Home,57.63,0,0,48
2024-09-02,SKU_7,Home,24.31,0,0,35
2024-09-03,SKU_7,Home,27.64,0,0,56
2024-09-04,SKU_7,Home,19.77,0,0,53
2024-09-05,SKU_7,Home,37.46,0,0,46
2024-09-06,SKU_7,Home,36.06,0,0,47
2024-09-07,SKU_7,Home,17.12,0,0,63
2024-09-08,SKU_7,Home,70.62,0,0,54
2024-09-09,SKU_7,Home,55.98,0,0,42
2024-09-10,SKU_7,Home,16.61,1,0,70
2024-09-11,SKU_7,Home,31.87,0,0,45
2024-09-12,SKU_7,Home,92.16,0,0,23
2024-09-13,SKU_7,Home,58.87,0,0,42
2024-09-14,SKU_7,Home,27.28,0,0,71
2024-09-15,SKU_7,Home,46.11,0,0,57
2024-09-16,SKU_7,Home,17.97,0,0,56
2024-09-17,SKU_7,Home,58.2,1,0,78
2024-09-18,SKU_7,Home,18.78,0,0,61
2024-09-19,SKU_7,Home,46.59,0,0,42
2024-09-20,SKU_7,Home,90.34,0,0,26
2024-09-21,SKU_7,Home,65.77,0,0,48
2024-09-22,SKU_7,Home,51.2,0,0,57
2024-09-23,SKU_7,Home,61.99,0,0,38
2024-09-24,SKU_7,Home,58.92,1,0,65
2024-09-25,SKU_7,Home,95.92,0,0,27
2024-09-26,SKU_7,Home,33.47,0,0,46
2024-09-27,SKU_7,Home,34.44,0,0,48
2024-09-28,SKU_7,Home,78.21,0,0,42
2024-09-29,SKU_7,Home,93.12,0,0,37
2024-09-30,SKU_7,Home,67.76,0,0,40
2024-10-01,SKU_7,Home,84.9,0,0,27
2024-10-02,SKU_7,Home,36.82,0,0,59
2024-10-03,SKU_7,Home,65.49,0,0,38
2024-10-04,SKU_7,Home,64.75,0,0,38
2024-10-05,SKU_7,Home,77.71,0,0,44
2024-10-06,SKU_7,Home,68.55,0,0,36
2024-10-07,SKU_7,Home,96.74,0,0,29
2024-10-08,SKU_7,Home,76.79,0,0,39
2024-10-09,SKU_7,Home,90.16,0,0,36
2024-10-10,SKU_7,Home,72.22,0,0,34
2024-10-11,SKU_7,Home,80.7,0,0,33
2024-10-12,SKU_7,Home,45.29,0,0,56
2024-10-13,SKU_7,Home,53.09,1,0,75
2024-10-14,SKU_7,Home,16.85,0,0,47
2024-10-15,SKU_7,Home,93.81,0,0,32
2024-10-16,SKU_7,Home,30.98,0,0,48
2024-10-17,SKU_7,Home,62.75,0,0,43
2024-10-18,SKU_7,Home,90.33,0,0,36
2024-10-19,SKU_7,Home,59.81,0,0,45
2024-10-20,SKU_7,Home,53.93,1,0,80
2024-10-21,SKU_7,Home,94.35,0,0,39
2024-10-22,SKU_7,Home,85.13,0,0,37
2024-10-23,SKU_7,Home,34.15,0,0,44
2024-10-24,SKU_7,Home,45.43,0,0,45
2024-10-25,SKU_7,Home,10.3,0,0,60
2024-10-26,SKU_7,Home,60.78,0,0,53
2024-10-27,SKU_7,Home,66.0,0,0,49
2024-10-28,SKU_7,Home,92.64,0,0,29
2024-10-29,SKU_7,Home,78.87,0,0,39
2024-10-30,SKU_7,Home,38.72,0,0,48
2024-10-31,SKU_7,Home,14.43,0,0,54
2024-11-01,SKU_7,Home,46.15,0,0,71
2024-11-02,SKU_7,Home,66.2,0,0,68
2024-11-03,SKU_7,Home,69.05,0,0,78
2024-11-04,SKU_7,Home,74.83,0,0,54
2024-11-05,SKU_7,Home,39.0,0,0,70
2024-11-06,SKU_7,Home,85.91,0,0,54
2024-11-07,SKU_7,Home,32.66,0,0,72
2024-11-08,SKU_7,Home,90.8,0,0,53
2024-11-09,SKU_7,Home,82.77,0,0,63
2024-11-10,SKU_7,Home,48.47,1,0,105
2024-11-11,SKU_7,Home,71.6,0,0,55
2024-11-12,SKU_7,Home,23.76,0,0,70
2024-11-13,SKU_7,Home,32.55,1,0,97
2024-11-14,SKU_7,Home,35.62,0,0,63
2024-11-15,SKU_7,Home,60.11,0,0,56
2024-11-16,SKU_7,Home,37.66,0,0,83
2024-11-17,SKU_7,Home,46.05,0,0,80
2024-11-18,SKU_7,Home,42.01,0,0,73
2024-11-19,SKU_7,Home,73.85,0,0,52
2024-11-20,SKU_7,Home,60.87,1,0,83
2024-11-21,SKU_7,Home,35.69,0,0,70
2024-11-22,SKU_7,Home,98.12,0,0,58
2024-11-23,SKU_7,Home,15.43,0,0,88
2024-11-24,SKU_7,Home,13.15,0,0,85
2024-11-25,SKU_7,Home,63.74,0,0,61
2024-11-26,SKU_7,Home,40.67,0,0,58
2024-11-27,SKU_7,Home,42.3,0,0,65
2024-11-28,SKU_7,Home,31.41,0,0,70
2024-11-29,SKU_7,Home,52.94,0,0,65
2024-11-30,SKU_7,Home,11.96,0,0,89
2024-12-01,SKU_7,Home,83.57,0,0,74
2024-12-02,SKU_7,Home,36.44,0,0,71
2024-12-03,SKU_7,Home,66.69,0,0,65
2024-12-04,SKU_7,Home,85.28,0,0,51
2024-12-05,SKU_7,Home,17.42,0,0,75
2024-12-06,SKU_7,Home,59.19,0,0,56
2024-12-07,SKU_7,Home,75.04,0,0,70
2024-12-08,SKU_7,Home,83.36,0,0,71
2024-12-09,SKU_7,Home,27.16,0,0,66
2024-12-10,SKU_7,Home,46.67,0,0,72
2024-12-11,SKU_7,Home,12.38,0,0,74
2024-12-12,SKU_7,Home,87.06,0,0,54
2024-12-13,SKU_7,Home,94.47,0,0,52
2024-12-14,SKU_7,Home,85.99,0,0,61
2024-12-15,SKU_7,Home,26.75,0,0,89
2024-12-16,SKU_7,Home,80.03,0,0,58
2024-12-17,SKU_7,Home,17.79,0,0,78
2024-12-18,SKU_7,Home,43.69,0,0,79
2024-12-19,SKU_7,Home,99.08,0,0,47
2024-12-20,SKU_7,Home,86.33,0,0,49
2024-12-21,SKU_7,Home,73.88,0,0,69
2024-12-22,SKU_7,Home,56.31,0,0,75
2024-12-23,SKU_7,Home,18.39,1,0,96
2024-12-24,SKU_7,Home,91.21,0,0,58
2024-12-25,SKU_7,Home,63.67,0,1,95
2024-12-26,SKU_7,Home,37.0,0,0,73
2024-12-27,SKU_7,Home,31.93,0,0,77
2024-12-28,SKU_7,Home,82.78,0,0,56
2024-12-29,SKU_7,Home,15.64,0,0,85
2024-12-30,SKU_7,Home,82.43,0,0,48
2024-12-31,SKU_7,Home,29.23,0,0,72
2025-01-01,SKU_7,Home,30.99,0,1,81
2025-01-02,SKU_7,Home,50.79,0,0,46
2025-01-03,SKU_7,Home,61.35,0,0,41
2025-01-04,SKU_7,Home,61.8,0,0,53
2025-01-05,SKU_7,Home,69.42,0,0,53
2025-01-06,SKU_7,Home,45.84,1,0,76
2025-01-07,SKU_7,Home,59.58,0,0,41
2025-01-08,SKU_7,Home,45.69,0,0,44
2025-01-09,SKU_7,Home,12.87,0,0,63
2025-01-10,SKU_7,Home,69.43,0,0,48
2025-01-11,SKU_7,Home,36.2,0,0,56
2025-01-12,SKU_7,Home,97.0,0,0,45
2025-01-13,SKU_7,Home,82.1,0,0,32
2025-01-14,SKU_7,Home,71.73,0,0,36
2025-01-15,SKU_7,Home,59.74,0,0,51
2025-01-16,SKU_7,Home,41.75,0,0,51
2025-01-17,SKU_7,Home,37.8,0,0,59
2025-01-18,SKU_7,Home,49.18,1,0,83
2025-01-19,SKU_7,Home,85.83,0,0,48
2025-01-20,SKU_7,Home,39.15,0,0,53
2025-01-21,SKU_7,Home,88.86,0,0,28
2025-01-22,SKU_7,Home,71.02,1,0,53
2025-01-23,SKU_7,Home,12.35,0,0,53
2025-01-24,SKU_7,Home,77.73,0,0,39
2025-01-25,SKU_7,Home,48.63,0,0,55
2025-01-26,SKU_7,Home,94.53,0,0,46
2025-01-27,SKU_7,Home,83.86,0,0,34
2025-01-28,SKU_7,Home,31.33,0,0,50
2025-01-29,SKU_7,Home,31.6,0,0,47
2025-01-30,SKU_7,Home,98.48,0,0,36
2025-01-31,SKU_7,Home,43.87,0,0,45
2025-02-01,SKU_7,Home,44.08,0,0,56
2025-02-02,SKU_7,Home,83.58,0,0,44
2025-02-03,SKU_7,Home,14.99,0,0,57
2025-02-04,SKU_7,Home,71.65,0,0,43
2025-02-05,SKU_7,Home,83.18,1,0,59
2025-02-06,SKU_7,Home,62.8,0,0,41
2025-02-07,SKU_7,Home,10.85,0,0,61
2025-02-08,SKU_7,Home,78.37,0,0,52
