data/retail_demand_data.csv
date,sku_id,category,price,promotion,holiday,demand
2025-02-09,SKU_7,Home,20.61,1,0,94
2025-02-10,SKU_7,Home,91.34,0,0,37
2025-02-11,SKU_7,Home,17.49,0,0,52
2025-02-12,SKU_7,Home,56.83,0,0,47
2025-02-13,SKU_7,Home,54.64,0,0,49
2025-02-14,SKU_7,Home,20.73,0,0,53
2025-02-15,SKU_7,Home,48.92,0,0,57
2025-02-16,SKU_7,Home,13.99,0,0,74
2025-02-17,SKU_7,Home,94.88,0,0,44
2025-02-18,SKU_7,Home,86.94,0,0,42
2025-02-19,SKU_7,Home,16.38,0,0,53
2025-02-20,SKU_7,Home,16.41,0,0,66
2025-02-21,SKU_7,Home,29.55,0,0,52
2025-02-22,SKU_7,Home,80.59,0,0,47
2025-02-23,SKU_7,Home,42.68,0,0,63
2025-02-24,SKU_7,Home,77.59,0,0,34
2025-02-25,SKU_7,Home,74.14,0,0,30
2025-02-26,SKU_7,Home,70.01,1,0,74
2025-02-27,SKU_7,Home,15.45,0,0,57
2025-02-28,SKU_7,Home,13.41,0,0,64
2025-03-01,SKU_7,Home,44.57,0,0,58
2025-03-02,SKU_7,Home,85.32,1,0,65
2025-03-03,SKU_7,Home,11.45,0,0,63
2025-03-04,SKU_7,Home,36.33,0,0,48
2025-03-05,SKU_7,Home,26.3,0,0,55
2025-03-06,SKU_7,Home,65.42,0,0,35
2025-03-07,SKU_7,Home,18.7,0,0,58
2025-03-08,SKU_7,Home,90.79,0,0,46
2025-03-09,SKU_7,Home,99.71,0,0,46
2025-03-10,SKU_7,Home,71.44,0,0,38
2025-03-11,SKU_7,Home,49.28,0,0,40
2025-03-12,SKU_7,Home,40.1,0,0,52
2025-03-13,SKU_7,Home,51.27,0,0,46
2025-03-14,SKU_7,Home,82.99,0,0,35
2025-03-15,SKU_7,Home,89.23,0,0,43
2025-03-16,SKU_7,Home,21.0,0,0,57
2025-03-17,SKU_7,Home,50.65,0,0,47
2025-03-18,SKU_7,Home,20.08,0,0,58
2025-03-19,SKU_7,Home,31.12,0,0,52
2025-03-20,SKU_7,Home,14.81,0,0,66
2025-03-21,SKU_7,Home,71.17,0,0,45
2025-03-22,SKU_7,Home,94.18,0,0,46
2025-03-23,SKU_7,Home,34.6,0,0,69
2025-03-24,SKU_7,Home,60.47,0,0,43
2025-03-25,SKU_7,Home,36.92,0,0,51
2025-03-26,SKU_7,Home,21.49,0,0,58
2025-03-27,SKU_7,Home,54.59,1,0,78
2025-03-28,SKU_7,Home,90.27,1,0,64
2025-03-29,SKU_7,Home,42.91,0,0,61
2025-03-30,SKU_7,Home,63.03,0,0,59
2025-03-31,SKU_7,Home,49.97,0,0,52
2025-04-01,SKU_7,Home,69.59,0,0,38
2025-04-02,SKU_7,Home,51.26,0,0,43
2025-04-03,SKU_7,Home,54.51,0,0,39
2025-04-04,SKU_7,Home,16.92,0,0,61
2025-04-05,SKU_7,Home,93.28,0,0,43
2025-04-06,SKU_7,Home,13.16,0,0,73
2025-04-07,SKU_7,Home,58.14,0,0,50
2025-04-08,SKU_7,Home,10.87,0,0,59
2025-04-09,SKU_7,Home,30.1,0,0,54
2025-04-10,SKU_7,Home,26.24,0,0,53
2025-04-11,SKU_7,Home,28.4,0,0,49
2025-04-12,SKU_7,Home,94.05,0,0,52
2025-04-13,SKU_7,Home,55.02,0,0,58
2025-04-14,SKU_7,Home,45.79,0,0,55
2025-04-15,SKU_7,Home,90.17,0,0,31
2025-04-16,SKU_7,Home,29.91,0,0,51
2025-04-17,SKU_7,Home,21.76,0,0,54
2025-04-18,SKU_7,Home,78.01,1,0,61
2025-04-19,SKU_7,Home,19.43,0,0,66
2025-04-20,SKU_7,Home,61.82,0,0,61
2025-04-21,SKU_7,Home,80.08,0,0,37
2025-04-22,SKU_7,Home,89.14,0,0,29
2025-04-23,SKU_7,Home,87.53,0,0,32
2025-04-24,SKU_7,Home,39.42,0,0,44
2025-04-25,SKU_7,Home,12.3,0,0,58
2025-04-26,SKU_7,Home,25.54,0,0,65
2025-04-27,SKU_7,Home,88.98,0,0,38
2025-04-28,SKU_7,Home,22.79,0,0,54
2025-04-29,SKU_7,Home,59.16,0,0,50
2025-04-30,SKU_7,Home,79.48,0,0,34
2025-05-01,SKU_7,Home,20.42,1,0,76
2025-05-02,SKU_7,Home,82.93,0,0,33
2025-05-03,SKU_7,Home,53.6,0,0,54
2025-05-04,SKU_7,Home,81.22,0,0,50
2025-05-05,SKU_7,Home,33.88,0,0,48
2025-05-06,SKU_7,Home,53.88,0,0,55
2025-05-07,SKU_7,Home,74.7,0,0,41
2025-05-08,SKU_7,Home,87.01,0,0,41
2025-05-09,SKU_7,Home,85.15,0,0,36
2025-05-10,SKU_7,Home,88.31,0,0,46
2025-05-11,SKU_7,Home,67.94,0,0,43
2025-05-12,SKU_7,Home,38.77,1,0,79
2025-05-13,SKU_7,Home,57.88,0,0,39
2025-05-14,SKU_7,Home,61.45,1,0,78
2025-05-15,SKU_7,Home,10.68,1,0,94
2025-05-16,SKU_7,Home,91.45,0,0,39
2025-05-17,SKU_7,Home,10.03,0,0,69
2025-05-18,SKU_7,Home,29.99,1,0,90
2025-05-19,SKU_7,Home,15.5,0,0,48
2025-05-20,SKU_7,Home,40.16,0,0,54
2025-05-21,SKU_7,Home,99.09,0,0,36
2025-05-22,SKU_7,Home,81.28,1,0,58
2025-05-23,SKU_7,Home,97.15,1,0,70
2025-05-24,SKU_7,Home,49.7,0,0,59
2025-05-25,SKU_7,Home,55.48,0,0,63
2025-05-26,SKU_7,Home,88.81,0,0,42
2025-05-27,SKU_7,Home,28.92,0,0,54
2025-05-28,SKU_7,Home,59.32,0,0,52
2025-05-29,SKU_7,Home,82.89,0,0,31
2025-05-30,SKU_7,Home,90.59,0,0,44
2025-05-31,SKU_7,Home,87.69,0,0,55
2025-06-01,SKU_7,Home,23.65,1,0,86
2025-06-02,SKU_7,Home,78.8,0,0,42
2025-06-03,SKU_7,Home,78.18,0,0,49
2025-06-04,SKU_7,Home,78.56,0,0,39
2025-06-05,SKU_7,Home,21.5,0,0,58
2025-06-06,SKU_7,Home,35.34,0,0,55
2025-06-07,SKU_7,Home,28.3,0,0,65
2025-06-08,SKU_7,Home,15.69,0,0,72
2025-06-09,SKU_7,Home,88.8,1,0,55
2025-06-10,SKU_7,Home,25.85,0,0,55
2025-06-11,SKU_7,Home,16.28,0,0,59
2025-06-12,SKU_7,Home,32.31,0,0,58
2025-06-13,SKU_7,Home,88.39,0,0,41
2025-06-14,SKU_7,Home,95.16,0,0,50
2025-06-15,SKU_7,Home,45.36,0,0,53
2025-06-16,SKU_7,Home,98.18,0,0,23
2025-06-17,SKU_7,Home,86.75,0,0,38
2025-06-18,SKU_7,Home,14.03,0,0,59
2025-06-19,SKU_7,Home,39.55,0,0,53
2025-06-20,SKU_7,Home,81.88,0,0,33
2025-06-21,SKU_7,Home,99.84,0,0,42
2025-06-22,SKU_7,Home,89.55,0,0,47
2025-06-23,SKU_7,Home,31.07,0,0,58
2025-06-24,SKU_7,Home,71.16,0,0,41
2025-06-25,SKU_7,Home,57.53,0,0,41
2025-06-26,SKU_7,Home,44.25,0,0,51
2025-06-27,SKU_7,Home,93.72,0,0,41
2025-06-28,SKU_7,Home,15.13,1,0,95
2025-06-29,SKU_7,Home,67.68,0,0,48
2025-06-30,SKU_7,Home,20.12,1,0,77
2025-07-01,SKU_7,Home,96.81,0,0,35
2025-07-02,SKU_7,Home,19.36,0,0,63
2025-07-03,SKU_7,Home,89.87,0,0,43
2025-07-04,SKU_7,Home,60.21,1,0,63
2025-07-05,SKU_7,Home,49.57,0,0,63
2025-07-06,SKU_7,Home,16.05,0,0,67
2025-07-07,SKU_7,Home,64.15,0,0,43
2025-07-08,SKU_7,Home,44.94,0,0,58
2025-07-09,SKU_7,Home,98.9,0,0,34
2025-07-10,SKU_7,Home,68.46,0,0,46
2025-07-11,SKU_7,Home,94.82,0,0,35
2025-07-12,SKU_7,Home,35.4,1,0,83
2025-07-13,SKU_7,Home,24.17,0,0,79
2025-07-14,SKU_7,Home,91.86,0,0,29
2025-07-15,SKU_7,Home,71.54,0,0,42
2025-07-16,SKU_7,Home,91.86,0,0,44
2025-07-17,SKU_7,Home,14.12,0,0,68
2025-07-18,SKU_7,Home,66.51,1,0,71
2025-07-19,SKU_7,Home,15.06,0,0,72
2025-07-20,SKU_7,Home,78.82,0,0,56
2025-07-21,SKU_7,Home,97.79,0,0,40
2025-07-22,SKU_7,Home,16.8,1,0,85
2025-07-23,SKU_7,Home,40.43,0,0,55
2025-07-24,SKU_7,Home,19.14,1,0,71
2025-07-25,SKU_7,Home,68.1,0,0,45
2025-07-26,SKU_7,Home,74.5,0,0,52
2025-07-27,SKU_7,Home,56.53,0,0,64
2025-07-28,SKU_7,Home,95.08,0,0,33
2025-07-29,SKU_7,Home,59.96,0,0,53
2025-07-30,SKU_7,Home,93.89,0,0,46
2025-07-31,SKU_7,Home,64.39,0,0,45
2025-08-01,SKU_7,Home,28.03,0,0,46
2025-08-02,SKU_7,Home,70.53,0,0,63
2025-08-03,SKU_7,Home,14.13,0,0,67
2025-08-04,SKU_7,Home,31.23,0,0,48
2025-08-05,SKU_7,Home,99.66,0,0,34
2025-08-06,SKU_7,Home,74.74,0,0,45
2025-08-07,SKU_7,Home,80.81,0,0,43
2025-08-08,SKU_7,Home,80.4,0,0,46
2025-08-09,SKU_7,Home,62.22,1,0,77
2025-08-10,SKU_7,Home,76.12,0,0,60
2025-08-11,SKU_7,Home,66.61,1,0,69
2025-08-12,SKU_7,Home,57.88,0,0,51
2025-08-13,SKU_7,Home,67.15,0,0,51
2025-08-14,SKU_7,Home,51.74,0,0,48
2025-08-15,SKU_7,Home,68.21,0,0,41
2025-08-16,SKU_7,Home,86.03,0,0,48
2025-08-17,SKU_7,Home,39.31,0,0,66
2025-08-18,SKU_7,Home,69.05,0,0,45
2025-08-19,SKU_7,Home,66.79,0,0,39
2025-08-20,SKU_7,Home,63.2,0,0,42
2025-08-21,SKU_7,Home,23.44,0,0,54
2025-08-22,SKU_7,Home,92.31,0,0,30
2025-08-23,SKU_7,Home,31.93,0,0,67
2025-08-24,SKU_7,Home,75.61,0,0,47
2025-08-25,SKU_7,Home,63.5,0,0,47
2025-08-26,SKU_7,Home,10.58,0,0,65
2025-08-27,SKU_7,Home,94.37,0,0,41
2025-08-28,SKU_7,Home,93.49,0,0,33
2025-08-29,SKU_7,Home,97.33,0,0,31
2025-08-30,SKU_7,Home,44.52,0,0,57
2025-08-31,SKU_7,Home,75.86,0,0,58
2025-09-01,SKU_7,Home,57.01,0,0,54
2025-09-02,SKU_7,Home,11.44,0,0,58
2025-09-03,SKU_7,Home,77.99,0,0,44
2025-09-04,SKU_7,Home,96.31,0,0,40
2025-09-05,SKU_7,Home,62.52,0,0,48
2025-09-06,SKU_7,Home,85.91,0,0,45
2025-09-07,SKU_7,Home,43.72,0,0,60
2025-09-08,SKU_7,Home,45.13,0,0,47
2025-09-09,SKU_7,Home,15.1,0,0,66
2025-09-10,SKU_7,Home,78.07,0,0,36
2025-09-11,SKU_7,Home,28.17,0,0,50
2025-09-12,SKU_7,Home,53.35,0,0,54
2025-09-13,SKU_7,Home,63.99,0,0,58
2025-09-14,SKU_7,Home,56.46,0,0,59
2025-09-15,SKU_7,Home,70.5,0,0,48
2025-09-16,SKU_7,Home,11.58,0,0,60
2025-09-17,SKU_7,Home,25.53,0,0,54
2025-09-18,SKU_7,Home,53.42,0,0,53
2025-09-19,SKU_7,Home,95.59,0,0,38
2025-09-20,SKU_7,Home,81.62,0,0,45
2025-09-21,SKU_7,Home,90.63,0,0,39
2025-09-22,SKU_7,Home,27.93,0,0,64
2025-09-23,SKU_7,Home,68.68,0,0,47
2025-09-24,SKU_7,Home,80.08,0,0,33
2025-09-25,SKU_7,Home,65.02,1,0,80
2025-09-26,SKU_7,Home,41.05,0,0,49
2025-09-27,SKU_7,Home,74.32,0,0,59
2025-09-28,SKU_7,Home,71.49,0,0,59
2025-09-29,SKU_7,Home,63.73,0,0,41
2025-09-30,SKU_7,Home,74.39,0,0,42
2025-10-01,SKU_7,Home,69.5,0,0,51
2025-10-02,SKU_7,Home,73.37,0,0,41
2025-10-03,SKU_7,Home,32.93,0,0,66
2025-10-04,SKU_7,Home,72.33,0,0,57
2025-10-05,SKU_7,Home,46.77,1,0,90
2025-10-06,SKU_7,Home,24.23,0,0,66
2025-10-07,SKU_7,Home,70.65,0,0,51
2025-10-08,SKU_7,Home,85.4,0,0,45
2025-10-09,SKU_7,Home,16.16,0,0,59
2025-10-10,SKU_7,Home,25.24,0,0,56
2025-10-11,SKU_7,Home,61.07,0,0,64
2025-10-12,SKU_7,Home,44.02,0,0,62
2025-10-13,SKU_7,Home,39.55,0,0,58
2025-10-14,SKU_7,Home,58.84,0,0,57
2025-10-15,SKU_7,Home,48.86,0,0,51
2025-10-16,SKU_7,Home,68.28,0,0,48
2025-10-17,SKU_7,Home,37.2,1,0,85
2025-10-18,SKU_7,Home,24.91,0,0,63
2025-10-19,SKU_7,Home,48.94,0,0,59
2025-10-20,SKU_7,Home,21.04,0,0,65
2025-10-21,SKU_7,Home,74.26,0,0,44
2025-10-22,SKU_7,Home,48.45,0,0,50
2025-10-23,SKU_7,Home,41.57,0,0,49
2025-10-24,SKU_7,Home,20.48,0,0,61
2025-10-25,SKU_7,Home,54.14,0,0,67
2025-10-26,SKU_7,Home,59.22,0,0,65
2025-10-27,SKU_7,Home,20.04,0,0,62
2025-10-28,SKU_7,Home,80.84,0,0,45
2025-10-29,SKU_7,Home,66.87,0,0,54
2025-10-30,SKU_7,Home,71.22,0,0,51
2025-10-31,SKU_7,Home,24.49,0,0,68
2025-11-01,SKU_7,Home,69.54,0,0,71
2025-11-02,SKU_7,Home,83.24,0,0,81
2025-11-03,SKU_7,Home,50.56,0,0,75
2025-11-04,SKU_7,Home,56.5,0,0,79
2025-11-05,SKU_7,Home,14.92,1,0,105
2025-11-06,SKU_7,Home,44.47,0,0,75
2025-11-07,SKU_7,Home,96.73,0,0,59
2025-11-08,SKU_7,Home,58.04,0,0,83
2025-11-09,SKU_7,Home,66.47,0,0,79
2025-11-10,SKU_7,Home,91.76,1,0,95
2025-11-11,SKU_7,Home,64.72,0,0,64
2025-11-12,SKU_7,Home,77.0,0,0,63
2025-11-13,SKU_7,Home,98.36,0,0,63
2025-11-14,SKU_7,Home,55.45,0,0,74
2025-11-15,SKU_7,Home,58.87,0,0,86
2025-11-16,SKU_7,Home,86.38,0,0,76
2025-11-17,SKU_7,Home,34.38,0,0,78
2025-11-18,SKU_7,Home,82.47,0,0,62
2025-11-19,SKU_7,Home,49.31,0,0,72
2025-11-20,SKU_7,Home,66.43,0,0,70
2025-11-21,SKU_7,Home,79.67,0,0,73
2025-11-22,SKU_7,Home,96.71,0,0,67
2025-11-23,SKU_7,Home,59.65,0,0,82
2025-11-24,SKU_7,Home,57.33,0,0,65
2025-11-25,SKU_7,Home,14.29,0,0,76
2025-11-26,SKU_7,Home,39.15,0,0,81
2025-11-27,SKU_7,Home,95.54,0,0,67
2025-11-28,SKU_7,Home,91.3,0,0,63
2025-11-29,SKU_7,Home,61.66,0,0,89
2025-11-30,SKU_7,Home,34.44,0,0,89
2025-12-01,SKU_7,Home,64.55,0,0,65
2025-12-02,SKU_7,Home,56.33,0,0,72
2025-12-03,SKU_7,Home,16.85,0,0,89
2025-12-04,SKU_7,Home,36.1,0,0,76
2025-12-05,SKU_7,Home,54.4,0,0,75
2025-12-06,SKU_7,Home,42.27,1,0,112
2025-12-07,SKU_7,Home,39.31,0,0,91
2025-12-08,SKU_7,Home,56.03,0,0,72
2025-12-09,SKU_7,Home,10.53,0,0,83
2025-12-10,SKU_7,Home,67.9,0,0,71
2025-12-11,SKU_7,Home,24.19,0,0,86
2025-12-12,SKU_7,Home,41.37,0,0,78
2025-12-13,SKU_7,Home,37.97,0,0,82
2025-12-14,SKU_7,Home,40.75,0,0,97
2025-12-15,SKU_7,Home,45.56,0,0,77
2025-12-16,SKU_7,Home,89.65,0,0,66
2025-12-17,SKU_7,Home,31.94,0,0,83
2025-12-18,SKU_7,Home,54.23,0,0,65
2025-12-19,SKU_7,Home,38.49,0,0,75
2025-12-20,SKU_7,Home,69.74,0,0,81
2025-12-21,SKU_7,Home,53.34,0,0,81
2025-12-22,SKU_7,Home,15.0,0,0,86
2025-12-23,SKU_7,Home,61.91,0,0,70
2025-12-24,SKU_7,Home,97.62,1,0,86
2025-12-25,SKU_7,Home,53.31,0,1,110
2025-12-26,SKU_7,Home,92.45,0,0,68
2025-12-27,SKU_7,Home,93.44,1,0,93
2025-12-28,SKU_7,Home,49.72,0,0,81
2025-12-29,SKU_7,Home,43.68,0,0,84
2025-12-30,SKU_7,Home,83.3,0,0,68
2025-12-31,SKU_7,Home,14.3,0,0,87
2024-01-01,SKU_8,Beauty,51.47,0,1,80
2024-01-02,SKU_8,Beauty,26.51,0,0,37
2024-01-03,SKU_8,Beauty,48.63,0,0,37
2024-01-04,SKU_8,Beauty,27.76,1,0,64
2024-01-05,SKU_8,Beauty,88.73,0,0,28
2024-01-06,SKU_8,Beauty,82.58,0,0,30
2024-01-07,SKU_8,Beauty,54.04,0,0,35
2024-01-08,SKU_8,Beauty,31.85,0,0,38
2024-01-09,SKU_8,Beauty,69.5,0,0,36
2024-01-10,SKU_8,Beauty,41.85,0,0,32
2024-01-11,SKU_8,Beauty,71.19,0,0,33
2024-01-12,SKU_8,Beauty,43.19,0,0,39
2024-01-13,SKU_8,Beauty,97.35,0,0,24
2024-01-14,SKU_8,Beauty,21.72,1,0,76
2024-01-15,SKU_8,Beauty,46.03,1,0,55
2024-01-16,SKU_8,Beauty,73.32,0,0,24
2024-01-17,SKU_8,Beauty,64.14,0,0,24
2024-01-18,SKU_8,Beauty,59.38,0,0,31
2024-01-19,SKU_8,Beauty,16.77,0,0,49
2024-01-20,SKU_8,Beauty,18.54,0,0,45
2024-01-21,SKU_8,Beauty,16.91,0,0,57
2024-01-22,SKU_8,Beauty,55.6,0,0,28
2024-01-23,SKU_8,Beauty,54.0,0,0,33
2024-01-24,SKU_8,Beauty,84.95,0,0,18
2024-01-25,SKU_8,Beauty,95.05,0,0,18
2024-01-26,SKU_8,Beauty,84.87,0,0,24
2024-01-27,SKU_8,Beauty,46.6,0,0,53
2024-01-28,SKU_8,Beauty,55.66,0,0,38
2024-01-29,SKU_8,Beauty,80.98,0,0,33
2024-01-30,SKU_8,Beauty,95.51,0,0,16
2024-01-31,SKU_8,Beauty,79.6,0,0,24
2024-02-01,SKU_8,Beauty,91.7,0,0,24
2024-02-02,SKU_8,Beauty,88.41,0,0,21
2024-02-03,SKU_8,Beauty,63.61,0,0,45
2024-02-04,SKU_8,Beauty,91.28,0,0,27
2024-02-05,SKU_8,Beauty,43.88,0,0,36
2024-02-06,SKU_8,Beauty,89.63,0,0,21
2024-02-07,SKU_8,Beauty,95.36,0,0,18
2024-02-08,SKU_8,Beauty,84.87,0,0,14
2024-02-09,SKU_8,Beauty,90.32,0,0,24
2024-02-10,SKU_8,Beauty,19.12,0,0,50
2024-02-11,SKU_8,Beauty,89.22,0,0,32
2024-02-12,SKU_8,Beauty,55.87,0,0,33
2024-02-13,SKU_8,Beauty,14.08,0,0,41
2024-02-14,SKU_8,Beauty,61.01,0,0,31
2024-02-15,SKU_8,Beauty,60.48,0,0,29
2024-02-16,SKU_8,Beauty,94.46,0,0,15
2024-02-17,SKU_8,Beauty,78.69,1,0,68
2024-02-18,SKU_8,Beauty,35.52,0,0,51
2024-02-19,SKU_8,Beauty,88.47,0,0,22
2024-02-20,SKU_8,Beauty,86.64,0,0,24
2024-02-21,SKU_8,Beauty,41.28,0,0,43
2024-02-22,SKU_8,Beauty,65.73,0,0,39
2024-02-23,SKU_8,Beauty,25.31,0,0,47
2024-02-24,SKU_8,Beauty,98.03,0,0,21
2024-02-25,SKU_8,Beauty,52.27,0,0,45
2024-02-26,SKU_8,Beauty,91.26,0,0,28
2024-02-27,SKU_8,Beauty,56.37,0,0,34
2024-02-28,SKU_8,Beauty,65.84,0,0,32
2024-02-29,SKU_8,Beauty,90.06,0,0,27
2024-03-01,SKU_8,Beauty,71.94,0,0,27
2024-03-02,SKU_8,Beauty,31.24,1,0,73
2024-03-03,SKU_8,Beauty,35.57,0,0,44
2024-03-04,SKU_8,Beauty,52.98,0,0,26
2024-03-05,SKU_8,Beauty,50.27,0,0,27
2024-03-06,SKU_8,Beauty,22.52,0,0,42
2024-03-07,SKU_8,Beauty,22.12,1,0,70
2024-03-08,SKU_8,Beauty,65.59,0,0,32
2024-03-09,SKU_8,Beauty,66.42,1,0,71
2024-03-10,SKU_8,Beauty,88.98,0,0,34
2024-03-11,SKU_8,Beauty,86.9,0,0,33
2024-03-12,SKU_8,Beauty,65.86,0,0,30
2024-03-13,SKU_8,Beauty,62.57,0,0,27
2024-03-14,SKU_8,Beauty,30.11,0,0,46
2024-03-15,SKU_8,Beauty,65.96,0,0,25
2024-03-16,SKU_8,Beauty,97.34,0,0,47
2024-03-17,SKU_8,Beauty,84.33,0,0,38
2024-03-18,SKU_8,Beauty,41.2,0,0,42
2024-03-19,SKU_8,Beauty,24.44,0,0,40
2024-03-20,SKU_8,Beauty,66.25,0,0,27
2024-03-21,SKU_8,Beauty,28.83,0,0,46
2024-03-22,SKU_8,Beauty,32.14,0,0,42
2024-03-23,SKU_8,Beauty,40.27,1,0,78
2024-03-24,SKU_8,Beauty,60.58,0,0,54
2024-03-25,SKU_8,Beauty,10.53,0,0,52
2024-03-26,SKU_8,Beauty,69.74,0,0,36
2024-03-27,SKU_8,Beauty,83.39,0,0,25
2024-03-28,SKU_8,Beauty,18.7,0,0,44
2024-03-29,SKU_8,Beauty,70.37,0,0,31
2024-03-30,SKU_8,Beauty,77.28,0,0,35
2024-03-31,SKU_8,Beauty,78.14,0,0,41
2024-04-01,SKU_8,Beauty,39.93,0,0,39
2024-04-02,SKU_8,Beauty,64.98,0,0,26
2024-04-03,SKU_8,Beauty,59.17,0,0,30
2024-04-04,SKU_8,Beauty,80.62,0,0,30
2024-04-05,SKU_8,Beauty,31.55,0,0,50
2024-04-06,SKU_8,Beauty,67.69,0,0,42
2024-04-07,SKU_8,Beauty,26.62,0,0,49
2024-04-08,SKU_8,Beauty,26.31,0,0,46
2024-04-09,SKU_8,Beauty,32.6,0,0,45
2024-04-10,SKU_8,Beauty,93.73,0,0,16
2024-04-11,SKU_8,Beauty,54.18,0,0,43
2024-04-12,SKU_8,Beauty,99.11,0,0,12
2024-04-13,SKU_8,Beauty,13.17,0,0,49
2024-04-14,SKU_8,Beauty,93.2,0,0,43
2024-04-15,SKU_8,Beauty,62.01,0,0,34
2024-04-16,SKU_8,Beauty,41.75,0,0,40
2024-04-17,SKU_8,Beauty,58.58,0,0,30
2024-04-18,SKU_8,Beauty,95.04,0,0,13
2024-04-19,SKU_8,Beauty,75.81,0,0,34
2024-04-20,SKU_8,Beauty,57.28,0,0,50
2024-04-21,SKU_8,Beauty,14.01,0,0,56
2024-04-22,SKU_8,Beauty,57.86,0,0,36
2024-04-23,SKU_8,Beauty,52.73,0,0,35
2024-04-24,SKU_8,Beauty,22.42,0,0,55
2024-04-25,SKU_8,Beauty,22.32,0,0,39
2024-04-26,SKU_8,Beauty,51.03,0,0,31
2024-04-27,SKU_8,Beauty,13.14,0,0,56
2024-04-28,SKU_8,Beauty,54.46,0,0,41
2024-04-29,SKU_8,Beauty,59.99,0,0,28
2024-04-30,SKU_8,Beauty,35.02,0,0,45
2024-05-01,SKU_8,Beauty,20.8,0,0,41
2024-05-02,SKU_8,Beauty,25.1,1,0,72
2024-05-03,SKU_8,Beauty,73.45,0,0,23
2024-05-04,SKU_8,Beauty,86.71,0,0,29
2024-05-05,SKU_8,Beauty,15.51,0,0,50
2024-05-06,SKU_8,Beauty,72.75,1,0,51
2024-05-07,SKU_8,Beauty,36.37,0,0,44
2024-05-08,SKU_8,Beauty,36.27,0,0,40
2024-05-09,SKU_8,Beauty,12.71,0,0,38
2024-05-10,SKU_8,Beauty,74.34,0,0,32
2024-05-11,SKU_8,Beauty,30.5,0,0,53
2024-05-12,SKU_8,Beauty,16.27,0,0,54
2024-05-13,SKU_8,Beauty,13.56,0,0,48
2024-05-14,SKU_8,Beauty,25.52,0,0,45
2024-05-15,SKU_8,Beauty,42.09,0,0,40
2024-05-16,SKU_8,Beauty,96.67,0,0,30
2024-05-17,SKU_8,Beauty,46.05,0,0,43
2024-05-18,SKU_8,Beauty,72.87,0,0,42
2024-05-19,SKU_8,Beauty,53.15,0,0,48
2024-05-20,SKU_8,Beauty,10.11,0,0,43
2024-05-21,SKU_8,Beauty,37.54,1,0,62
2024-05-22,SKU_8,Beauty,52.71,0,0,31
2024-05-23,SKU_8,Beauty,14.74,0,0,42
2024-05-24,SKU_8,Beauty,46.43,0,0,32
2024-05-25,SKU_8,Beauty,12.34,0,0,55
2024-05-26,SKU_8,Beauty,66.77,0,0,39
2024-05-27,SKU_8,Beauty,43.96,1,0,68
2024-05-28,SKU_8,Beauty,21.01,0,0,47
2024-05-29,SKU_8,Beauty,22.29,0,0,44
2024-05-30,SKU_8,Beauty,33.65,0,0,47
2024-05-31,SKU_8,Beauty,27.51,0,0,42
2024-06-01,SKU_8,Beauty,16.96,0,0,58
2024-06-02,SKU_8,Beauty,64.3,1,0,66
2024-06-03,SKU_8,Beauty,86.83,0,0,30
2024-06-04,SKU_8,Beauty,18.37,0,0,48
2024-06-05,SKU_8,Beauty,57.34,0,0,31
2024-06-06,SKU_8,Beauty,23.91,0,0,42
2024-06-07,SKU_8,Beauty,32.91,0,0,35
2024-06-08,SKU_8,Beauty,54.24,0,0,44
2024-06-09,SKU_8,Beauty,18.7,0,0,58
2024-06-10,SKU_8,Beauty,55.62,0,0,31
2024-06-11,SKU_8,Beauty,66.84,0,0,35
2024-06-12,SKU_8,Beauty,53.39,0,0,36
2024-06-13,SKU_8,Beauty,69.11,0,0,37
2024-06-14,SKU_8,Beauty,67.43,0,0,31
2024-06-15,SKU_8,Beauty,27.69,1,0,76
2024-06-16,SKU_8,Beauty,85.86,0,0,27
2024-06-17,SKU_8,Beauty,42.55,0,0,45
2024-06-18,SKU_8,Beauty,96.48,0,0,28
2024-06-19,SKU_8,Beauty,19.9,0,0,50
2024-06-20,SKU_8,Beauty,33.37,0,0,27
2024-06-21,SKU_8,Beauty,54.64,0,0,31
2024-06-22,SKU_8,Beauty,36.85,1,0,69
2024-06-23,SKU_8,Beauty,28.0,0,0,57
2024-06-24,SKU_8,Beauty,33.85,0,0,40
2024-06-25,SKU_8,Beauty,48.92,0,0,33
