data/retail_demand_data.csv
date,sku_id,category,price,promotion,holiday,demand
2024-06-26,SKU_8,Beauty,63.71,0,0,32
2024-06-27,SKU_8,Beauty,41.73,0,0,39
2024-06-28,SKU_8,Beauty,45.56,0,0,40
2024-06-29,SKU_8,Beauty,47.21,0,0,49
2024-06-30,SKU_8,Beauty,58.91,0,0,39
2024-07-01,SKU_8,Beauty,23.05,0,0,47
2024-07-02,SKU_8,Beauty,66.23,0,0,34
2024-07-03,SKU_8,Beauty,95.03,0,0,22
2024-07-04,SKU_8,Beauty,53.38,0,0,36
2024-07-05,SKU_8,Beauty,41.36,0,0,29
2024-07-06,SKU_8,Beauty,29.57,0,0,58
2024-07-07,SKU_8,Beauty,32.13,0,0,49
2024-07-08,SKU_8,Beauty,74.8,0,0,38
2024-07-09,SKU_8,Beauty,71.86,0,0,35
2024-07-10,SKU_8,Beauty,42.95,0,0,49
2024-07-11,SKU_8,Beauty,67.76,0,0,23
2024-07-12,SKU_8,Beauty,58.66,0,0,26
2024-07-13,SKU_8,Beauty,89.33,0,0,24
2024-07-14,SKU_8,Beauty,66.66,0,0,42
2024-07-15,SKU_8,Beauty,22.58,0,0,54
2024-07-16,SKU_8,Beauty,14.04,0,0,44
2024-07-17,SKU_8,Beauty,84.04,0,0,32
2024-07-18,SKU_8,Beauty,85.2,0,0,20
2024-07-19,SKU_8,Beauty,18.23,0,0,53
2024-07-20,SKU_8,Beauty,22.63,0,0,51
2024-07-21,SKU_8,Beauty,29.64,0,0,55
2024-07-22,SKU_8,Beauty,27.09,0,0,40
2024-07-23,SKU_8,Beauty,13.48,0,0,55
2024-07-24,SKU_8,Beauty,23.38,0,0,40
2024-07-25,SKU_8,Beauty,19.96,0,0,47
2024-07-26,SKU_8,Beauty,63.56,0,0,34
2024-07-27,SKU_8,Beauty,58.55,0,0,47
2024-07-28,SKU_8,Beauty,15.82,0,0,67
2024-07-29,SKU_8,Beauty,44.1,0,0,33
2024-07-30,SKU_8,Beauty,59.99,0,0,33
2024-07-31,SKU_8,Beauty,98.66,0,0,18
2024-08-01,SKU_8,Beauty,68.01,0,0,34
2024-08-02,SKU_8,Beauty,55.41,0,0,39
2024-08-03,SKU_8,Beauty,73.64,0,0,32
2024-08-04,SKU_8,Beauty,98.75,0,0,35
2024-08-05,SKU_8,Beauty,82.56,0,0,32
2024-08-06,SKU_8,Beauty,53.8,1,0,66
2024-08-07,SKU_8,Beauty,84.15,0,0,16
2024-08-08,SKU_8,Beauty,80.27,0,0,16
2024-08-09,SKU_8,Beauty,50.6,0,0,34
2024-08-10,SKU_8,Beauty,57.6,0,0,45
2024-08-11,SKU_8,Beauty,81.64,0,0,42
2024-08-12,SKU_8,Beauty,99.11,0,0,24
2024-08-13,SKU_8,Beauty,67.82,0,0,22
2024-08-14,SKU_8,Beauty,22.14,0,0,47
2024-08-15,SKU_8,Beauty,43.99,0,0,40
2024-08-16,SKU_8,Beauty,28.49,1,0,71
2024-08-17,SKU_8,Beauty,38.13,0,0,52
2024-08-18,SKU_8,Beauty,28.22,0,0,60
2024-08-19,SKU_8,Beauty,63.12,0,0,40
2024-08-20,SKU_8,Beauty,88.64,0,0,23
2024-08-21,SKU_8,Beauty,39.81,0,0,48
2024-08-22,SKU_8,Beauty,44.78,0,0,38
2024-08-23,SKU_8,Beauty,22.54,0,0,53
2024-08-24,SKU_8,Beauty,67.14,0,0,41
2024-08-25,SKU_8,Beauty,83.78,0,0,36
2024-08-26,SKU_8,Beauty,62.39,0,0,37
2024-08-27,SKU_8,Beauty,53.27,0,0,39
2024-08-28,SKU_8,Beauty,35.14,0,0,47
2024-08-29,SKU_8,Beauty,46.62,0,0,36
2024-08-30,SKU_8,Beauty,45.4,0,0,40
2024-08-31,SKU_8,Beauty,14.32,0,0,66
2024-09-01,SKU_8,Beauty,27.12,0,0,50
2024-09-02,SKU_8,Beauty,95.99,0,0,25
2024-09-03,SKU_8,Beauty,31.16,0,0,45
2024-09-04,SKU_8,Beauty,67.89,0,0,32
2024-09-05,SKU_8,Beauty,95.69,0,0,12
2024-09-06,SKU_8,Beauty,32.17,0,0,39
2024-09-07,SKU_8,Beauty,18.0,0,0,60
2024-09-08,SKU_8,Beauty,65.84,0,0,38
2024-09-09,SKU_8,Beauty,57.61,0,0,29
2024-09-10,SKU_8,Beauty,50.56,0,0,47
2024-09-11,SKU_8,Beauty,87.36,0,0,40
2024-09-12,SKU_8,Beauty,58.9,1,0,64
2024-09-13,SKU_8,Beauty,14.78,0,0,51
2024-09-14,SKU_8,Beauty,21.22,0,0,57
2024-09-15,SKU_8,Beauty,75.51,0,0,37
2024-09-16,SKU_8,Beauty,61.26,1,0,64
2024-09-17,SKU_8,Beauty,75.95,0,0,29
2024-09-18,SKU_8,Beauty,88.1,0,0,31
2024-09-19,SKU_8,Beauty,63.54,0,0,33
2024-09-20,SKU_8,Beauty,12.66,0,0,56
2024-09-21,SKU_8,Beauty,86.38,0,0,36
2024-09-22,SKU_8,Beauty,73.53,0,0,44
2024-09-23,SKU_8,Beauty,76.4,0,0,29
2024-09-24,SKU_8,Beauty,98.76,0,0,34
2024-09-25,SKU_8,Beauty,76.11,0,0,37
2024-09-26,SKU_8,Beauty,11.63,0,0,56
2024-09-27,SKU_8,Beauty,29.9,0,0,47
2024-09-28,SKU_8,Beauty,83.62,0,0,39
2024-09-29,SKU_8,Beauty,28.05,1,0,81
2024-09-30,SKU_8,Beauty,73.05,0,0,33
2024-10-01,SKU_8,Beauty,25.21,0,0,47
2024-10-02,SKU_8,Beauty,64.61,0,0,36
2024-10-03,SKU_8,Beauty,50.7,0,0,29
2024-10-04,SKU_8,Beauty,14.42,0,0,48
2024-10-05,SKU_8,Beauty,23.41,0,0,60
2024-10-06,SKU_8,Beauty,42.52,0,0,57
2024-10-07,SKU_8,Beauty,31.36,0,0,40
2024-10-08,SKU_8,Beauty,98.98,0,0,24
2024-10-09,SKU_8,Beauty,27.93,0,0,43
2024-10-10,SKU_8,Beauty,18.68,1,0,73
2024-10-11,SKU_8,Beauty,58.42,0,0,39
2024-10-12,SKU_8,Beauty,23.65,0,0,61
2024-10-13,SKU_8,Beauty,82.95,0,0,45
2024-10-14,SKU_8,Beauty,88.93,0,0,35
2024-10-15,SKU_8,Beauty,29.33,0,0,37
2024-10-16,SKU_8,Beauty,96.47,0,0,17
2024-10-17,SKU_8,Beauty,89.66,0,0,27
2024-10-18,SKU_8,Beauty,95.51,1,0,52
2024-10-19,SKU_8,Beauty,21.09,0,0,68
2024-10-20,SKU_8,Beauty,11.59,0,0,62
2024-10-21,SKU_8,Beauty,99.89,0,0,26
2024-10-22,SKU_8,Beauty,68.96,1,0,53
2024-10-23,SKU_8,Beauty,24.2,0,0,47
2024-10-24,SKU_8,Beauty,94.84,0,0,22
2024-10-25,SKU_8,Beauty,64.21,0,0,34
2024-10-26,SKU_8,Beauty,27.69,0,0,56
2024-10-27,SKU_8,Beauty,36.55,0,0,60
2024-10-28,SKU_8,Beauty,89.26,0,0,26
2024-10-29,SKU_8,Beauty,81.35,0,0,29
2024-10-30,SKU_8,Beauty,21.87,0,0,49
2024-10-31,SKU_8,Beauty,67.76,0,0,24
2024-11-01,SKU_8,Beauty,24.28,0,0,64
2024-11-02,SKU_8,Beauty,46.13,0,0,71
2024-11-03,SKU_8,Beauty,55.82,0,0,71
2024-11-04,SKU_8,Beauty,66.64,0,0,64
2024-11-05,SKU_8,Beauty,72.71,0,0,58
2024-11-06,SKU_8,Beauty,58.82,0,0,62
2024-11-07,SKU_8,Beauty,87.05,1,0,69
2024-11-08,SKU_8,Beauty,46.41,0,0,56
2024-11-09,SKU_8,Beauty,66.43,0,0,69
2024-11-10,SKU_8,Beauty,60.98,0,0,70
2024-11-11,SKU_8,Beauty,54.32,0,0,58
2024-11-12,SKU_8,Beauty,49.52,0,0,62
2024-11-13,SKU_8,Beauty,30.79,0,0,73
2024-11-14,SKU_8,Beauty,62.23,0,0,58
2024-11-15,SKU_8,Beauty,57.68,0,0,52
2024-11-16,SKU_8,Beauty,60.74,1,0,99
2024-11-17,SKU_8,Beauty,75.26,0,0,62
2024-11-18,SKU_8,Beauty,53.87,0,0,61
2024-11-19,SKU_8,Beauty,27.78,0,0,65
2024-11-20,SKU_8,Beauty,92.58,0,0,46
2024-11-21,SKU_8,Beauty,59.77,0,0,60
2024-11-22,SKU_8,Beauty,54.22,0,0,54
2024-11-23,SKU_8,Beauty,62.12,0,0,66
2024-11-24,SKU_8,Beauty,82.8,0,0,60
2024-11-25,SKU_8,Beauty,83.23,1,0,75
2024-11-26,SKU_8,Beauty,12.54,0,0,74
2024-11-27,SKU_8,Beauty,68.62,0,0,52
2024-11-28,SKU_8,Beauty,69.58,0,0,59
2024-11-29,SKU_8,Beauty,34.66,0,0,63
2024-11-30,SKU_8,Beauty,95.73,1,0,84
2024-12-01,SKU_8,Beauty,43.86,0,0,71
2024-12-02,SKU_8,Beauty,92.79,0,0,56
2024-12-03,SKU_8,Beauty,28.31,0,0,60
2024-12-04,SKU_8,Beauty,59.12,0,0,60
2024-12-05,SKU_8,Beauty,61.57,0,0,65
2024-12-06,SKU_8,Beauty,66.62,0,0,63
2024-12-07,SKU_8,Beauty,52.17,0,0,71
2024-12-08,SKU_8,Beauty,54.73,0,0,62
2024-12-09,SKU_8,Beauty,94.76,0,0,52
2024-12-10,SKU_8,Beauty,26.44,1,0,95
2024-12-11,SKU_8,Beauty,89.83,0,0,58
2024-12-12,SKU_8,Beauty,70.73,0,0,60
2024-12-13,SKU_8,Beauty,52.9,0,0,58
2024-12-14,SKU_8,Beauty,80.33,0,0,62
2024-12-15,SKU_8,Beauty,81.08,0,0,59
2024-12-16,SKU_8,Beauty,79.79,1,0,72
2024-12-17,SKU_8,Beauty,17.89,0,0,64
2024-12-18,SKU_8,Beauty,94.76,0,0,51
2024-12-19,SKU_8,Beauty,93.15,0,0,56
2024-12-20,SKU_8,Beauty,62.92,0,0,51
2024-12-21,SKU_8,Beauty,74.47,0,0,59
2024-12-22,SKU_8,Beauty,96.04,1,0,74
2024-12-23,SKU_8,Beauty,20.72,0,0,69
2024-12-24,SKU_8,Beauty,13.21,0,0,74
2024-12-25,SKU_8,Beauty,72.42,0,1,98
2024-12-26,SKU_8,Beauty,20.32,1,0,82
2024-12-27,SKU_8,Beauty,86.67,0,0,47
2024-12-28,SKU_8,Beauty,37.93,0,0,79
2024-12-29,SKU_8,Beauty,15.51,0,0,76
2024-12-30,SKU_8,Beauty,44.26,0,0,63
2024-12-31,SKU_8,Beauty,12.64,0,0,74
2025-01-01,SKU_8,Beauty,73.9,0,1,72
2025-01-02,SKU_8,Beauty,19.42,0,0,46
2025-01-03,SKU_8,Beauty,78.14,0,0,36
2025-01-04,SKU_8,Beauty,74.5,0,0,50
2025-01-05,SKU_8,Beauty,61.3,0,0,50
2025-01-06,SKU_8,Beauty,38.82,0,0,41
2025-01-07,SKU_8,Beauty,54.26,0,0,37
2025-01-08,SKU_8,Beauty,17.0,0,0,50
2025-01-09,SKU_8,Beauty,23.4,0,0,46
2025-01-10,SKU_8,Beauty,43.0,0,0,38
2025-01-11,SKU_8,Beauty,77.64,0,0,43
2025-01-12,SKU_8,Beauty,14.05,0,0,64
2025-01-13,SKU_8,Beauty,54.45,0,0,37
2025-01-14,SKU_8,Beauty,25.31,0,0,48
2025-01-15,SKU_8,Beauty,43.08,0,0,40
2025-01-16,SKU_8,Beauty,76.73,0,0,36
2025-01-17,SKU_8,Beauty,27.05,0,0,50
2025-01-18,SKU_8,Beauty,63.54,0,0,47
2025-01-19,SKU_8,Beauty,93.95,0,0,39
2025-01-20,SKU_8,Beauty,97.08,0,0,23
2025-01-21,SKU_8,Beauty,54.52,0,0,39
2025-01-22,SKU_8,Beauty,55.44,0,0,38
2025-01-23,SKU_8,Beauty,37.96,0,0,46
2025-01-24,SKU_8,Beauty,36.6,1,0,70
2025-01-25,SKU_8,Beauty,32.29,0,0,61
2025-01-26,SKU_8,Beauty,98.04,0,0,40
2025-01-27,SKU_8,Beauty,62.07,0,0,40
2025-01-28,SKU_8,Beauty,66.24,0,0,31
2025-01-29,SKU_8,Beauty,63.34,0,0,42
2025-01-30,SKU_8,Beauty,53.46,0,0,41
2025-01-31,SKU_8,Beauty,28.17,0,0,55
2025-02-01,SKU_8,Beauty,42.3,0,0,57
2025-02-02,SKU_8,Beauty,92.01,0,0,39
2025-02-03,SKU_8,Beauty,53.24,0,0,43
2025-02-04,SKU_8,Beauty,22.39,0,0,43
2025-02-05,SKU_8,Beauty,27.38,0,0,54
2025-02-06,SKU_8,Beauty,42.09,0,0,49
2025-02-07,SKU_8,Beauty,98.06,0,0,24
2025-02-08,SKU_8,Beauty,91.07,0,0,49
2025-02-09,SKU_8,Beauty,33.88,0,0,46
2025-02-10,SKU_8,Beauty,54.89,0,0,40
2025-02-11,SKU_8,Beauty,23.48,1,0,80
2025-02-12,SKU_8,Beauty,79.13,0,0,33
2025-02-13,SKU_8,Beauty,82.44,0,0,33
2025-02-14,SKU_8,Beauty,98.96,0,0,29
2025-02-15,SKU_8,Beauty,49.04,1,0,68
2025-02-16,SKU_8,Beauty,54.32,0,0,51
2025-02-17,SKU_8,Beauty,74.0,0,0,40
2025-02-18,SKU_8,Beauty,39.02,0,0,46
2025-02-19,SKU_8,Beauty,77.55,0,0,41
2025-02-20,SKU_8,Beauty,87.24,0,0,31
2025-02-21,SKU_8,Beauty,17.07,0,0,62
2025-02-22,SKU_8,Beauty,98.19,0,0,44
2025-02-23,SKU_8,Beauty,56.56,0,0,53
2025-02-24,SKU_8,Beauty,62.73,0,0,33
2025-02-25,SKU_8,Beauty,75.8,0,0,33
2025-02-26,SKU_8,Beauty,13.77,0,0,46
2025-02-27,SKU_8,Beauty,94.82,0,0,26
2025-02-28,SKU_8,Beauty,54.67,0,0,40
2025-03-01,SKU_8,Beauty,58.59,0,0,45
2025-03-02,SKU_8,Beauty,11.59,0,0,70
2025-03-03,SKU_8,Beauty,91.71,0,0,26
2025-03-04,SKU_8,Beauty,19.49,1,0,74
2025-03-05,SKU_8,Beauty,89.15,0,0,28
2025-03-06,SKU_8,Beauty,76.73,0,0,44
2025-03-07,SKU_8,Beauty,70.86,0,0,38
2025-03-08,SKU_8,Beauty,44.0,1,0,80
2025-03-09,SKU_8,Beauty,22.72,0,0,61
2025-03-10,SKU_8,Beauty,61.1,0,0,36
2025-03-11,SKU_8,Beauty,83.63,0,0,36
2025-03-12,SKU_8,Beauty,81.68,0,0,38
2025-03-13,SKU_8,Beauty,15.35,1,0,79
2025-03-14,SKU_8,Beauty,56.22,0,0,41
2025-03-15,SKU_8,Beauty,60.89,0,0,45
2025-03-16,SKU_8,Beauty,24.8,0,0,60
2025-03-17,SKU_8,Beauty,97.63,0,0,40
2025-03-18,SKU_8,Beauty,22.46,0,0,49
2025-03-19,SKU_8,Beauty,21.66,1,0,76
2025-03-20,SKU_8,Beauty,41.94,0,0,41
2025-03-21,SKU_8,Beauty,83.71,0,0,27
2025-03-22,SKU_8,Beauty,29.31,0,0,57
2025-03-23,SKU_8,Beauty,70.15,0,0,44
2025-03-24,SKU_8,Beauty,11.76,0,0,58
2025-03-25,SKU_8,Beauty,12.15,0,0,50
2025-03-26,SKU_8,Beauty,44.54,0,0,43
2025-03-27,SKU_8,Beauty,45.99,0,0,48
2025-03-28,SKU_8,Beauty,23.23,0,0,46
2025-03-29,SKU_8,Beauty,30.19,0,0,59
2025-03-30,SKU_8,Beauty,89.29,0,0,41
2025-03-31,SKU_8,Beauty,99.51,0,0,22
2025-04-01,SKU_8,Beauty,93.38,0,0,29
2025-04-02,SKU_8,Beauty,77.07,0,0,33
2025-04-03,SKU_8,Beauty,50.21,0,0,43
2025-04-04,SKU_8,Beauty,75.06,1,0,58
2025-04-05,SKU_8,Beauty,87.62,0,0,46
2025-04-06,SKU_8,Beauty,48.69,0,0,56
2025-04-07,SKU_8,Beauty,48.26,1,0,78
2025-04-08,SKU_8,Beauty,52.47,0,0,45
2025-04-09,SKU_8,Beauty,95.5,0,0,23
2025-04-10,SKU_8,Beauty,24.0,0,0,52
2025-04-11,SKU_8,Beauty,29.72,0,0,43
2025-04-12,SKU_8,Beauty,59.1,0,0,46
2025-04-13,SKU_8,Beauty,95.56,0,0,44
2025-04-14,SKU_8,Beauty,55.99,0,0,41
2025-04-15,SKU_8,Beauty,61.94,0,0,36
2025-04-16,SKU_8,Beauty,13.61,0,0,49
2025-04-17,SKU_8,Beauty,55.92,0,0,43
2025-04-18,SKU_8,Beauty,17.36,1,0,83
2025-04-19,SKU_8,Beauty,57.85,0,0,62
2025-04-20,SKU_8,Beauty,31.85,0,0,60
2025-04-21,SKU_8,Beauty,56.33,0,0,38
2025-04-22,SKU_8,Beauty,36.86,0,0,38
2025-04-23,SKU_8,Beauty,47.53,0,0,42
2025-04-24,SKU_8,Beauty,45.55,0,0,52
2025-04-25,SKU_8,Beauty,81.78,0,0,38
2025-04-26,SKU_8,Beauty,33.05,0,0,56
2025-04-27,SKU_8,Beauty,89.88,0,0,39
2025-04-28,SKU_8,Beauty,17.67,0,0,59
2025-04-29,SKU_8,Beauty,59.43,0,0,35
2025-04-30,SKU_8,Beauty,46.76,0,0,47
2025-05-01,SKU_8,Beauty,83.01,0,0,32
2025-05-02,SKU_8,Beauty,93.77,0,0,36
2025-05-03,SKU_8,Beauty,49.26,0,0,51
2025-05-04,SKU_8,Beauty,15.33,0,0,62
2025-05-05,SKU_8,Beauty,68.14,0,0,29
2025-05-06,SKU_8,Beauty,19.04,1,0,78
2025-05-07,SKU_8,Beauty,54.59,0,0,33
2025-05-08,SKU_8,Beauty,64.78,1,0,69
2025-05-09,SKU_8,Beauty,15.3,0,0,60
2025-05-10,SKU_8,Beauty,67.22,0,0,49
2025-05-11,SKU_8,Beauty,93.82,0,0,36
2025-05-12,SKU_8,Beauty,75.99,0,0,35
2025-05-13,SKU_8,Beauty,18.95,0,0,54
2025-05-14,SKU_8,Beauty,60.9,0,0,38
2025-05-15,SKU_8,Beauty,38.08,0,0,53
2025-05-16,SKU_8,Beauty,58.29,1,0,65
2025-05-17,SKU_8,Beauty,33.33,0,0,61
2025-05-18,SKU_8,Beauty,71.89,0,0,38
2025-05-19,SKU_8,Beauty,24.72,0,0,58
2025-05-20,SKU_8,Beauty,86.91,0,0,43
2025-05-21,SKU_8,Beauty,43.48,0,0,51
2025-05-22,SKU_8,Beauty,87.13,0,0,30
2025-05-23,SKU_8,Beauty,49.97,0,0,46
2025-05-24,SKU_8,Beauty,11.14,0,0,70
2025-05-25,SKU_8,Beauty,65.45,0,0,47
2025-05-26,SKU_8,Beauty,32.24,0,0,46
2025-05-27,SKU_8,Beauty,40.32,0,0,47
2025-05-28,SKU_8,Beauty,24.73,0,0,56
2025-05-29,SKU_8,Beauty,42.7,0,0,63
2025-05-30,SKU_8,Beauty,51.83,0,0,42
2025-05-31,SKU_8,Beauty,26.51,0,0,66
2025-06-01,SKU_8,Beauty,92.4,0,0,46
2025-06-02,SKU_8,Beauty,38.51,0,0,47
2025-06-03,SKU_8,Beauty,12.88,0,0,57
2025-06-04,SKU_8,Beauty,77.64,0,0,35
2025-06-05,SKU_8,Beauty,95.52,0,0,33
2025-06-06,SKU_8,Beauty,72.45,0,0,39
2025-06-07,SKU_8,Beauty,44.24,0,0,60
2025-06-08,SKU_8,Beauty,35.67,1,0,83
2025-06-09,SKU_8,Beauty,78.31,0,0,38
2025-06-10,SKU_8,Beauty,78.66,0,0,40
2025-06-11,SKU_8,Beauty,97.61,0,0,38
2025-06-12,SKU_8,Beauty,52.14,0,0,37
2025-06-13,SKU_8,Beauty,99.52,0,0,36
2025-06-14,SKU_8,Beauty,82.94,0,0,48
2025-06-15,SKU_8,Beauty,21.4,0,0,66
2025-06-16,SKU_8,Beauty,69.96,1,0,61
2025-06-17,SKU_8,Beauty,28.3,0,0,48
2025-06-18,SKU_8,Beauty,69.96,0,0,40
2025-06-19,SKU_8,Beauty,48.31,1,0,74
2025-06-20,SKU_8,Beauty,87.37,0,0,32
2025-06-21,SKU_8,Beauty,46.43,0,0,51
2025-06-22,SKU_8,Beauty,82.05,0,0,50
2025-06-23,SKU_8,Beauty,82.49,0,0,30
2025-06-24,SKU_8,Beauty,76.83,0,0,36
2025-06-25,SKU_8,Beauty,51.41,0,0,51
2025-06-26,SKU_8,Beauty,69.2,0,0,41
2025-06-27,SKU_8,Beauty,61.83,0,0,45
2025-06-28,SKU_8,Beauty,85.94,0,0,44
2025-06-29,SKU_8,Beauty,98.77,0,0,36
2025-06-30,SKU_8,Beauty,31.07,1,0,71
2025-07-01,SKU_8,Beauty,73.66,0,0,40
2025-07-02,SKU_8,Beauty,14.24,0,0,56
2025-07-03,SKU_8,Beauty,27.17,0,0,57
2025-07-04,SKU_8,Beauty,41.55,0,0,44
2025-07-05,SKU_8,Beauty,60.1,1,0,80
2025-07-06,SKU_8,Beauty,76.65,0,0,47
2025-07-07,SKU_8,Beauty,55.59,0,0,46
2025-07-08,SKU_8,Beauty,46.03,0,0,49
2025-07-09,SKU_8,Beauty,57.23,0,0,45
2025-07-10,SKU_8,Beauty,12.79,0,0,62
2025-07-11,SKU_8,Beauty,55.19,0,0,53
2025-07-12,SKU_8,Beauty,69.06,0,0,56
2025-07-13,SKU_8,Beauty,36.59,0,0,58
2025-07-14,SKU_8,Beauty,34.12,0,0,52
2025-07-15,SKU_8,Beauty,41.92,0,0,48
2025-07-16,SKU_8,Beauty,36.9,1,0,71
2025-07-17,SKU_8,Beauty,59.3,0,0,40
2025-07-18,SKU_8,Beauty,80.37,0,0,36
2025-07-19,SKU_8,Beauty,22.99,0,0,69
2025-07-20,SKU_8,Beauty,44.86,0,0,49
2025-07-21,SKU_8,Beauty,50.94,0,0,54
2025-07-22,SKU_8,Beauty,70.33,0,0,50
2025-07-23,SKU_8,Beauty,33.01,0,0,60
2025-07-24,SKU_8,Beauty,95.35,0,0,31
2025-07-25,SKU_8,Beauty,37.58,0,0,49
2025-07-26,SKU_8,Beauty,53.74,0,0,56
2025-07-27,SKU_8,Beauty,85.36,0,0,43
2025-07-28,SKU_8,Beauty,19.04,0,0,58
2025-07-29,SKU_8,Beauty,39.1,0,0,40
2025-07-30,SKU_8,Beauty,77.26,0,0,35
2025-07-31,SKU_8,Beauty,56.6,0,0,45
2025-08-01,SKU_8,Beauty,15.94,0,0,67
2025-08-02,SKU_8,Beauty,77.48,0,0,42
2025-08-03,SKU_8,Beauty,86.14,0,0,43
2025-08-04,SKU_8,Beauty,73.97,0,0,35
2025-08-05,SKU_8,Beauty,65.83,0,0,45
2025-08-06,SKU_8,Beauty,46.41,0,0,48
2025-08-07,SKU_8,Beauty,57.23,0,0,38
2025-08-08,SKU_8,Beauty,12.67,0,0,50
2025-08-09,SKU_8,Beauty,24.73,0,0,69
2025-08-10,SKU_8,Beauty,87.46,0,0,44
2025-08-11,SKU_8,Beauty,35.11,0,0,54
2025-08-12,SKU_8,Beauty,20.85,0,0,54
2025-08-13,SKU_8,Beauty,76.5,0,0,46
2025-08-14,SKU_8,Beauty,91.32,0,0,36
2025-08-15,SKU_8,Beauty,10.0,0,0,60
2025-08-16,SKU_8,Beauty,86.75,0,0,42
2025-08-17,SKU_8,Beauty,59.92,0,0,60
2025-08-18,SKU_8,Beauty,77.1,0,0,48
2025-08-19,SKU_8,Beauty,58.22,0,0,42
2025-08-20,SKU_8,Beauty,79.26,0,0,41
2025-08-21,SKU_8,Beauty,85.19,0,0,35
2025-08-22,SKU_8,Beauty,15.05,0,0,60
2025-08-23,SKU_8,Beauty,28.19,1,0,88
2025-08-24,SKU_8,Beauty,41.77,0,0,65
2025-08-25,SKU_8,Beauty,80.19,0,0,34
2025-08-26,SKU_8,Beauty,62.05,0,0,41
2025-08-27,SKU_8,Beauty,77.56,0,0,41
2025-08-28,SKU_8,Beauty,10.25,0,0,60
2025-08-29,SKU_8,Beauty,75.32,0,0,43
2025-08-30,SKU_8,Beauty,95.83,0,0,44
2025-08-31,SKU_8,Beauty,52.22,0,0,54
2025-09-01,SKU_8,Beauty,93.42,0,0,30
2025-09-02,SKU_8,Beauty,92.04,0,0,40
2025-09-03,SKU_8,Beauty,71.35,0,0,36
2025-09-04,SKU_8,Beauty,95.7,0,0,33
2025-09-05,SKU_8,Beauty,19.34,0,0,57
2025-09-06,SKU_8,Beauty,21.41,0,0,72
2025-09-07,SKU_8,Beauty,63.15,1,0,73
2025-09-08,SKU_8,Beauty,26.68,1,0,75
2025-09-09,SKU_8,Beauty,13.85,0,0,55
2025-09-10,SKU_8,Beauty,81.1,0,0,33
2025-09-11,SKU_8,Beauty,92.51,1,0,65
2025-09-12,SKU_8,Beauty,84.05,0,0,36
2025-09-13,SKU_8,Beauty,40.05,0,0,67
2025-09-14,SKU_8,Beauty,31.18,0,0,62
2025-09-15,SKU_8,Beauty,45.03,0,0,45
2025-09-16,SKU_8,Beauty,21.41,0,0,57
2025-09-17,SKU_8,Beauty,27.18,0,0,50
2025-09-18,SKU_8,Beauty,14.95,0,0,53
2025-09-19,SKU_8,Beauty,26.98,0,0,56
2025-09-20,SKU_8,Beauty,43.33,0,0,64
2025-09-21,SKU_8,Beauty,13.42,0,0,82
2025-09-22,SKU_8,Beauty,89.39,0,0,34
2025-09-23,SKU_8,Beauty,48.12,0,0,46
2025-09-24,SKU_8,Beauty,22.69,1,0,77
2025-09-25,SKU_8,Beauty,55.43,1,0,65
2025-09-26,SKU_8,Beauty,51.39,0,0,46
2025-09-27,SKU_8,Beauty,33.81,0,0,63
2025-09-28,SKU_8,Beauty,73.71,0,0,47
2025-09-29,SKU_8,Beauty,39.89,0,0,45
2025-09-30,SKU_8,Beauty,11.45,0,0,64
2025-10-01,SKU_8,Beauty,32.05,0,0,51
2025-10-02,SKU_8,Beauty,78.59,0,0,34
2025-10-03,SKU_8,Beauty,91.06,0,0,40
2025-10-04,SKU_8,Beauty,63.61,0,0,60
2025-10-05,SKU_8,Beauty,13.0,0,0,64
2025-10-06,SKU_8,Beauty,58.44,1,0,75
2025-10-07,SKU_8,Beauty,46.31,0,0,52
2025-10-08,SKU_8,Beauty,12.1,0,0,51
2025-10-09,SKU_8,Beauty,59.66,0,0,39
2025-10-10,SKU_8,Beauty,54.01,0,0,45
2025-10-11,SKU_8,Beauty,24.55,0,0,74
2025-10-12,SKU_8,Beauty,29.83,0,0,70
2025-10-13,SKU_8,Beauty,91.49,0,0,30
2025-10-14,SKU_8,Beauty,25.92,0,0,52
2025-10-15,SKU_8,Beauty,19.06,0,0,54
2025-10-16,SKU_8,Beauty,88.45,0,0,29
2025-10-17,SKU_8,Beauty,62.93,0,0,52
2025-10-18,SKU_8,Beauty,78.52,0,0,44
2025-10-19,SKU_8,Beauty,70.47,0,0,60
2025-10-20,SKU_8,Beauty,20.04,0,0,57
2025-10-21,SKU_8,Beauty,95.37,0,0,38
2025-10-22,SKU_8,Beauty,48.77,0,0,46
2025-10-23,SKU_8,Beauty,24.3,0,0,61
