data/retail_demand_data.csv
date,sku_id,category,price,promotion,holiday,demand
2025-10-24,SKU_8,Beauty,60.93,0,0,51
2025-10-25,SKU_8,Beauty,49.24,0,0,57
2025-10-26,SKU_8,Beauty,61.71,1,0,77
2025-10-27,SKU_8,Beauty,61.65,0,0,47
2025-10-28,SKU_8,Beauty,22.46,0,0,50
2025-10-29,SKU_8,Beauty,59.99,0,0,46
2025-10-30,SKU_8,Beauty,36.68,0,0,52
2025-10-31,SKU_8,Beauty,90.95,0,0,39
2025-11-01,SKU_8,Beauty,92.14,1,0,93
2025-11-02,SKU_8,Beauty,51.07,0,0,78
2025-11-03,SKU_8,Beauty,27.92,1,0,100
2025-11-04,SKU_8,Beauty,67.99,0,0,61
2025-11-05,SKU_8,Beauty,26.94,0,0,73
2025-11-06,SKU_8,Beauty,53.61,0,0,62
2025-11-07,SKU_8,Beauty,14.45,0,0,80
2025-11-08,SKU_8,Beauty,40.89,0,0,84
2025-11-09,SKU_8,Beauty,38.31,0,0,86
2025-11-10,SKU_8,Beauty,46.61,0,0,69
2025-11-11,SKU_8,Beauty,34.38,0,0,74
2025-11-12,SKU_8,Beauty,33.09,0,0,74
2025-11-13,SKU_8,Beauty,35.29,0,0,78
2025-11-14,SKU_8,Beauty,41.51,0,0,66
2025-11-15,SKU_8,Beauty,69.4,0,0,69
2025-11-16,SKU_8,Beauty,96.89,0,0,65
2025-11-17,SKU_8,Beauty,12.04,0,0,75
2025-11-18,SKU_8,Beauty,82.93,1,0,88
2025-11-19,SKU_8,Beauty,68.25,0,0,66
2025-11-20,SKU_8,Beauty,45.17,0,0,78
2025-11-21,SKU_8,Beauty,87.28,0,0,59
2025-11-22,SKU_8,Beauty,87.81,0,0,62
2025-11-23,SKU_8,Beauty,89.73,0,0,61
2025-11-24,SKU_8,Beauty,66.7,0,0,57
2025-11-25,SKU_8,Beauty,15.77,1,0,109
2025-11-26,SKU_8,Beauty,53.16,0,0,65
2025-11-27,SKU_8,Beauty,92.47,0,0,54
2025-11-28,SKU_8,Beauty,27.46,0,0,92
2025-11-29,SKU_8,Beauty,69.67,0,0,82
2025-11-30,SKU_8,Beauty,50.52,1,0,108
2025-12-01,SKU_8,Beauty,14.48,0,0,86
2025-12-02,SKU_8,Beauty,42.69,0,0,75
2025-12-03,SKU_8,Beauty,98.34,0,0,52
2025-12-04,SKU_8,Beauty,97.57,1,0,76
2025-12-05,SKU_8,Beauty,98.26,0,0,60
2025-12-06,SKU_8,Beauty,61.03,0,0,72
2025-12-07,SKU_8,Beauty,15.43,0,0,94
2025-12-08,SKU_8,Beauty,69.11,0,0,61
2025-12-09,SKU_8,Beauty,69.04,1,0,89
2025-12-10,SKU_8,Beauty,34.55,0,0,68
2025-12-11,SKU_8,Beauty,71.43,0,0,70
2025-12-12,SKU_8,Beauty,91.83,0,0,45
2025-12-13,SKU_8,Beauty,49.44,1,0,103
2025-12-14,SKU_8,Beauty,68.96,0,0,62
2025-12-15,SKU_8,Beauty,57.63,1,0,88
2025-12-16,SKU_8,Beauty,86.16,0,0,56
2025-12-17,SKU_8,Beauty,90.74,0,0,55
2025-12-18,SKU_8,Beauty,37.7,0,0,68
2025-12-19,SKU_8,Beauty,95.87,0,0,51
2025-12-20,SKU_8,Beauty,46.69,0,0,79
2025-12-21,SKU_8,Beauty,55.29,1,0,111
2025-12-22,SKU_8,Beauty,97.44,0,0,48
2025-12-23,SKU_8,Beauty,99.57,0,0,53
2025-12-24,SKU_8,Beauty,46.78,0,0,72
2025-12-25,SKU_8,Beauty,76.9,0,1,108
2025-12-26,SKU_8,Beauty,55.02,0,0,71
2025-12-27,SKU_8,Beauty,85.52,0,0,72
2025-12-28,SKU_8,Beauty,90.72,0,0,66
2025-12-29,SKU_8,Beauty,36.79,0,0,69
2025-12-30,SKU_8,Beauty,92.12,0,0,61
2025-12-31,SKU_8,Beauty,57.03,0,0,67
2024-01-01,SKU_9,Electronics,97.37,0,1,93
2024-01-02,SKU_9,Electronics,21.33,0,0,76
2024-01-03,SKU_9,Electronics,36.05,0,0,66
2024-01-04,SKU_9,Electronics,19.92,0,0,75
2024-01-05,SKU_9,Electronics,96.27,0,0,44
2024-01-06,SKU_9,Electronics,21.62,0,0,75
2024-01-07,SKU_9,Electronics,67.81,0,0,78
2024-01-08,SKU_9,Electronics,82.19,0,0,44
2024-01-09,SKU_9,Electronics,11.94,0,0,70
2024-01-10,SKU_9,Electronics,76.35,0,0,53
2024-01-11,SKU_9,Electronics,31.28,1,0,86
2024-01-12,SKU_9,Electronics,57.0,0,0,59
2024-01-13,SKU_9,Electronics,74.34,0,0,71
2024-01-14,SKU_9,Electronics,91.3,0,0,61
2024-01-15,SKU_9,Electronics,92.74,1,0,78
2024-01-16,SKU_9,Electronics,27.11,0,0,72
2024-01-17,SKU_9,Electronics,74.15,0,0,55
2024-01-18,SKU_9,Electronics,71.53,0,0,58
2024-01-19,SKU_9,Electronics,25.95,1,0,97
2024-01-20,SKU_9,Electronics,12.0,0,0,74
2024-01-21,SKU_9,Electronics,87.88,0,0,61
2024-01-22,SKU_9,Electronics,95.79,0,0,46
2024-01-23,SKU_9,Electronics,47.98,1,0,92
2024-01-24,SKU_9,Electronics,55.66,0,0,67
2024-01-25,SKU_9,Electronics,88.44,0,0,58
2024-01-26,SKU_9,Electronics,28.55,0,0,62
2024-01-27,SKU_9,Electronics,77.78,1,0,89
2024-01-28,SKU_9,Electronics,25.75,0,0,74
2024-01-29,SKU_9,Electronics,42.56,0,0,62
2024-01-30,SKU_9,Electronics,75.38,0,0,50
2024-01-31,SKU_9,Electronics,57.3,0,0,62
2024-02-01,SKU_9,Electronics,58.34,0,0,63
2024-02-02,SKU_9,Electronics,99.52,0,0,54
2024-02-03,SKU_9,Electronics,38.77,0,0,78
2024-02-04,SKU_9,Electronics,23.22,0,0,86
2024-02-05,SKU_9,Electronics,23.58,0,0,69
2024-02-06,SKU_9,Electronics,46.28,0,0,68
2024-02-07,SKU_9,Electronics,54.51,0,0,68
2024-02-08,SKU_9,Electronics,13.95,1,0,96
2024-02-09,SKU_9,Electronics,92.92,0,0,43
2024-02-10,SKU_9,Electronics,14.06,0,0,76
2024-02-11,SKU_9,Electronics,63.93,1,0,85
2024-02-12,SKU_9,Electronics,74.19,0,0,59
2024-02-13,SKU_9,Electronics,88.66,0,0,58
2024-02-14,SKU_9,Electronics,76.77,0,0,55
2024-02-15,SKU_9,Electronics,39.63,0,0,60
2024-02-16,SKU_9,Electronics,78.62,0,0,59
2024-02-17,SKU_9,Electronics,38.17,0,0,72
2024-02-18,SKU_9,Electronics,90.63,0,0,67
2024-02-19,SKU_9,Electronics,29.8,0,0,71
2024-02-20,SKU_9,Electronics,44.34,0,0,65
2024-02-21,SKU_9,Electronics,45.6,1,0,90
2024-02-22,SKU_9,Electronics,30.19,0,0,65
2024-02-23,SKU_9,Electronics,17.93,0,0,73
2024-02-24,SKU_9,Electronics,63.2,0,0,71
2024-02-25,SKU_9,Electronics,55.89,1,0,100
2024-02-26,SKU_9,Electronics,61.87,0,0,66
2024-02-27,SKU_9,Electronics,82.12,0,0,53
2024-02-28,SKU_9,Electronics,27.19,0,0,65
2024-02-29,SKU_9,Electronics,70.97,0,0,60
2024-03-01,SKU_9,Electronics,12.75,1,0,106
2024-03-02,SKU_9,Electronics,76.33,0,0,64
2024-03-03,SKU_9,Electronics,39.06,0,0,79
2024-03-04,SKU_9,Electronics,40.57,0,0,70
2024-03-05,SKU_9,Electronics,96.23,0,0,49
2024-03-06,SKU_9,Electronics,39.78,0,0,66
2024-03-07,SKU_9,Electronics,73.69,0,0,64
2024-03-08,SKU_9,Electronics,35.8,0,0,69
2024-03-09,SKU_9,Electronics,63.02,0,0,75
2024-03-10,SKU_9,Electronics,50.05,0,0,74
2024-03-11,SKU_9,Electronics,47.42,0,0,69
2024-03-12,SKU_9,Electronics,21.39,0,0,72
2024-03-13,SKU_9,Electronics,99.63,0,0,56
2024-03-14,SKU_9,Electronics,41.53,0,0,68
2024-03-15,SKU_9,Electronics,75.17,0,0,70
2024-03-16,SKU_9,Electronics,79.98,0,0,65
2024-03-17,SKU_9,Electronics,23.21,0,0,82
2024-03-18,SKU_9,Electronics,61.15,0,0,51
2024-03-19,SKU_9,Electronics,55.88,0,0,65
2024-03-20,SKU_9,Electronics,35.58,0,0,57
2024-03-21,SKU_9,Electronics,26.63,1,0,98
2024-03-22,SKU_9,Electronics,88.88,0,0,53
2024-03-23,SKU_9,Electronics,54.44,0,0,71
2024-03-24,SKU_9,Electronics,43.21,0,0,76
2024-03-25,SKU_9,Electronics,94.45,0,0,49
2024-03-26,SKU_9,Electronics,50.97,0,0,61
2024-03-27,SKU_9,Electronics,49.91,0,0,64
2024-03-28,SKU_9,Electronics,24.66,0,0,77
2024-03-29,SKU_9,Electronics,31.17,0,0,73
2024-03-30,SKU_9,Electronics,27.29,0,0,80
2024-03-31,SKU_9,Electronics,44.56,0,0,71
2024-04-01,SKU_9,Electronics,60.83,0,0,71
2024-04-02,SKU_9,Electronics,17.1,0,0,73
2024-04-03,SKU_9,Electronics,74.47,0,0,54
2024-04-04,SKU_9,Electronics,86.73,0,0,56
2024-04-05,SKU_9,Electronics,46.08,0,0,64
2024-04-06,SKU_9,Electronics,18.83,0,0,77
2024-04-07,SKU_9,Electronics,23.7,0,0,76
2024-04-08,SKU_9,Electronics,36.32,0,0,66
2024-04-09,SKU_9,Electronics,68.11,0,0,63
2024-04-10,SKU_9,Electronics,30.91,1,0,95
2024-04-11,SKU_9,Electronics,93.91,0,0,45
2024-04-12,SKU_9,Electronics,83.32,1,0,75
2024-04-13,SKU_9,Electronics,90.17,0,0,54
2024-04-14,SKU_9,Electronics,47.7,1,0,95
2024-04-15,SKU_9,Electronics,66.83,0,0,62
2024-04-16,SKU_9,Electronics,42.18,0,0,69
2024-04-17,SKU_9,Electronics,99.94,0,0,58
2024-04-18,SKU_9,Electronics,71.3,0,0,63
2024-04-19,SKU_9,Electronics,29.82,0,0,73
2024-04-20,SKU_9,Electronics,90.56,0,0,58
2024-04-21,SKU_9,Electronics,76.42,0,0,75
2024-04-22,SKU_9,Electronics,64.64,0,0,62
2024-04-23,SKU_9,Electronics,81.14,0,0,54
2024-04-24,SKU_9,Electronics,40.96,0,0,53
2024-04-25,SKU_9,Electronics,35.37,0,0,79
2024-04-26,SKU_9,Electronics,93.35,0,0,47
2024-04-27,SKU_9,Electronics,99.89,0,0,61
2024-04-28,SKU_9,Electronics,64.94,0,0,75
2024-04-29,SKU_9,Electronics,63.73,0,0,60
2024-04-30,SKU_9,Electronics,89.18,0,0,57
2024-05-01,SKU_9,Electronics,72.48,0,0,58
2024-05-02,SKU_9,Electronics,77.06,0,0,51
2024-05-03,SKU_9,Electronics,23.22,0,0,66
2024-05-04,SKU_9,Electronics,39.54,0,0,77
2024-05-05,SKU_9,Electronics,17.45,0,0,89
2024-05-06,SKU_9,Electronics,53.37,0,0,71
2024-05-07,SKU_9,Electronics,60.61,0,0,61
2024-05-08,SKU_9,Electronics,41.33,0,0,71
2024-05-09,SKU_9,Electronics,77.6,0,0,52
2024-05-10,SKU_9,Electronics,17.78,0,0,78
2024-05-11,SKU_9,Electronics,61.48,1,0,99
2024-05-12,SKU_9,Electronics,77.68,0,0,65
2024-05-13,SKU_9,Electronics,38.79,0,0,67
2024-05-14,SKU_9,Electronics,99.81,0,0,58
2024-05-15,SKU_9,Electronics,28.4,0,0,69
2024-05-16,SKU_9,Electronics,59.14,0,0,66
2024-05-17,SKU_9,Electronics,72.05,0,0,57
2024-05-18,SKU_9,Electronics,14.77,0,0,93
2024-05-19,SKU_9,Electronics,64.53,0,0,67
2024-05-20,SKU_9,Electronics,81.73,0,0,59
2024-05-21,SKU_9,Electronics,35.61,0,0,73
2024-05-22,SKU_9,Electronics,26.75,0,0,68
2024-05-23,SKU_9,Electronics,71.76,0,0,56
2024-05-24,SKU_9,Electronics,47.4,0,0,53
2024-05-25,SKU_9,Electronics,27.35,0,0,83
2024-05-26,SKU_9,Electronics,46.5,0,0,73
2024-05-27,SKU_9,Electronics,57.77,0,0,59
2024-05-28,SKU_9,Electronics,72.05,0,0,60
2024-05-29,SKU_9,Electronics,36.74,0,0,75
2024-05-30,SKU_9,Electronics,72.21,0,0,60
2024-05-31,SKU_9,Electronics,50.39,0,0,57
2024-06-01,SKU_9,Electronics,88.25,0,0,66
2024-06-02,SKU_9,Electronics,10.3,0,0,87
2024-06-03,SKU_9,Electronics,64.1,0,0,59
2024-06-04,SKU_9,Electronics,25.34,0,0,84
2024-06-05,SKU_9,Electronics,88.11,0,0,60
2024-06-06,SKU_9,Electronics,28.26,0,0,78
2024-06-07,SKU_9,Electronics,72.63,0,0,57
2024-06-08,SKU_9,Electronics,86.03,1,0,90
2024-06-09,SKU_9,Electronics,65.48,0,0,56
2024-06-10,SKU_9,Electronics,85.2,0,0,56
2024-06-11,SKU_9,Electronics,15.73,0,0,84
2024-06-12,SKU_9,Electronics,68.18,0,0,57
2024-06-13,SKU_9,Electronics,32.97,0,0,79
2024-06-14,SKU_9,Electronics,40.3,0,0,73
2024-06-15,SKU_9,Electronics,98.01,0,0,52
2024-06-16,SKU_9,Electronics,16.86,0,0,79
2024-06-17,SKU_9,Electronics,39.58,0,0,69
2024-06-18,SKU_9,Electronics,46.16,0,0,62
2024-06-19,SKU_9,Electronics,12.19,0,0,78
2024-06-20,SKU_9,Electronics,54.42,0,0,57
2024-06-21,SKU_9,Electronics,34.21,0,0,67
2024-06-22,SKU_9,Electronics,79.09,0,0,69
2024-06-23,SKU_9,Electronics,54.87,0,0,73
2024-06-24,SKU_9,Electronics,45.36,0,0,51
2024-06-25,SKU_9,Electronics,57.57,0,0,69
2024-06-26,SKU_9,Electronics,47.22,0,0,72
2024-06-27,SKU_9,Electronics,58.29,0,0,69
2024-06-28,SKU_9,Electronics,90.88,0,0,53
2024-06-29,SKU_9,Electronics,97.39,0,0,64
2024-06-30,SKU_9,Electronics,14.72,0,0,87
2024-07-01,SKU_9,Electronics,98.51,0,0,45
2024-07-02,SKU_9,Electronics,68.39,0,0,59
2024-07-03,SKU_9,Electronics,74.33,0,0,54
2024-07-04,SKU_9,Electronics,45.51,0,0,62
2024-07-05,SKU_9,Electronics,78.58,0,0,62
2024-07-06,SKU_9,Electronics,12.2,1,0,111
2024-07-07,SKU_9,Electronics,73.9,1,0,82
2024-07-08,SKU_9,Electronics,39.22,0,0,72
2024-07-09,SKU_9,Electronics,18.37,0,0,69
2024-07-10,SKU_9,Electronics,59.74,0,0,67
2024-07-11,SKU_9,Electronics,48.39,0,0,62
2024-07-12,SKU_9,Electronics,54.75,0,0,66
2024-07-13,SKU_9,Electronics,64.62,0,0,75
2024-07-14,SKU_9,Electronics,87.61,0,0,69
2024-07-15,SKU_9,Electronics,95.19,0,0,53
2024-07-16,SKU_9,Electronics,32.29,0,0,68
2024-07-17,SKU_9,Electronics,66.42,0,0,62
2024-07-18,SKU_9,Electronics,27.64,0,0,72
2024-07-19,SKU_9,Electronics,90.74,1,0,81
2024-07-20,SKU_9,Electronics,79.79,0,0,59
2024-07-21,SKU_9,Electronics,42.29,1,0,104
2024-07-22,SKU_9,Electronics,94.46,0,0,60
2024-07-23,SKU_9,Electronics,52.07,0,0,60
2024-07-24,SKU_9,Electronics,93.88,0,0,58
2024-07-25,SKU_9,Electronics,84.4,0,0,58
2024-07-26,SKU_9,Electronics,38.68,1,0,87
2024-07-27,SKU_9,Electronics,55.98,0,0,70
2024-07-28,SKU_9,Electronics,99.17,0,0,60
2024-07-29,SKU_9,Electronics,79.72,0,0,60
2024-07-30,SKU_9,Electronics,24.19,0,0,79
2024-07-31,SKU_9,Electronics,10.89,0,0,74
2024-08-01,SKU_9,Electronics,15.81,0,0,69
2024-08-02,SKU_9,Electronics,34.6,0,0,77
2024-08-03,SKU_9,Electronics,28.82,1,0,113
2024-08-04,SKU_9,Electronics,79.61,1,0,89
2024-08-05,SKU_9,Electronics,68.85,0,0,68
2024-08-06,SKU_9,Electronics,73.45,0,0,59
2024-08-07,SKU_9,Electronics,33.46,0,0,69
2024-08-08,SKU_9,Electronics,22.5,0,0,75
2024-08-09,SKU_9,Electronics,95.18,0,0,42
2024-08-10,SKU_9,Electronics,75.78,0,0,71
2024-08-11,SKU_9,Electronics,98.42,0,0,57
2024-08-12,SKU_9,Electronics,61.82,0,0,63
2024-08-13,SKU_9,Electronics,72.12,0,0,62
2024-08-14,SKU_9,Electronics,20.39,0,0,72
2024-08-15,SKU_9,Electronics,92.57,0,0,59
2024-08-16,SKU_9,Electronics,29.54,0,0,64
2024-08-17,SKU_9,Electronics,88.32,0,0,62
2024-08-18,SKU_9,Electronics,57.76,0,0,77
2024-08-19,SKU_9,Electronics,17.71,0,0,74
2024-08-20,SKU_9,Electronics,40.44,0,0,72
2024-08-21,SKU_9,Electronics,40.51,1,0,94
2024-08-22,SKU_9,Electronics,62.17,0,0,63
2024-08-23,SKU_9,Electronics,95.75,0,0,54
2024-08-24,SKU_9,Electronics,91.79,0,0,61
2024-08-25,SKU_9,Electronics,81.77,0,0,72
2024-08-26,SKU_9,Electronics,74.43,0,0,58
2024-08-27,SKU_9,Electronics,18.28,0,0,83
2024-08-28,SKU_9,Electronics,98.03,0,0,52
2024-08-29,SKU_9,Electronics,35.16,0,0,78
2024-08-30,SKU_9,Electronics,53.39,0,0,75
2024-08-31,SKU_9,Electronics,64.35,1,0,85
2024-09-01,SKU_9,Electronics,21.52,0,0,85
2024-09-02,SKU_9,Electronics,56.99,0,0,71
2024-09-03,SKU_9,Electronics,72.05,0,0,62
2024-09-04,SKU_9,Electronics,66.15,0,0,61
2024-09-05,SKU_9,Electronics,38.97,0,0,72
2024-09-06,SKU_9,Electronics,78.7,0,0,66
2024-09-07,SKU_9,Electronics,11.81,0,0,88
2024-09-08,SKU_9,Electronics,90.1,0,0,65
2024-09-09,SKU_9,Electronics,86.47,0,0,51
2024-09-10,SKU_9,Electronics,48.32,0,0,62
2024-09-11,SKU_9,Electronics,31.3,0,0,74
2024-09-12,SKU_9,Electronics,18.06,0,0,81
2024-09-13,SKU_9,Electronics,91.09,0,0,53
2024-09-14,SKU_9,Electronics,75.7,0,0,61
2024-09-15,SKU_9,Electronics,41.2,0,0,79
2024-09-16,SKU_9,Electronics,96.51,0,0,65
2024-09-17,SKU_9,Electronics,73.86,0,0,59
2024-09-18,SKU_9,Electronics,22.23,0,0,69
2024-09-19,SKU_9,Electronics,40.78,0,0,72
2024-09-20,SKU_9,Electronics,63.92,1,0,91
2024-09-21,SKU_9,Electronics,39.49,0,0,76
2024-09-22,SKU_9,Electronics,57.77,0,0,70
2024-09-23,SKU_9,Electronics,23.42,0,0,77
2024-09-24,SKU_9,Electronics,75.18,0,0,59
2024-09-25,SKU_9,Electronics,16.6,0,0,80
2024-09-26,SKU_9,Electronics,90.52,0,0,63
2024-09-27,SKU_9,Electronics,28.16,0,0,79
2024-09-28,SKU_9,Electronics,15.58,0,0,94
2024-09-29,SKU_9,Electronics,38.23,0,0,82
2024-09-30,SKU_9,Electronics,13.92,1,0,97
2024-10-01,SKU_9,Electronics,61.52,0,0,73
2024-10-02,SKU_9,Electronics,30.63,1,0,97
2024-10-03,SKU_9,Electronics,92.16,0,0,52
2024-10-04,SKU_9,Electronics,77.11,0,0,70
2024-10-05,SKU_9,Electronics,92.79,0,0,57
2024-10-06,SKU_9,Electronics,47.42,0,0,76
2024-10-07,SKU_9,Electronics,47.8,0,0,69
2024-10-08,SKU_9,Electronics,81.94,0,0,53
2024-10-09,SKU_9,Electronics,24.87,0,0,83
2024-10-10,SKU_9,Electronics,72.69,0,0,60
2024-10-11,SKU_9,Electronics,31.71,0,0,67
2024-10-12,SKU_9,Electronics,55.26,0,0,78
2024-10-13,SKU_9,Electronics,73.62,0,0,76
2024-10-14,SKU_9,Electronics,66.85,0,0,68
2024-10-15,SKU_9,Electronics,47.94,0,0,72
2024-10-16,SKU_9,Electronics,91.52,0,0,57
2024-10-17,SKU_9,Electronics,37.76,0,0,77
2024-10-18,SKU_9,Electronics,89.41,0,0,50
2024-10-19,SKU_9,Electronics,68.69,0,0,77
2024-10-20,SKU_9,Electronics,54.94,0,0,77
2024-10-21,SKU_9,Electronics,61.02,0,0,57
2024-10-22,SKU_9,Electronics,17.03,0,0,83
2024-10-23,SKU_9,Electronics,72.62,0,0,73
2024-10-24,SKU_9,Electronics,72.58,0,0,68
2024-10-25,SKU_9,Electronics,35.62,0,0,67
2024-10-26,SKU_9,Electronics,84.87,0,0,74
2024-10-27,SKU_9,Electronics,15.68,0,0,89
2024-10-28,SKU_9,Electronics,79.69,0,0,59
2024-10-29,SKU_9,Electronics,82.42,0,0,59
2024-10-30,SKU_9,Electronics,68.68,0,0,57
2024-10-31,SKU_9,Electronics,93.23,0,0,56
2024-11-01,SKU_9,Electronics,17.01,0,0,91
2024-11-02,SKU_9,Electronics,31.0,0,0,98
2024-11-03,SKU_9,Electronics,51.29,0,0,103
2024-11-04,SKU_9,Electronics,32.37,0,0,99
2024-11-05,SKU_9,Electronics,70.73,1,0,100
2024-11-06,SKU_9,Electronics,43.01,0,0,90
2024-11-07,SKU_9,Electronics,51.07,0,0,80
2024-11-08,SKU_9,Electronics,98.99,0,0,73
2024-11-09,SKU_9,Electronics,88.36,0,0,83
2024-11-10,SKU_9,Electronics,38.42,0,0,106
2024-11-11,SKU_9,Electronics,54.74,1,0,114
2024-11-12,SKU_9,Electronics,27.44,0,0,100
2024-11-13,SKU_9,Electronics,14.62,0,0,95
2024-11-14,SKU_9,Electronics,67.79,0,0,78
2024-11-15,SKU_9,Electronics,58.03,0,0,94
2024-11-16,SKU_9,Electronics,81.74,0,0,89
2024-11-17,SKU_9,Electronics,88.09,0,0,76
2024-11-18,SKU_9,Electronics,80.47,0,0,85
2024-11-19,SKU_9,Electronics,29.86,0,0,104
2024-11-20,SKU_9,Electronics,31.66,0,0,100
2024-11-21,SKU_9,Electronics,77.92,0,0,79
2024-11-22,SKU_9,Electronics,80.64,0,0,82
2024-11-23,SKU_9,Electronics,68.64,0,0,99
2024-11-24,SKU_9,Electronics,30.53,0,0,106
2024-11-25,SKU_9,Electronics,76.42,1,0,103
2024-11-26,SKU_9,Electronics,84.45,0,0,76
2024-11-27,SKU_9,Electronics,20.63,0,0,103
2024-11-28,SKU_9,Electronics,85.29,0,0,74
2024-11-29,SKU_9,Electronics,94.4,0,0,71
2024-11-30,SKU_9,Electronics,64.5,0,0,96
2024-12-01,SKU_9,Electronics,82.72,0,0,82
2024-12-02,SKU_9,Electronics,85.03,0,0,85
2024-12-03,SKU_9,Electronics,49.61,0,0,88
2024-12-04,SKU_9,Electronics,16.33,0,0,100
2024-12-05,SKU_9,Electronics,85.55,0,0,82
2024-12-06,SKU_9,Electronics,57.0,0,0,89
2024-12-07,SKU_9,Electronics,51.78,0,0,95
2024-12-08,SKU_9,Electronics,46.43,0,0,103
2024-12-09,SKU_9,Electronics,80.82,1,0,112
2024-12-10,SKU_9,Electronics,33.79,0,0,100
2024-12-11,SKU_9,Electronics,30.72,0,0,94
2024-12-12,SKU_9,Electronics,67.59,1,0,106
2024-12-13,SKU_9,Electronics,90.44,0,0,75
2024-12-14,SKU_9,Electronics,47.85,0,0,103
2024-12-15,SKU_9,Electronics,56.66,0,0,101
2024-12-16,SKU_9,Electronics,39.34,1,0,121
2024-12-17,SKU_9,Electronics,86.91,0,0,75
2024-12-18,SKU_9,Electronics,85.93,0,0,84
2024-12-19,SKU_9,Electronics,64.86,0,0,79
2024-12-20,SKU_9,Electronics,43.19,0,0,93
2024-12-21,SKU_9,Electronics,39.12,0,0,96
2024-12-22,SKU_9,Electronics,35.1,0,0,104
2024-12-23,SKU_9,Electronics,80.35,0,0,84
2024-12-24,SKU_9,Electronics,21.57,0,0,99
2024-12-25,SKU_9,Electronics,44.4,0,1,133
2024-12-26,SKU_9,Electronics,31.96,0,0,93
2024-12-27,SKU_9,Electronics,63.6,0,0,84
2024-12-28,SKU_9,Electronics,29.66,0,0,113
2024-12-29,SKU_9,Electronics,82.12,0,0,94
2024-12-30,SKU_9,Electronics,78.23,0,0,82
2024-12-31,SKU_9,Electronics,98.31,1,0,98
